 
****************************************
Report : timing
        -path full
        -delay min
        -nets
        -max_paths 10
        -transition_time
        -capacitance
Design : picorv32
Version: T-2022.03-SP5
Date   : Wed Apr  1 14:10:08 2026
****************************************

 # A fanout number of 1000 was used for high fanout net computations.

Operating Conditions: ff0p95v125c   Library: saed32hvt_ff0p95v125c
Wire Load Model Mode: enclosed

  Startpoint: is_lbu_lhu_lw_reg
              (rising edge-triggered flip-flop clocked by clk)
  Endpoint: latched_is_lu_reg
            (rising edge-triggered flip-flop clocked by clk)
  Path Group: clk
  Path Type: min

  Des/Clust/Port     Wire Load Model       Library
  ------------------------------------------------
  picorv32           35000                 saed32hvt_ff0p95v125c

  Point                                       Fanout       Cap     Trans      Incr       Path
  ----------------------------------------------------------------------------------------------
  clock clk (rise edge)                                                      0.000      0.000
  clock network delay (ideal)                                                0.000      0.000
  is_lbu_lhu_lw_reg/CLK (DFFSSRX1_RVT)                             0.100     0.000 #    0.000 r
  is_lbu_lhu_lw_reg/Q (DFFSSRX1_RVT)                               0.018     0.074      0.074 r
  is_lbu_lhu_lw (net)                           1        0.417               0.000      0.074 r
  U9107/Y (AO22X1_RVT)                                             0.017     0.045      0.120 r
  n3859 (net)                                   1        0.481               0.000      0.120 r
  latched_is_lu_reg/SETB (DFFSSRX1_RVT)                            0.017     0.009      0.128 r
  data arrival time                                                                     0.128

  clock clk (rise edge)                                                      0.000      0.000
  clock network delay (ideal)                                                0.000      0.000
  clock uncertainty                                                          0.020      0.020
  latched_is_lu_reg/CLK (DFFSSRX1_RVT)                                       0.000      0.020 r
  library hold time                                                          0.033      0.053
  data required time                                                                    0.053
  ----------------------------------------------------------------------------------------------
  data required time                                                                    0.053
  data arrival time                                                                    -0.128
  ----------------------------------------------------------------------------------------------
  slack (MET)                                                                           0.075


  Startpoint: count_cycle_reg[0]
              (rising edge-triggered flip-flop clocked by clk)
  Endpoint: count_cycle_reg[0]
            (rising edge-triggered flip-flop clocked by clk)
  Path Group: clk
  Path Type: min

  Des/Clust/Port     Wire Load Model       Library
  ------------------------------------------------
  picorv32           35000                 saed32hvt_ff0p95v125c

  Point                        Fanout       Cap     Trans      Incr       Path
  -------------------------------------------------------------------------------
  clock clk (rise edge)                                       0.000      0.000
  clock network delay (ideal)                                 0.000      0.000
  count_cycle_reg[0]/CLK (DFFX1_RVT)                0.100     0.000 #    0.000 r
  count_cycle_reg[0]/QN (DFFX1_RVT)                 0.027     0.066      0.066 r
  n9382 (net)                    1        0.434               0.000      0.066 r
  U10899/Y (AND2X1_RVT)                             0.015     0.029      0.095 r
  N890 (net)                     1        0.473               0.000      0.095 r
  count_cycle_reg[0]/D (DFFX1_RVT)                  0.015     0.009      0.103 r
  data arrival time                                                      0.103

  clock clk (rise edge)                                       0.000      0.000
  clock network delay (ideal)                                 0.000      0.000
  clock uncertainty                                           0.020      0.020
  count_cycle_reg[0]/CLK (DFFX1_RVT)                          0.000      0.020 r
  library hold time                                           0.005      0.025
  data required time                                                     0.025
  -------------------------------------------------------------------------------
  data required time                                                     0.025
  data arrival time                                                     -0.103
  -------------------------------------------------------------------------------
  slack (MET)                                                            0.078


  Startpoint: cpuregs_reg[31][25]
              (rising edge-triggered flip-flop clocked by clk)
  Endpoint: cpuregs_reg[31][25]
            (rising edge-triggered flip-flop clocked by clk)
  Path Group: clk
  Path Type: min

  Des/Clust/Port     Wire Load Model       Library
  ------------------------------------------------
  picorv32           35000                 saed32hvt_ff0p95v125c

  Point                        Fanout       Cap     Trans      Incr       Path
  -------------------------------------------------------------------------------
  clock clk (rise edge)                                       0.000      0.000
  clock network delay (ideal)                                 0.000      0.000
  cpuregs_reg[31][25]/CLK (DFFX1_RVT)               0.100     0.000 #    0.000 r
  cpuregs_reg[31][25]/QN (DFFX1_RVT)                0.025     0.060      0.060 f
  n9439 (net)                    1        0.396               0.000      0.060 f
  U5335/Y (OAI22X1_RVT)                             0.011     0.040      0.100 r
  n5395 (net)                    1        0.473               0.000      0.100 r
  cpuregs_reg[31][25]/D (DFFX1_RVT)                 0.011     0.009      0.109 r
  data arrival time                                                      0.109

  clock clk (rise edge)                                       0.000      0.000
  clock network delay (ideal)                                 0.000      0.000
  clock uncertainty                                           0.020      0.020
  cpuregs_reg[31][25]/CLK (DFFX1_RVT)                         0.000      0.020 r
  library hold time                                           0.006      0.026
  data required time                                                     0.026
  -------------------------------------------------------------------------------
  data required time                                                     0.026
  data arrival time                                                     -0.109
  -------------------------------------------------------------------------------
  slack (MET)                                                            0.083


  Startpoint: cpuregs_reg[31][11]
              (rising edge-triggered flip-flop clocked by clk)
  Endpoint: cpuregs_reg[31][11]
            (rising edge-triggered flip-flop clocked by clk)
  Path Group: clk
  Path Type: min

  Des/Clust/Port     Wire Load Model       Library
  ------------------------------------------------
  picorv32           35000                 saed32hvt_ff0p95v125c

  Point                        Fanout       Cap     Trans      Incr       Path
  -------------------------------------------------------------------------------
  clock clk (rise edge)                                       0.000      0.000
  clock network delay (ideal)                                 0.000      0.000
  cpuregs_reg[31][11]/CLK (DFFX1_RVT)               0.100     0.000 #    0.000 r
  cpuregs_reg[31][11]/QN (DFFX1_RVT)                0.025     0.060      0.060 f
  n9438 (net)                    1        0.396               0.000      0.060 f
  U5911/Y (OAI22X1_RVT)                             0.011     0.040      0.100 r
  n9277 (net)                    1        0.473               0.000      0.100 r
  cpuregs_reg[31][11]/D (DFFX1_RVT)                 0.011     0.009      0.109 r
  data arrival time                                                      0.109

  clock clk (rise edge)                                       0.000      0.000
  clock network delay (ideal)                                 0.000      0.000
  clock uncertainty                                           0.020      0.020
  cpuregs_reg[31][11]/CLK (DFFX1_RVT)                         0.000      0.020 r
  library hold time                                           0.006      0.026
  data required time                                                     0.026
  -------------------------------------------------------------------------------
  data required time                                                     0.026
  data arrival time                                                     -0.109
  -------------------------------------------------------------------------------
  slack (MET)                                                            0.083


  Startpoint: cpuregs_reg[13][11]
              (rising edge-triggered flip-flop clocked by clk)
  Endpoint: cpuregs_reg[13][11]
            (rising edge-triggered flip-flop clocked by clk)
  Path Group: clk
  Path Type: min

  Des/Clust/Port     Wire Load Model       Library
  ------------------------------------------------
  picorv32           35000                 saed32hvt_ff0p95v125c

  Point                        Fanout       Cap     Trans      Incr       Path
  -------------------------------------------------------------------------------
  clock clk (rise edge)                                       0.000      0.000
  clock network delay (ideal)                                 0.000      0.000
  cpuregs_reg[13][11]/CLK (DFFX1_RVT)               0.100     0.000 #    0.000 r
  cpuregs_reg[13][11]/QN (DFFX1_RVT)                0.025     0.060      0.060 f
  n9429 (net)                    1        0.396               0.000      0.060 f
  U9841/Y (OAI22X1_RVT)                             0.011     0.040      0.100 r
  n9255 (net)                    1        0.473               0.000      0.100 r
  cpuregs_reg[13][11]/D (DFFX1_RVT)                 0.011     0.009      0.109 r
  data arrival time                                                      0.109

  clock clk (rise edge)                                       0.000      0.000
  clock network delay (ideal)                                 0.000      0.000
  clock uncertainty                                           0.020      0.020
  cpuregs_reg[13][11]/CLK (DFFX1_RVT)                         0.000      0.020 r
  library hold time                                           0.006      0.026
  data required time                                                     0.026
  -------------------------------------------------------------------------------
  data required time                                                     0.026
  data arrival time                                                     -0.109
  -------------------------------------------------------------------------------
  slack (MET)                                                            0.083


  Startpoint: cpuregs_reg[13][0]
              (rising edge-triggered flip-flop clocked by clk)
  Endpoint: cpuregs_reg[13][0]
            (rising edge-triggered flip-flop clocked by clk)
  Path Group: clk
  Path Type: min

  Des/Clust/Port     Wire Load Model       Library
  ------------------------------------------------
  picorv32           35000                 saed32hvt_ff0p95v125c

  Point                        Fanout       Cap     Trans      Incr       Path
  -------------------------------------------------------------------------------
  clock clk (rise edge)                                       0.000      0.000
  clock network delay (ideal)                                 0.000      0.000
  cpuregs_reg[13][0]/CLK (DFFX1_RVT)                0.100     0.000 #    0.000 r
  cpuregs_reg[13][0]/QN (DFFX1_RVT)                 0.025     0.060      0.060 f
  n9434 (net)                    1        0.396               0.000      0.060 f
  U5652/Y (OAI22X1_RVT)                             0.011     0.040      0.100 r
  n5399 (net)                    1        0.473               0.000      0.100 r
  cpuregs_reg[13][0]/D (DFFX1_RVT)                  0.011     0.009      0.109 r
  data arrival time                                                      0.109

  clock clk (rise edge)                                       0.000      0.000
  clock network delay (ideal)                                 0.000      0.000
  clock uncertainty                                           0.020      0.020
  cpuregs_reg[13][0]/CLK (DFFX1_RVT)                          0.000      0.020 r
  library hold time                                           0.006      0.026
  data required time                                                     0.026
  -------------------------------------------------------------------------------
  data required time                                                     0.026
  data arrival time                                                     -0.109
  -------------------------------------------------------------------------------
  slack (MET)                                                            0.083


  Startpoint: cpuregs_reg[13][1]
              (rising edge-triggered flip-flop clocked by clk)
  Endpoint: cpuregs_reg[13][1]
            (rising edge-triggered flip-flop clocked by clk)
  Path Group: clk
  Path Type: min

  Des/Clust/Port     Wire Load Model       Library
  ------------------------------------------------
  picorv32           35000                 saed32hvt_ff0p95v125c

  Point                        Fanout       Cap     Trans      Incr       Path
  -------------------------------------------------------------------------------
  clock clk (rise edge)                                       0.000      0.000
  clock network delay (ideal)                                 0.000      0.000
  cpuregs_reg[13][1]/CLK (DFFX1_RVT)                0.100     0.000 #    0.000 r
  cpuregs_reg[13][1]/QN (DFFX1_RVT)                 0.025     0.060      0.060 f
  n9435 (net)                    1        0.396               0.000      0.060 f
  U5665/Y (OAI22X1_RVT)                             0.011     0.040      0.100 r
  n5398 (net)                    1        0.473               0.000      0.100 r
  cpuregs_reg[13][1]/D (DFFX1_RVT)                  0.011     0.009      0.109 r
  data arrival time                                                      0.109

  clock clk (rise edge)                                       0.000      0.000
  clock network delay (ideal)                                 0.000      0.000
  clock uncertainty                                           0.020      0.020
  cpuregs_reg[13][1]/CLK (DFFX1_RVT)                          0.000      0.020 r
  library hold time                                           0.006      0.026
  data required time                                                     0.026
  -------------------------------------------------------------------------------
  data required time                                                     0.026
  data arrival time                                                     -0.109
  -------------------------------------------------------------------------------
  slack (MET)                                                            0.083


  Startpoint: cpuregs_reg[2][23]
              (rising edge-triggered flip-flop clocked by clk)
  Endpoint: cpuregs_reg[2][23]
            (rising edge-triggered flip-flop clocked by clk)
  Path Group: clk
  Path Type: min

  Des/Clust/Port     Wire Load Model       Library
  ------------------------------------------------
  picorv32           35000                 saed32hvt_ff0p95v125c

  Point                        Fanout       Cap     Trans      Incr       Path
  -------------------------------------------------------------------------------
  clock clk (rise edge)                                       0.000      0.000
  clock network delay (ideal)                                 0.000      0.000
  cpuregs_reg[2][23]/CLK (DFFX1_RVT)                0.100     0.000 #    0.000 r
  cpuregs_reg[2][23]/QN (DFFX1_RVT)                 0.025     0.060      0.060 f
  n9433 (net)                    1        0.396               0.000      0.060 f
  U9842/Y (OAI22X1_RVT)                             0.011     0.040      0.100 r
  n9259 (net)                    1        0.473               0.000      0.100 r
  cpuregs_reg[2][23]/D (DFFX1_RVT)                  0.011     0.009      0.109 r
  data arrival time                                                      0.109

  clock clk (rise edge)                                       0.000      0.000
  clock network delay (ideal)                                 0.000      0.000
  clock uncertainty                                           0.020      0.020
  cpuregs_reg[2][23]/CLK (DFFX1_RVT)                          0.000      0.020 r
  library hold time                                           0.006      0.026
  data required time                                                     0.026
  -------------------------------------------------------------------------------
  data required time                                                     0.026
  data arrival time                                                     -0.109
  -------------------------------------------------------------------------------
  slack (MET)                                                            0.083


  Startpoint: cpuregs_reg[28][23]
              (rising edge-triggered flip-flop clocked by clk)
  Endpoint: cpuregs_reg[28][23]
            (rising edge-triggered flip-flop clocked by clk)
  Path Group: clk
  Path Type: min

  Des/Clust/Port     Wire Load Model       Library
  ------------------------------------------------
  picorv32           35000                 saed32hvt_ff0p95v125c

  Point                        Fanout       Cap     Trans      Incr       Path
  -------------------------------------------------------------------------------
  clock clk (rise edge)                                       0.000      0.000
  clock network delay (ideal)                                 0.000      0.000
  cpuregs_reg[28][23]/CLK (DFFX1_RVT)               0.100     0.000 #    0.000 r
  cpuregs_reg[28][23]/QN (DFFX1_RVT)                0.025     0.060      0.060 f
  n5110 (net)                    1        0.396               0.000      0.060 f
  U7375/Y (OAI22X1_RVT)                             0.011     0.040      0.100 r
  n2950 (net)                    1        0.473               0.000      0.100 r
  cpuregs_reg[28][23]/D (DFFX1_RVT)                 0.011     0.009      0.109 r
  data arrival time                                                      0.109

  clock clk (rise edge)                                       0.000      0.000
  clock network delay (ideal)                                 0.000      0.000
  clock uncertainty                                           0.020      0.020
  cpuregs_reg[28][23]/CLK (DFFX1_RVT)                         0.000      0.020 r
  library hold time                                           0.006      0.026
  data required time                                                     0.026
  -------------------------------------------------------------------------------
  data required time                                                     0.026
  data arrival time                                                     -0.109
  -------------------------------------------------------------------------------
  slack (MET)                                                            0.083


  Startpoint: cpu_state_reg[6]
              (rising edge-triggered flip-flop clocked by clk)
  Endpoint: cpu_state_reg[6]
            (rising edge-triggered flip-flop clocked by clk)
  Path Group: clk
  Path Type: min

  Des/Clust/Port     Wire Load Model       Library
  ------------------------------------------------
  picorv32           35000                 saed32hvt_ff0p95v125c

  Point                        Fanout       Cap     Trans      Incr       Path
  -------------------------------------------------------------------------------
  clock clk (rise edge)                                       0.000      0.000
  clock network delay (ideal)                                 0.000      0.000
  cpu_state_reg[6]/CLK (DFFX1_LVT)                  0.100     0.000 #    0.000 r
  cpu_state_reg[6]/Q (DFFX1_LVT)                    0.017     0.068      0.068 r
  cpu_state[6] (net)             1        0.384               0.000      0.068 r
  U10898/Y (MUX21X1_RVT)                            0.023     0.045      0.113 r
  n2579 (net)                    1        0.485               0.000      0.113 r
  cpu_state_reg[6]/D (DFFX1_LVT)                    0.023     0.009      0.121 r
  data arrival time                                                      0.121

  clock clk (rise edge)                                       0.000      0.000
  clock network delay (ideal)                                 0.000      0.000
  clock uncertainty                                           0.020      0.020
  cpu_state_reg[6]/CLK (DFFX1_LVT)                            0.000      0.020 r
  library hold time                                           0.014      0.034
  data required time                                                     0.034
  -------------------------------------------------------------------------------
  data required time                                                     0.034
  data arrival time                                                     -0.121
  -------------------------------------------------------------------------------
  slack (MET)                                                            0.088


1
