 
****************************************
Report : resources
Design : picorv32
Version: T-2022.03-SP5
Date   : Wed Apr  1 14:10:08 2026
****************************************


Resource Report for this hierarchy in file
        /home/gtu18/project_tawhid/vlsi/VLSI_in/rtl/pico.v
=============================================================================
| Cell           | Module         | Parameters | Contained Operations       |
=============================================================================
| ash_3          | DW_leftsh      | A_width=4  | sll_419 (pico.v:419)       |
|                |                | SH_width=2 |                            |
| eq_x_58        | DW_cmp         | width=32   | eq_1241 (pico.v:1241)      |
| lt_x_59        | DW_cmp         | width=32   | lt_1242 (pico.v:1242)      |
| lt_x_60        | DW_cmp         | width=32   | lt_1243 (pico.v:1243)      |
| add_x_61       | DW01_add       | width=32   | add_1317 (pico.v:1317)     |
| add_x_68       | DW01_inc       | width=64   | add_1433 (pico.v:1433)     |
| add_x_69       | DW01_inc       | width=64   | add_1564 (pico.v:1564)     |
| add_x_70       | DW01_add       | width=32   | add_1806 (pico.v:1806)     |
| sub_x_71       | DW01_sub       | width=5    | sub_1842 (pico.v:1842)     |
| sub_x_72       | DW01_dec       | width=5    | sub_1850 (pico.v:1850)     |
| add_x_73       | DW01_add       | width=32   | add_1869 (pico.v:1869)     |
|                |                |            | add_1897 (pico.v:1897)     |
| DP_OP_91J4_125_3537             |            |                            |
|                | DP_OP_91J4_125_3537 |       |                            |
| DP_OP_71J4_122_6501             |            |                            |
|                | DP_OP_71J4_122_6501 |       |                            |
=============================================================================

Datapath Report for DP_OP_91J4_125_3537
==============================================================================
| Cell                 | Contained Operations                                |
==============================================================================
| DP_OP_91J4_125_3537  | add_1569 (pico.v:1569) add_1560 (pico.v:1560)       |
==============================================================================

==============================================================================
|       |      | Data     |       |                                          |
| Var   | Type | Class    | Width | Expression                               |
==============================================================================
| I1    | PI   | Unsigned | 32    |                                          |
| I2    | PI   | Unsigned | 32    |                                          |
| O1    | PO   | Unsigned | 32    | I1 + I2 ( pico.v:1560 pico.v:1569 )      |
==============================================================================

Datapath Report for DP_OP_71J4_122_6501
==============================================================================
| Cell                 | Contained Operations                                |
==============================================================================
| DP_OP_71J4_122_6501  | sub_1240 (pico.v:1240) add_1240 (pico.v:1240)       |
==============================================================================

==============================================================================
|       |      | Data     |       |                                          |
| Var   | Type | Class    | Width | Expression                               |
==============================================================================
| I1    | PI   | Signed   | 32    |                                          |
| I2    | PI   | Signed   | 32    |                                          |
| I3    | PI   | Unsigned | 1     |                                          |
| O1    | PO   | Signed   | 32    | addsub(I1,I2,I3) (pico.v:1240)           |
==============================================================================


Implementation Report
===============================================================================
|                    |                  | Current            | Set            |
| Cell               | Module           | Implementation     | Implementation |
===============================================================================
| ash_3              | DW_leftsh        | astr (area)        |                |
| eq_x_58            | DW_cmp           | apparch (area)     |                |
| lt_x_59            | DW_cmp           | apparch (area)     |                |
| lt_x_60            | DW_cmp           | apparch (area)     |                |
| add_x_61           | DW01_add         | apparch (area)     |                |
| add_x_68           | DW01_inc         | apparch (area)     |                |
| add_x_69           | DW01_inc         | apparch (area)     |                |
| add_x_70           | DW01_add         | apparch (area)     |                |
| sub_x_71           | DW01_sub         | apparch (area)     |                |
| sub_x_72           | DW01_dec         | apparch (area)     |                |
| add_x_73           | DW01_add         | apparch (area)     |                |
| DP_OP_91J4_125_3537                   |                    |                |
|                    | DP_OP_91J4_125_3537 | str (area)      |                |
| DP_OP_71J4_122_6501                   |                    |                |
|                    | DP_OP_71J4_122_6501 | str (area)      |                |
===============================================================================

1
