[icc2-lic Thu Apr 16 15:24:23 2026] Command 'report_qor' requires licenses
[icc2-lic Thu Apr 16 15:24:23 2026] Attempting to check-out alternate set of keys directly with queueing
[icc2-lic Thu Apr 16 15:24:23 2026] Sending count request for 'ICCompilerII-8' 
[icc2-lic Thu Apr 16 15:24:23 2026] Count request for 'ICCompilerII-8' returned 1 
[icc2-lic Thu Apr 16 15:24:23 2026] Sending check-out request for 'ICCompilerII-8' (1) with wait option
[icc2-lic Thu Apr 16 15:24:23 2026] Check-out request for 'ICCompilerII-8' with wait option succeeded
[icc2-lic Thu Apr 16 15:24:23 2026] Sending checkout check request for 'ICCompilerII-8' 
[icc2-lic Thu Apr 16 15:24:23 2026] Checkout check request for 'ICCompilerII-8' returned 0 
[icc2-lic Thu Apr 16 15:24:23 2026] Sending count request for 'ICCompilerII-8' 
[icc2-lic Thu Apr 16 15:24:23 2026] Count request for 'ICCompilerII-8' returned 1 
[icc2-lic Thu Apr 16 15:24:23 2026] Sending count request for 'ICCompilerII-NX' 
[icc2-lic Thu Apr 16 15:24:23 2026] Count request for 'ICCompilerII-NX' returned 1 
[icc2-lic Thu Apr 16 15:24:23 2026] Sending check-out request for 'ICCompilerII-NX' (1) with wait option
[icc2-lic Thu Apr 16 15:24:23 2026] Check-out request for 'ICCompilerII-NX' with wait option succeeded
[icc2-lic Thu Apr 16 15:24:23 2026] Sending checkout check request for 'ICCompilerII-NX' 
[icc2-lic Thu Apr 16 15:24:23 2026] Checkout check request for 'ICCompilerII-NX' returned 0 
[icc2-lic Thu Apr 16 15:24:23 2026] Sending count request for 'ICCompilerII-NX' 
[icc2-lic Thu Apr 16 15:24:23 2026] Count request for 'ICCompilerII-NX' returned 1 
[icc2-lic Thu Apr 16 15:24:23 2026] Check-out of alternate set of keys directly with queueing was successful
****************************************
Report : qor
        -summary
Design : picorv32
Version: U-2022.12-SP3
Date   : Thu Apr 16 15:24:23 2026
****************************************

Timing
---------------------------------------------------------------------------
Context                                 WNS            TNS            NVE
---------------------------------------------------------------------------
func_fast          (Setup)             0.52           0.00              0
func_slow          (Setup)            -2.73         -48.16             51
Design             (Setup)            -2.73         -48.16             51

func_fast          (Hold)              0.08           0.00              0
func_slow          (Hold)              0.14           0.00              0
Design             (Hold)              0.08           0.00              0
---------------------------------------------------------------------------

Miscellaneous
---------------------------------------------------------------------------
Cell Area (netlist):                          26896.06
Cell Area (netlist and physical only):        27917.72
Nets with DRC Violations:      309
1
