 
****************************************
Report : area
Design : picorv32
Version: T-2022.03-SP5
Date   : Wed Apr  1 14:10:08 2026
****************************************

Information: Updating design information... (UID-85)
Warning: Design 'picorv32' contains 1 high-fanout nets. A fanout number of 1000 will be used for delay calculations involving these nets. (TIM-134)
Library(s) Used:

    saed32rvt_ff0p95v125c (File: /home/gtu18/project_tawhid/vlsi/VLSI_in/DBs/saed32rvt_ff0p95v125c.db)
    saed32lvt_ff0p95v125c (File: /home/gtu18/project_tawhid/vlsi/VLSI_in/DBs/saed32lvt_ff0p95v125c.db)

Number of ports:                          409
Number of nets:                          9992
Number of cells:                         9649
Number of combinational cells:           6808
Number of sequential cells:              1625
Number of macros/black boxes:               0
Number of buf/inv:                       1445
Number of references:                      52

Combinational area:              15693.392162
Buf/Inv area:                     2319.826501
Noncombinational area:           11202.667755
Macro/Black Box area:                0.000000
Net Interconnect area:            7584.496877

Total cell area:                 26896.059916
Total area:                      34480.556794
1
