[icc2-lic Thu Apr  2 15:17:33 2026] Command 'check_routes' requires licenses
[icc2-lic Thu Apr  2 15:17:33 2026] Attempting to check-out alternate set of keys directly with queueing
[icc2-lic Thu Apr  2 15:17:33 2026] Sending count request for 'ICCompilerII-8' 
[icc2-lic Thu Apr  2 15:17:33 2026] Count request for 'ICCompilerII-8' returned 1 
[icc2-lic Thu Apr  2 15:17:33 2026] Sending check-out request for 'ICCompilerII-8' (1) with wait option
[icc2-lic Thu Apr  2 15:17:33 2026] Check-out request for 'ICCompilerII-8' with wait option succeeded
[icc2-lic Thu Apr  2 15:17:33 2026] Sending checkout check request for 'ICCompilerII-8' 
[icc2-lic Thu Apr  2 15:17:33 2026] Checkout check request for 'ICCompilerII-8' returned 0 
[icc2-lic Thu Apr  2 15:17:33 2026] Sending count request for 'ICCompilerII-8' 
[icc2-lic Thu Apr  2 15:17:33 2026] Count request for 'ICCompilerII-8' returned 1 
[icc2-lic Thu Apr  2 15:17:33 2026] Sending count request for 'ICCompilerII-NX' 
[icc2-lic Thu Apr  2 15:17:33 2026] Count request for 'ICCompilerII-NX' returned 1 
[icc2-lic Thu Apr  2 15:17:33 2026] Sending check-out request for 'ICCompilerII-NX' (1) with wait option
[icc2-lic Thu Apr  2 15:17:33 2026] Check-out request for 'ICCompilerII-NX' with wait option succeeded
[icc2-lic Thu Apr  2 15:17:33 2026] Sending checkout check request for 'ICCompilerII-NX' 
[icc2-lic Thu Apr  2 15:17:33 2026] Checkout check request for 'ICCompilerII-NX' returned 0 
[icc2-lic Thu Apr  2 15:17:33 2026] Sending count request for 'ICCompilerII-NX' 
[icc2-lic Thu Apr  2 15:17:33 2026] Count request for 'ICCompilerII-NX' returned 1 
[icc2-lic Thu Apr  2 15:17:33 2026] Check-out of alternate set of keys directly with queueing was successful
Warning: Layer MRDL does not have a preferred direction, assigning to horizontal. (ZRT-025)
Cell Min-Routing-Layer = M2
Cell Max-Routing-Layer = M7
Turn off antenna since no rule is specified
Information: Option route.detail.force_end_on_preferred_grid will be ignored since none of the layers have preferred grid. (ZRT-703)
Warning: Cannot find a default contact code for layer CO. (ZRT-022)
Info: number of net_type_blockage: 0 
Information: Via ladder engine would be activated for pattern must join connection in certain commands. Please refer to man-page for the command list. (ZRT-619)
Information: When applicable Min-max layer allow_pin_connection mode will allow paths of length 5.32 outside the layer range. (ZRT-707)
Information: When applicable Min-max layer allow_pin_connection mode will allow paths of length 5.32 outside the layer range on clock nets. (ZRT-718)
Information: When applicable layer based tapering will taper up to 0.00 in distance from the pin. (ZRT-706)


Start checking for open nets ... 

Total number of nets = 8136, of which 0 are not extracted
Total number of open nets = 0, of which 0 are frozen

Check 8136 nets, 0 have Errors

[CHECK OPEN NETS] Elapsed real time: 0:00:00 
[CHECK OPEN NETS] Elapsed cpu  time: sys=0:00:00 usr=0:00:00 total=0:00:00
[CHECK OPEN NETS] Stage (MB): Used    0  Alloctr    0  Proc    0 
[CHECK OPEN NETS] Total (MB): Used   42  Alloctr   43  Proc 7937 
Printing options for 'route.common.*'

Printing options for 'route.detail.*'
detail.force_max_number_iterations                      :	 false               
detail.timing_driven                                    :	 true                

Printing options for 'route.auto_via_ladder.*'


Begin full DRC check ...

Information: Using 1 threads for routing. (ZRT-444)
Checked	1/16 Partitions, Violations =	0
Checked	2/16 Partitions, Violations =	0
Checked	3/16 Partitions, Violations =	0
Checked	4/16 Partitions, Violations =	0
Checked	5/16 Partitions, Violations =	0
Checked	6/16 Partitions, Violations =	0
Checked	7/16 Partitions, Violations =	0
Checked	8/16 Partitions, Violations =	0
Checked	9/16 Partitions, Violations =	0
Checked	10/16 Partitions, Violations =	0
Checked	11/16 Partitions, Violations =	0
Checked	12/16 Partitions, Violations =	0
Checked	13/16 Partitions, Violations =	0
Checked	14/16 Partitions, Violations =	0
Checked	15/16 Partitions, Violations =	0
Checked	16/16 Partitions, Violations =	0
[DRC CHECK] Elapsed real time: 0:00:02 
[DRC CHECK] Elapsed cpu  time: sys=0:00:00 usr=0:00:02 total=0:00:02
[DRC CHECK] Stage (MB): Used    0  Alloctr    0  Proc   27 
[DRC CHECK] Total (MB): Used  113  Alloctr  115  Proc 7965 
Warning: No antenna rules defined, Skip antenna analysis. (ZRT-309)

DRC-SUMMARY:
	@@@@@@@ TOTAL VIOLATIONS =	0


Total Wire Length =                    253745 micron
Total Number of Contacts =             81814
Total Number of Wires =                83860
Total Number of PtConns =              10382
Total Number of Routed Wires =       82768
Total Routed Wire Length =           252324 micron
Total Number of Routed Contacts =       81814
	Layer                 M1 :        797 micron
	Layer                 M2 :      77366 micron
	Layer                 M3 :      70018 micron
	Layer                 M4 :      37723 micron
	Layer                 M5 :      40304 micron
	Layer                 M6 :       9840 micron
	Layer                 M7 :      16276 micron
	Layer                 M8 :          0 micron
	Layer                 M9 :          0 micron
	Layer               MRDL :          0 micron
	Via            VIA67SQ_C :       1226
	Via       VIA56SQ_C(rot) :       1440
	Via            VIA45SQ_C :       5067
	Via       VIA45SQ_C(rot) :          1
	Via            VIA34SQ_C :         39
	Via       VIA34SQ_C(rot) :       8115
	Via            VIA23SQ_C :      33940
	Via       VIA23SQ_C(rot) :        305
	Via            VIA12SQ_C :       7480
	Via       VIA12SQ_C(rot) :      23874
	Via           VIA12BAR_C :          8
	Via      VIA12BAR_C(rot) :        181
	Via             VIA12BAR :         26
	Via        VIA12BAR(rot) :         11
	Via   VIA12SQ_C(rot)_1x2 :         91
	Via     VIA12SQ(rot)_1x2 :         10

 
Redundant via conversion report:
--------------------------------

  Total optimized via conversion rate =  0.12% (101 / 81814 vias)
 
    Layer VIA1       =  0.32% (101    / 31681   vias)
        Weight 1     =  0.32% (101     vias)
        Un-optimized =  0.00% (0       vias)
        Un-mapped    = 99.68% (31580   vias)
    Layer VIA2       =  0.00% (0      / 34245   vias)
        Un-optimized =  0.00% (0       vias)
        Un-mapped    = 100.00% (34245   vias)
    Layer VIA3       =  0.00% (0      / 8154    vias)
        Un-optimized =  0.00% (0       vias)
        Un-mapped    = 100.00% (8154    vias)
    Layer VIA4       =  0.00% (0      / 5068    vias)
        Un-optimized =  0.00% (0       vias)
        Un-mapped    = 100.00% (5068    vias)
    Layer VIA5       =  0.00% (0      / 1440    vias)
        Un-optimized =  0.00% (0       vias)
        Un-mapped    = 100.00% (1440    vias)
    Layer VIA6       =  0.00% (0      / 1226    vias)
        Un-optimized =  0.00% (0       vias)
        Un-mapped    = 100.00% (1226    vias)
 
  Total double via conversion rate    =  0.12% (101 / 81814 vias)
 
    Layer VIA1       =  0.32% (101    / 31681   vias)
    Layer VIA2       =  0.00% (0      / 34245   vias)
    Layer VIA3       =  0.00% (0      / 8154    vias)
    Layer VIA4       =  0.00% (0      / 5068    vias)
    Layer VIA5       =  0.00% (0      / 1440    vias)
    Layer VIA6       =  0.00% (0      / 1226    vias)
 
  The optimized via conversion rate based on total routed via count =  0.12% (101 / 81814 vias)
 
    Layer VIA1       =  0.32% (101    / 31681   vias)
        Weight 1     =  0.32% (101     vias)
        Un-optimized =  0.00% (0       vias)
        Un-mapped    = 99.68% (31580   vias)
    Layer VIA2       =  0.00% (0      / 34245   vias)
        Un-optimized =  0.00% (0       vias)
        Un-mapped    = 100.00% (34245   vias)
    Layer VIA3       =  0.00% (0      / 8154    vias)
        Un-optimized =  0.00% (0       vias)
        Un-mapped    = 100.00% (8154    vias)
    Layer VIA4       =  0.00% (0      / 5068    vias)
        Un-optimized =  0.00% (0       vias)
        Un-mapped    = 100.00% (5068    vias)
    Layer VIA5       =  0.00% (0      / 1440    vias)
        Un-optimized =  0.00% (0       vias)
        Un-mapped    = 100.00% (1440    vias)
    Layer VIA6       =  0.00% (0      / 1226    vias)
        Un-optimized =  0.00% (0       vias)
        Un-mapped    = 100.00% (1226    vias)
 


Verify Summary:

Total number of nets = 8136, of which 0 are not extracted
Total number of open nets = 0, of which 0 are frozen
Total number of excluded ports = 0 ports of 0 unplaced cells connected to 0 nets
                                 0 ports without pins of 0 cells connected to 0 nets
                                 0 ports of 0 cover cells connected to 0 non-pg nets
Total number of DRCs = 0
Total number of antenna violations = no antenna rules defined
Total number of tie to rail violations = not checked
Total number of tie to rail directly violations = not checked


