[icc2-lic Thu Apr 16 15:17:44 2026] Command 'report_timing' requires licenses
[icc2-lic Thu Apr 16 15:17:44 2026] Attempting to check-out alternate set of keys directly with queueing
[icc2-lic Thu Apr 16 15:17:44 2026] Sending count request for 'ICCompilerII-8' 
[icc2-lic Thu Apr 16 15:17:44 2026] Count request for 'ICCompilerII-8' returned 1 
[icc2-lic Thu Apr 16 15:17:44 2026] Sending check-out request for 'ICCompilerII-8' (1) with wait option
[icc2-lic Thu Apr 16 15:17:44 2026] Check-out request for 'ICCompilerII-8' with wait option succeeded
[icc2-lic Thu Apr 16 15:17:44 2026] Sending checkout check request for 'ICCompilerII-8' 
[icc2-lic Thu Apr 16 15:17:44 2026] Checkout check request for 'ICCompilerII-8' returned 0 
[icc2-lic Thu Apr 16 15:17:44 2026] Sending count request for 'ICCompilerII-8' 
[icc2-lic Thu Apr 16 15:17:44 2026] Count request for 'ICCompilerII-8' returned 1 
[icc2-lic Thu Apr 16 15:17:44 2026] Sending count request for 'ICCompilerII-NX' 
[icc2-lic Thu Apr 16 15:17:44 2026] Count request for 'ICCompilerII-NX' returned 1 
[icc2-lic Thu Apr 16 15:17:44 2026] Sending check-out request for 'ICCompilerII-NX' (1) with wait option
[icc2-lic Thu Apr 16 15:17:44 2026] Check-out request for 'ICCompilerII-NX' with wait option succeeded
[icc2-lic Thu Apr 16 15:17:44 2026] Sending checkout check request for 'ICCompilerII-NX' 
[icc2-lic Thu Apr 16 15:17:44 2026] Checkout check request for 'ICCompilerII-NX' returned 0 
[icc2-lic Thu Apr 16 15:17:44 2026] Sending count request for 'ICCompilerII-NX' 
[icc2-lic Thu Apr 16 15:17:44 2026] Count request for 'ICCompilerII-NX' returned 1 
[icc2-lic Thu Apr 16 15:17:44 2026] Check-out of alternate set of keys directly with queueing was successful
Information: Timer using 1 threads
Warning: Technology layer 'MRDL' setting 'routing-direction' is not valid (NEX-001)
Warning: Corner slow:  0 process number, 4 process label, 0 voltage, and 0 temperature mismatches. (PVT-030)
Warning: 8433 cells affected for early, 8433 for late. (PVT-031)
Warning: 0 port driving_cells affected for early, 0 for late. (PVT-034)
Warning: Corner fast:  2 process number, 2 process label, 0 voltage, and 0 temperature mismatches. (PVT-030)
Warning: 8433 cells affected for early, 8433 for late. (PVT-031)
Warning: 0 port driving_cells affected for early, 0 for late. (PVT-034)
Information: The stitching and editing of coupling caps is turned OFF for design 'picorv32.lib:floorplan1.design'. (TIM-125)
Warning: Technology layer 'MRDL' setting 'routing-direction' is not valid (NEX-001)
Information: Design Average RC for design floorplan1  (NEX-011)
Information: r = 1.590020 ohm/um, via_r = 0.500000 ohm/cut, c = 0.082280 ff/um, cc = 0.000000 ff/um (X dir) (NEX-017)
Information: r = 1.152344 ohm/um, via_r = 0.500000 ohm/cut, c = 0.071205 ff/um, cc = 0.000000 ff/um (Y dir) (NEX-017)
Information: The RC mode used is VR for design 'picorv32'. (NEX-022)
Information: Update timing completed net estimation for all the timing graph nets (TIM-111)
Information: Net estimation statistics: timing graph nets = 8776, routed nets = 0, across physical hierarchy nets = 0, parasitics cached nets = 0, delay annotated nets = 0, parasitics annotated nets = 0, multi-voltage nets = 0. (TIM-112)
************************************************************
Timer Settings:
Delay Calculation Style:                   auto
Signal Integrity Analysis:                 disabled
Timing Window Analysis:                    disabled
Advanced Waveform Propagation:             disabled
Variation Type:                            fixed_derate
Clock Reconvergence Pessimism Removal:     disabled
Advanced Receiver Model:                   disabled
ML Acceleration:                           off
************************************************************
****************************************
Report : timing
        -path_type full
        -delay_type max
        -max_paths 10
        -report_by design
        -nets
        -transition_time
        -capacitance
Design : picorv32
Version: U-2022.12-SP3
Date   : Thu Apr 16 15:17:44 2026
****************************************

  Startpoint: reg_op1_reg_0_ (rising edge-triggered flip-flop clocked by clk)
  Endpoint: alu_out_q_reg_30_ (rising edge-triggered flip-flop clocked by clk)
  Mode: func
  Corner: slow
  Scenario: func_slow
  Path Group: clk
  Path Type: max

  Point                                          Fanout     Cap       Trans      Incr       Path  
  --------------------------------------------------------------------------------------------------------
  clock clk (rise edge)                                                          0.000      0.000
  clock network delay (ideal)                                                    0.000      0.000

  reg_op1_reg_0_/CLK (DFFX1_RVT)                                      0.100      0.000      0.000 r
  reg_op1_reg_0_/QN (DFFX1_RVT)                                       0.126      0.303      0.303 f
  n9251 (net)                                       8      4.475
  U7418/Y (INVX0_RVT)                                                 1.123      0.763      1.066 r
  pcpi_rs1[0] (net)                                 3     41.432
  U10900/CO (FADDX1_RVT)                                              0.164      0.445      1.511 r
  n6353 (net)                                       1      1.432
  U4461/CO (FADDX1_RVT)                                               0.089      0.213      1.724 r
  n6359 (net)                                       1      1.432
  U6671/CO (FADDX1_RVT)                                               0.101      0.184      1.908 r
  n6397 (net)                                       1      1.432
  U4460/CO (FADDX1_RVT)                                               0.084      0.189      2.097 r
  n6451 (net)                                       1      1.432
  U6494/CO (FADDX1_RVT)                                               0.084      0.182      2.279 r
  n6491 (net)                                       1      1.432
  U4459/CO (FADDX1_RVT)                                               0.084      0.182      2.461 r
  n6529 (net)                                       1      1.432
  U6299/CO (FADDX1_RVT)                                               0.091      0.182      2.643 r
  n6534 (net)                                       1      1.432
  U4458/CO (FADDX1_RVT)                                               0.084      0.185      2.828 r
  n9018 (net)                                       1      1.432
  U6045/CO (FADDX1_RVT)                                               0.084      0.182      3.011 r
  n6544 (net)                                       1      1.432
  U5910/CO (FADDX1_RVT)                                               0.085      0.182      3.193 r
  n6558 (net)                                       1      1.432
  U4457/CO (FADDX1_RVT)                                               0.100      0.182      3.375 r
  n6566 (net)                                       1      1.432
  U5775/CO (FADDX1_RVT)                                               0.084      0.189      3.564 r
  n6580 (net)                                       1      1.432
  U5662/CO (FADDX1_RVT)                                               0.084      0.182      3.746 r
  n6595 (net)                                       1      1.432
  U4455/CO (FADDX1_RVT)                                               0.084      0.182      3.928 r
  n6679 (net)                                       1      1.432
  U4335/CO (FADDX1_RVT)                                               0.084      0.182      4.110 r
  n8961 (net)                                       1      1.432
  U4454/CO (FADDX1_RVT)                                               0.084      0.182      4.292 r
  n6706 (net)                                       1      1.432
  U4334/CO (FADDX1_RVT)                                               0.084      0.182      4.475 r
  n6711 (net)                                       1      1.432
  U5450/CO (FADDX1_RVT)                                               0.084      0.182      4.657 r
  n6723 (net)                                       1      1.432
  U4453/CO (FADDX1_RVT)                                               0.084      0.182      4.839 r
  n6752 (net)                                       1      1.432
  U4333/CO (FADDX1_RVT)                                               0.085      0.182      5.021 r
  n8915 (net)                                       1      1.432
  U4452/CO (FADDX1_RVT)                                               0.084      0.183      5.204 r
  n8908 (net)                                       1      1.432
  U4332/CO (FADDX1_RVT)                                               0.104      0.182      5.386 r
  n8885 (net)                                       1      1.432
  U4451/CO (FADDX1_RVT)                                               0.110      0.190      5.576 r
  n6779 (net)                                       1      1.432
  U4331/CO (FADDX1_RVT)                                               0.111      0.192      5.768 r
  n6802 (net)                                       1      1.432
  U4450/CO (FADDX1_RVT)                                               0.111      0.193      5.961 r
  n6949 (net)                                       1      1.432
  U4330/CO (FADDX1_RVT)                                               0.110      0.193      6.154 r
  n6981 (net)                                       1      1.432
  U4449/CO (FADDX1_RVT)                                               0.111      0.193      6.347 r
  n6988 (net)                                       1      1.432
  U4329/CO (FADDX1_RVT)                                               0.111      0.193      6.539 r
  n6995 (net)                                       1      1.432
  U4448/CO (FADDX1_RVT)                                               0.111      0.193      6.732 r
  n7008 (net)                                       1      1.432
  U4328/CO (FADDX1_RVT)                                               0.085      0.193      6.925 r
  n7017 (net)                                       1      1.432
  U4443/S (FADDX1_RVT)                                                0.094      0.269      7.194 f
  n7010 (net)                                       1      0.554
  U9300/Y (AOI22X1_RVT)                                               0.038      0.173      7.367 r
  n7014 (net)                                       1      0.555
  U9301/Y (NAND3X0_RVT)                                               0.108      0.087      7.455 f
  alu_out[30] (net)                                 1      0.736
  alu_out_q_reg_30_/RSTB (DFFSSRX1_RVT)                               0.108      0.000      7.455 f
  data arrival time                                                                         7.455

  clock clk (rise edge)                                                          5.000      5.000
  clock network delay (ideal)                                                    0.000      5.000
  alu_out_q_reg_30_/CLK (DFFSSRX1_RVT)                                0.100      0.000      5.000 r
  clock uncertainty                                                             -0.050      4.950
  library setup time                                                            -0.225      4.725
  data required time                                                                        4.725
  --------------------------------------------------------------------------------------------------------
  data required time                                                                        4.725
  data arrival time                                                                        -7.455
  --------------------------------------------------------------------------------------------------------
  slack (VIOLATED)                                                                         -2.729



  Startpoint: reg_op1_reg_0_ (rising edge-triggered flip-flop clocked by clk)
  Endpoint: alu_out_q_reg_31_ (rising edge-triggered flip-flop clocked by clk)
  Mode: func
  Corner: slow
  Scenario: func_slow
  Path Group: clk
  Path Type: max

  Point                                          Fanout     Cap       Trans      Incr       Path  
  --------------------------------------------------------------------------------------------------------
  clock clk (rise edge)                                                          0.000      0.000
  clock network delay (ideal)                                                    0.000      0.000

  reg_op1_reg_0_/CLK (DFFX1_RVT)                                      0.100      0.000      0.000 r
  reg_op1_reg_0_/QN (DFFX1_RVT)                                       0.126      0.303      0.303 f
  n9251 (net)                                       8      4.475
  U7418/Y (INVX0_RVT)                                                 1.123      0.763      1.066 r
  pcpi_rs1[0] (net)                                 3     41.432
  U10900/CO (FADDX1_RVT)                                              0.164      0.445      1.511 r
  n6353 (net)                                       1      1.432
  U4461/CO (FADDX1_RVT)                                               0.089      0.213      1.724 r
  n6359 (net)                                       1      1.432
  U6671/CO (FADDX1_RVT)                                               0.101      0.184      1.908 r
  n6397 (net)                                       1      1.432
  U4460/CO (FADDX1_RVT)                                               0.084      0.189      2.097 r
  n6451 (net)                                       1      1.432
  U6494/CO (FADDX1_RVT)                                               0.084      0.182      2.279 r
  n6491 (net)                                       1      1.432
  U4459/CO (FADDX1_RVT)                                               0.084      0.182      2.461 r
  n6529 (net)                                       1      1.432
  U6299/CO (FADDX1_RVT)                                               0.091      0.182      2.643 r
  n6534 (net)                                       1      1.432
  U4458/CO (FADDX1_RVT)                                               0.084      0.185      2.828 r
  n9018 (net)                                       1      1.432
  U6045/CO (FADDX1_RVT)                                               0.084      0.182      3.011 r
  n6544 (net)                                       1      1.432
  U5910/CO (FADDX1_RVT)                                               0.085      0.182      3.193 r
  n6558 (net)                                       1      1.432
  U4457/CO (FADDX1_RVT)                                               0.100      0.182      3.375 r
  n6566 (net)                                       1      1.432
  U5775/CO (FADDX1_RVT)                                               0.084      0.189      3.564 r
  n6580 (net)                                       1      1.432
  U5662/CO (FADDX1_RVT)                                               0.084      0.182      3.746 r
  n6595 (net)                                       1      1.432
  U4455/CO (FADDX1_RVT)                                               0.084      0.182      3.928 r
  n6679 (net)                                       1      1.432
  U4335/CO (FADDX1_RVT)                                               0.084      0.182      4.110 r
  n8961 (net)                                       1      1.432
  U4454/CO (FADDX1_RVT)                                               0.084      0.182      4.292 r
  n6706 (net)                                       1      1.432
  U4334/CO (FADDX1_RVT)                                               0.084      0.182      4.475 r
  n6711 (net)                                       1      1.432
  U5450/CO (FADDX1_RVT)                                               0.084      0.182      4.657 r
  n6723 (net)                                       1      1.432
  U4453/CO (FADDX1_RVT)                                               0.084      0.182      4.839 r
  n6752 (net)                                       1      1.432
  U4333/CO (FADDX1_RVT)                                               0.085      0.182      5.021 r
  n8915 (net)                                       1      1.432
  U4452/CO (FADDX1_RVT)                                               0.084      0.183      5.204 r
  n8908 (net)                                       1      1.432
  U4332/CO (FADDX1_RVT)                                               0.104      0.182      5.386 r
  n8885 (net)                                       1      1.432
  U4451/CO (FADDX1_RVT)                                               0.110      0.190      5.576 r
  n6779 (net)                                       1      1.432
  U4331/CO (FADDX1_RVT)                                               0.111      0.192      5.768 r
  n6802 (net)                                       1      1.432
  U4450/CO (FADDX1_RVT)                                               0.111      0.193      5.961 r
  n6949 (net)                                       1      1.432
  U4330/CO (FADDX1_RVT)                                               0.110      0.193      6.154 r
  n6981 (net)                                       1      1.432
  U4449/CO (FADDX1_RVT)                                               0.111      0.193      6.347 r
  n6988 (net)                                       1      1.432
  U4329/CO (FADDX1_RVT)                                               0.111      0.193      6.539 r
  n6995 (net)                                       1      1.432
  U4448/CO (FADDX1_RVT)                                               0.111      0.193      6.732 r
  n7008 (net)                                       1      1.432
  U4328/CO (FADDX1_RVT)                                               0.085      0.193      6.925 r
  n7017 (net)                                       1      1.432
  U4443/CO (FADDX1_RVT)                                               0.108      0.178      7.103 r
  n7020 (net)                                       1      1.205
  U4570/Y (XNOR2X1_RVT)                                               0.065      0.224      7.328 r
  n10886 (net)                                      1      0.527
  U4606/Y (AO21X1_RVT)                                                0.056      0.135      7.463 r
  alu_out[31] (net)                                 1      0.547
  alu_out_q_reg_31_/D (DFFX1_LVT)                                     0.056      0.000      7.463 r
  data arrival time                                                                         7.463

  clock clk (rise edge)                                                          5.000      5.000
  clock network delay (ideal)                                                    0.000      5.000
  alu_out_q_reg_31_/CLK (DFFX1_LVT)                                   0.100      0.000      5.000 r
  clock uncertainty                                                             -0.050      4.950
  library setup time                                                            -0.058      4.892
  data required time                                                                        4.892
  --------------------------------------------------------------------------------------------------------
  data required time                                                                        4.892
  data arrival time                                                                        -7.463
  --------------------------------------------------------------------------------------------------------
  slack (VIOLATED)                                                                         -2.571



  Startpoint: reg_op1_reg_0_ (rising edge-triggered flip-flop clocked by clk)
  Endpoint: alu_out_q_reg_29_ (rising edge-triggered flip-flop clocked by clk)
  Mode: func
  Corner: slow
  Scenario: func_slow
  Path Group: clk
  Path Type: max

  Point                                          Fanout     Cap       Trans      Incr       Path  
  --------------------------------------------------------------------------------------------------------
  clock clk (rise edge)                                                          0.000      0.000
  clock network delay (ideal)                                                    0.000      0.000

  reg_op1_reg_0_/CLK (DFFX1_RVT)                                      0.100      0.000      0.000 r
  reg_op1_reg_0_/QN (DFFX1_RVT)                                       0.126      0.303      0.303 f
  n9251 (net)                                       8      4.475
  U7418/Y (INVX0_RVT)                                                 1.123      0.763      1.066 r
  pcpi_rs1[0] (net)                                 3     41.432
  U10900/CO (FADDX1_RVT)                                              0.164      0.445      1.511 r
  n6353 (net)                                       1      1.432
  U4461/CO (FADDX1_RVT)                                               0.089      0.213      1.724 r
  n6359 (net)                                       1      1.432
  U6671/CO (FADDX1_RVT)                                               0.101      0.184      1.908 r
  n6397 (net)                                       1      1.432
  U4460/CO (FADDX1_RVT)                                               0.084      0.189      2.097 r
  n6451 (net)                                       1      1.432
  U6494/CO (FADDX1_RVT)                                               0.084      0.182      2.279 r
  n6491 (net)                                       1      1.432
  U4459/CO (FADDX1_RVT)                                               0.084      0.182      2.461 r
  n6529 (net)                                       1      1.432
  U6299/CO (FADDX1_RVT)                                               0.091      0.182      2.643 r
  n6534 (net)                                       1      1.432
  U4458/CO (FADDX1_RVT)                                               0.084      0.185      2.828 r
  n9018 (net)                                       1      1.432
  U6045/CO (FADDX1_RVT)                                               0.084      0.182      3.011 r
  n6544 (net)                                       1      1.432
  U5910/CO (FADDX1_RVT)                                               0.085      0.182      3.193 r
  n6558 (net)                                       1      1.432
  U4457/CO (FADDX1_RVT)                                               0.100      0.182      3.375 r
  n6566 (net)                                       1      1.432
  U5775/CO (FADDX1_RVT)                                               0.084      0.189      3.564 r
  n6580 (net)                                       1      1.432
  U5662/CO (FADDX1_RVT)                                               0.084      0.182      3.746 r
  n6595 (net)                                       1      1.432
  U4455/CO (FADDX1_RVT)                                               0.084      0.182      3.928 r
  n6679 (net)                                       1      1.432
  U4335/CO (FADDX1_RVT)                                               0.084      0.182      4.110 r
  n8961 (net)                                       1      1.432
  U4454/CO (FADDX1_RVT)                                               0.084      0.182      4.292 r
  n6706 (net)                                       1      1.432
  U4334/CO (FADDX1_RVT)                                               0.084      0.182      4.475 r
  n6711 (net)                                       1      1.432
  U5450/CO (FADDX1_RVT)                                               0.084      0.182      4.657 r
  n6723 (net)                                       1      1.432
  U4453/CO (FADDX1_RVT)                                               0.084      0.182      4.839 r
  n6752 (net)                                       1      1.432
  U4333/CO (FADDX1_RVT)                                               0.085      0.182      5.021 r
  n8915 (net)                                       1      1.432
  U4452/CO (FADDX1_RVT)                                               0.084      0.183      5.204 r
  n8908 (net)                                       1      1.432
  U4332/CO (FADDX1_RVT)                                               0.104      0.182      5.386 r
  n8885 (net)                                       1      1.432
  U4451/CO (FADDX1_RVT)                                               0.110      0.190      5.576 r
  n6779 (net)                                       1      1.432
  U4331/CO (FADDX1_RVT)                                               0.111      0.192      5.768 r
  n6802 (net)                                       1      1.432
  U4450/CO (FADDX1_RVT)                                               0.111      0.193      5.961 r
  n6949 (net)                                       1      1.432
  U4330/CO (FADDX1_RVT)                                               0.110      0.193      6.154 r
  n6981 (net)                                       1      1.432
  U4449/CO (FADDX1_RVT)                                               0.111      0.193      6.347 r
  n6988 (net)                                       1      1.432
  U4329/CO (FADDX1_RVT)                                               0.111      0.193      6.539 r
  n6995 (net)                                       1      1.432
  U4448/CO (FADDX1_RVT)                                               0.111      0.193      6.732 r
  n7008 (net)                                       1      1.432
  U4328/S (FADDX1_RVT)                                                0.073      0.279      7.011 f
  n6997 (net)                                       1      0.554
  U9272/Y (AOI22X1_RVT)                                               0.038      0.162      7.173 r
  n7000 (net)                                       1      0.555
  U9273/Y (NAND3X0_RVT)                                               0.104      0.087      7.260 f
  alu_out[29] (net)                                 1      0.736
  alu_out_q_reg_29_/RSTB (DFFSSRX1_RVT)                               0.104      0.000      7.260 f
  data arrival time                                                                         7.260

  clock clk (rise edge)                                                          5.000      5.000
  clock network delay (ideal)                                                    0.000      5.000
  alu_out_q_reg_29_/CLK (DFFSSRX1_RVT)                                0.100      0.000      5.000 r
  clock uncertainty                                                             -0.050      4.950
  library setup time                                                            -0.223      4.727
  data required time                                                                        4.727
  --------------------------------------------------------------------------------------------------------
  data required time                                                                        4.727
  data arrival time                                                                        -7.260
  --------------------------------------------------------------------------------------------------------
  slack (VIOLATED)                                                                         -2.533



  Startpoint: reg_op1_reg_0_ (rising edge-triggered flip-flop clocked by clk)
  Endpoint: alu_out_q_reg_28_ (rising edge-triggered flip-flop clocked by clk)
  Mode: func
  Corner: slow
  Scenario: func_slow
  Path Group: clk
  Path Type: max

  Point                                          Fanout     Cap       Trans      Incr       Path  
  --------------------------------------------------------------------------------------------------------
  clock clk (rise edge)                                                          0.000      0.000
  clock network delay (ideal)                                                    0.000      0.000

  reg_op1_reg_0_/CLK (DFFX1_RVT)                                      0.100      0.000      0.000 r
  reg_op1_reg_0_/QN (DFFX1_RVT)                                       0.126      0.303      0.303 f
  n9251 (net)                                       8      4.475
  U7418/Y (INVX0_RVT)                                                 1.123      0.763      1.066 r
  pcpi_rs1[0] (net)                                 3     41.432
  U10900/CO (FADDX1_RVT)                                              0.164      0.445      1.511 r
  n6353 (net)                                       1      1.432
  U4461/CO (FADDX1_RVT)                                               0.089      0.213      1.724 r
  n6359 (net)                                       1      1.432
  U6671/CO (FADDX1_RVT)                                               0.101      0.184      1.908 r
  n6397 (net)                                       1      1.432
  U4460/CO (FADDX1_RVT)                                               0.084      0.189      2.097 r
  n6451 (net)                                       1      1.432
  U6494/CO (FADDX1_RVT)                                               0.084      0.182      2.279 r
  n6491 (net)                                       1      1.432
  U4459/CO (FADDX1_RVT)                                               0.084      0.182      2.461 r
  n6529 (net)                                       1      1.432
  U6299/CO (FADDX1_RVT)                                               0.091      0.182      2.643 r
  n6534 (net)                                       1      1.432
  U4458/CO (FADDX1_RVT)                                               0.084      0.185      2.828 r
  n9018 (net)                                       1      1.432
  U6045/CO (FADDX1_RVT)                                               0.084      0.182      3.011 r
  n6544 (net)                                       1      1.432
  U5910/CO (FADDX1_RVT)                                               0.085      0.182      3.193 r
  n6558 (net)                                       1      1.432
  U4457/CO (FADDX1_RVT)                                               0.100      0.182      3.375 r
  n6566 (net)                                       1      1.432
  U5775/CO (FADDX1_RVT)                                               0.084      0.189      3.564 r
  n6580 (net)                                       1      1.432
  U5662/CO (FADDX1_RVT)                                               0.084      0.182      3.746 r
  n6595 (net)                                       1      1.432
  U4455/CO (FADDX1_RVT)                                               0.084      0.182      3.928 r
  n6679 (net)                                       1      1.432
  U4335/CO (FADDX1_RVT)                                               0.084      0.182      4.110 r
  n8961 (net)                                       1      1.432
  U4454/CO (FADDX1_RVT)                                               0.084      0.182      4.292 r
  n6706 (net)                                       1      1.432
  U4334/CO (FADDX1_RVT)                                               0.084      0.182      4.475 r
  n6711 (net)                                       1      1.432
  U5450/CO (FADDX1_RVT)                                               0.084      0.182      4.657 r
  n6723 (net)                                       1      1.432
  U4453/CO (FADDX1_RVT)                                               0.084      0.182      4.839 r
  n6752 (net)                                       1      1.432
  U4333/CO (FADDX1_RVT)                                               0.085      0.182      5.021 r
  n8915 (net)                                       1      1.432
  U4452/CO (FADDX1_RVT)                                               0.084      0.183      5.204 r
  n8908 (net)                                       1      1.432
  U4332/CO (FADDX1_RVT)                                               0.104      0.182      5.386 r
  n8885 (net)                                       1      1.432
  U4451/CO (FADDX1_RVT)                                               0.110      0.190      5.576 r
  n6779 (net)                                       1      1.432
  U4331/CO (FADDX1_RVT)                                               0.111      0.192      5.768 r
  n6802 (net)                                       1      1.432
  U4450/CO (FADDX1_RVT)                                               0.111      0.193      5.961 r
  n6949 (net)                                       1      1.432
  U4330/CO (FADDX1_RVT)                                               0.110      0.193      6.154 r
  n6981 (net)                                       1      1.432
  U4449/CO (FADDX1_RVT)                                               0.111      0.193      6.347 r
  n6988 (net)                                       1      1.432
  U4329/CO (FADDX1_RVT)                                               0.111      0.193      6.539 r
  n6995 (net)                                       1      1.432
  U4448/S (FADDX1_RVT)                                                0.094      0.278      6.818 f
  n6990 (net)                                       1      0.554
  U9266/Y (AOI22X1_RVT)                                               0.038      0.173      6.991 r
  n6993 (net)                                       1      0.555
  U9267/Y (NAND3X0_RVT)                                               0.108      0.087      7.078 f
  alu_out[28] (net)                                 1      0.736
  alu_out_q_reg_28_/RSTB (DFFSSRX1_RVT)                               0.108      0.000      7.078 f
  data arrival time                                                                         7.078

  clock clk (rise edge)                                                          5.000      5.000
  clock network delay (ideal)                                                    0.000      5.000
  alu_out_q_reg_28_/CLK (DFFSSRX1_RVT)                                0.100      0.000      5.000 r
  clock uncertainty                                                             -0.050      4.950
  library setup time                                                            -0.225      4.725
  data required time                                                                        4.725
  --------------------------------------------------------------------------------------------------------
  data required time                                                                        4.725
  data arrival time                                                                        -7.078
  --------------------------------------------------------------------------------------------------------
  slack (VIOLATED)                                                                         -2.353



  Startpoint: reg_op1_reg_0_ (rising edge-triggered flip-flop clocked by clk)
  Endpoint: alu_out_q_reg_27_ (rising edge-triggered flip-flop clocked by clk)
  Mode: func
  Corner: slow
  Scenario: func_slow
  Path Group: clk
  Path Type: max

  Point                                          Fanout     Cap       Trans      Incr       Path  
  --------------------------------------------------------------------------------------------------------
  clock clk (rise edge)                                                          0.000      0.000
  clock network delay (ideal)                                                    0.000      0.000

  reg_op1_reg_0_/CLK (DFFX1_RVT)                                      0.100      0.000      0.000 r
  reg_op1_reg_0_/QN (DFFX1_RVT)                                       0.126      0.303      0.303 f
  n9251 (net)                                       8      4.475
  U7418/Y (INVX0_RVT)                                                 1.123      0.763      1.066 r
  pcpi_rs1[0] (net)                                 3     41.432
  U10900/CO (FADDX1_RVT)                                              0.164      0.445      1.511 r
  n6353 (net)                                       1      1.432
  U4461/CO (FADDX1_RVT)                                               0.089      0.213      1.724 r
  n6359 (net)                                       1      1.432
  U6671/CO (FADDX1_RVT)                                               0.101      0.184      1.908 r
  n6397 (net)                                       1      1.432
  U4460/CO (FADDX1_RVT)                                               0.084      0.189      2.097 r
  n6451 (net)                                       1      1.432
  U6494/CO (FADDX1_RVT)                                               0.084      0.182      2.279 r
  n6491 (net)                                       1      1.432
  U4459/CO (FADDX1_RVT)                                               0.084      0.182      2.461 r
  n6529 (net)                                       1      1.432
  U6299/CO (FADDX1_RVT)                                               0.091      0.182      2.643 r
  n6534 (net)                                       1      1.432
  U4458/CO (FADDX1_RVT)                                               0.084      0.185      2.828 r
  n9018 (net)                                       1      1.432
  U6045/CO (FADDX1_RVT)                                               0.084      0.182      3.011 r
  n6544 (net)                                       1      1.432
  U5910/CO (FADDX1_RVT)                                               0.085      0.182      3.193 r
  n6558 (net)                                       1      1.432
  U4457/CO (FADDX1_RVT)                                               0.100      0.182      3.375 r
  n6566 (net)                                       1      1.432
  U5775/CO (FADDX1_RVT)                                               0.084      0.189      3.564 r
  n6580 (net)                                       1      1.432
  U5662/CO (FADDX1_RVT)                                               0.084      0.182      3.746 r
  n6595 (net)                                       1      1.432
  U4455/CO (FADDX1_RVT)                                               0.084      0.182      3.928 r
  n6679 (net)                                       1      1.432
  U4335/CO (FADDX1_RVT)                                               0.084      0.182      4.110 r
  n8961 (net)                                       1      1.432
  U4454/CO (FADDX1_RVT)                                               0.084      0.182      4.292 r
  n6706 (net)                                       1      1.432
  U4334/CO (FADDX1_RVT)                                               0.084      0.182      4.475 r
  n6711 (net)                                       1      1.432
  U5450/CO (FADDX1_RVT)                                               0.084      0.182      4.657 r
  n6723 (net)                                       1      1.432
  U4453/CO (FADDX1_RVT)                                               0.084      0.182      4.839 r
  n6752 (net)                                       1      1.432
  U4333/CO (FADDX1_RVT)                                               0.085      0.182      5.021 r
  n8915 (net)                                       1      1.432
  U4452/CO (FADDX1_RVT)                                               0.084      0.183      5.204 r
  n8908 (net)                                       1      1.432
  U4332/CO (FADDX1_RVT)                                               0.104      0.182      5.386 r
  n8885 (net)                                       1      1.432
  U4451/CO (FADDX1_RVT)                                               0.110      0.190      5.576 r
  n6779 (net)                                       1      1.432
  U4331/CO (FADDX1_RVT)                                               0.111      0.192      5.768 r
  n6802 (net)                                       1      1.432
  U4450/CO (FADDX1_RVT)                                               0.111      0.193      5.961 r
  n6949 (net)                                       1      1.432
  U4330/CO (FADDX1_RVT)                                               0.110      0.193      6.154 r
  n6981 (net)                                       1      1.432
  U4449/CO (FADDX1_RVT)                                               0.111      0.193      6.347 r
  n6988 (net)                                       1      1.432
  U4329/S (FADDX1_RVT)                                                0.094      0.278      6.625 f
  n6983 (net)                                       1      0.554
  U5222/Y (AOI22X1_RVT)                                               0.038      0.173      6.798 r
  n6986 (net)                                       1      0.555
  U5219/Y (NAND3X0_RVT)                                               0.108      0.087      6.885 f
  alu_out[27] (net)                                 1      0.736
  alu_out_q_reg_27_/RSTB (DFFSSRX1_RVT)                               0.108      0.000      6.885 f
  data arrival time                                                                         6.885

  clock clk (rise edge)                                                          5.000      5.000
  clock network delay (ideal)                                                    0.000      5.000
  alu_out_q_reg_27_/CLK (DFFSSRX1_RVT)                                0.100      0.000      5.000 r
  clock uncertainty                                                             -0.050      4.950
  library setup time                                                            -0.224      4.726
  data required time                                                                        4.726
  --------------------------------------------------------------------------------------------------------
  data required time                                                                        4.726
  data arrival time                                                                        -6.885
  --------------------------------------------------------------------------------------------------------
  slack (VIOLATED)                                                                         -2.160



  Startpoint: latched_store_reg (rising edge-triggered flip-flop clocked by clk)
  Endpoint: reg_next_pc_reg_30_ (rising edge-triggered flip-flop clocked by clk)
  Mode: func
  Corner: slow
  Scenario: func_slow
  Path Group: clk
  Path Type: max

  Point                                          Fanout     Cap       Trans      Incr       Path  
  --------------------------------------------------------------------------------------------------------
  clock clk (rise edge)                                                          0.000      0.000
  clock network delay (ideal)                                                    0.000      0.000

  latched_store_reg/CLK (DFFX1_RVT)                                   0.100      0.000      0.000 r
  latched_store_reg/Q (DFFX1_RVT)                                     0.051      0.317      0.317 f
  latched_store (net)                               2      1.230
  U6909/Y (NBUFFX2_RVT)                                               0.041      0.095      0.412 f
  n4609 (net)                                       3      1.622
  U7180/Y (NAND2X0_RVT)                                               0.100      0.086      0.498 r
  n4962 (net)                                       2      1.144
  U5095/Y (INVX0_RVT)                                                 0.084      0.088      0.586 f
  n6275 (net)                                       5      2.500
  U7154/Y (NAND2X0_RVT)                                               0.194      0.172      0.758 r
  n6484 (net)                                       5      2.968
  U4820/Y (INVX0_RVT)                                                 0.130      0.128      0.885 f
  n6487 (net)                                       6      3.124
  U6484/Y (NAND2X0_RVT)                                               0.091      0.127      1.012 r
  n4892 (net)                                       1      0.555
  U6207/Y (NAND3X0_RVT)                                               0.153      0.153      1.165 f
  n4891 (net)                                       4      2.065
  U6094/Y (AND2X1_RVT)                                                0.056      0.168      1.333 f
  n9081 (net)                                       1      1.406
  U5959/CO (FADDX1_RVT)                                               0.073      0.168      1.501 f
  n9065 (net)                                       1      1.406
  U5792/CO (FADDX1_RVT)                                               0.073      0.175      1.676 f
  n9060 (net)                                       1      1.406
  U5737/CO (FADDX1_RVT)                                               0.073      0.175      1.851 f
  n9047 (net)                                       1      1.406
  U5680/CO (FADDX1_RVT)                                               0.073      0.175      2.026 f
  n9043 (net)                                       1      1.406
  U5616/CO (FADDX1_RVT)                                               0.073      0.175      2.201 f
  n9039 (net)                                       1      1.406
  U4313/CO (FADDX1_RVT)                                               0.073      0.175      2.376 f
  n9014 (net)                                       1      1.406
  U4374/CO (FADDX1_RVT)                                               0.073      0.175      2.551 f
  n8998 (net)                                       1      1.406
  U4321/CO (FADDX1_RVT)                                               0.073      0.175      2.726 f
  n8994 (net)                                       1      1.406
  U4373/CO (FADDX1_RVT)                                               0.073      0.175      2.902 f
  n8990 (net)                                       1      1.406
  U4320/CO (FADDX1_RVT)                                               0.073      0.175      3.077 f
  n8986 (net)                                       1      1.406
  U4372/CO (FADDX1_RVT)                                               0.073      0.175      3.252 f
  n8971 (net)                                       1      1.406
  U4319/CO (FADDX1_RVT)                                               0.073      0.175      3.427 f
  n8966 (net)                                       1      1.406
  U4371/CO (FADDX1_RVT)                                               0.073      0.175      3.602 f
  n8953 (net)                                       1      1.406
  U4318/CO (FADDX1_RVT)                                               0.073      0.175      3.777 f
  n8938 (net)                                       1      1.406
  U4370/CO (FADDX1_RVT)                                               0.073      0.175      3.952 f
  n8934 (net)                                       1      1.406
  U4317/CO (FADDX1_RVT)                                               0.073      0.175      4.127 f
  n8929 (net)                                       1      1.406
  U4369/CO (FADDX1_RVT)                                               0.073      0.175      4.302 f
  n8925 (net)                                       1      1.406
  U4316/CO (FADDX1_RVT)                                               0.073      0.175      4.477 f
  n8922 (net)                                       1      1.406
  U5243/CO (FADDX1_RVT)                                               0.073      0.175      4.652 f
  n8904 (net)                                       1      1.406
  U4368/CO (FADDX1_RVT)                                               0.073      0.175      4.827 f
  n8880 (net)                                       1      1.406
  U4560/CO (FADDX1_RVT)                                               0.073      0.175      5.002 f
  n8876 (net)                                       1      1.406
  U4315/CO (FADDX1_RVT)                                               0.073      0.175      5.178 f
  n8873 (net)                                       1      1.406
  U4367/CO (FADDX1_RVT)                                               0.073      0.175      5.353 f
  n8869 (net)                                       1      1.406
  U4561/CO (FADDX1_RVT)                                               0.073      0.175      5.528 f
  n8866 (net)                                       1      1.406
  U4314/CO (FADDX1_RVT)                                               0.073      0.175      5.703 f
  n9087 (net)                                       1      1.406
  U4366/CO (FADDX1_RVT)                                               0.073      0.175      5.878 f
  n8855 (net)                                       1      1.406
  U4562/CO (FADDX1_RVT)                                               0.073      0.175      6.053 f
  n8852 (net)                                       1      1.406
  U4365/CO (FADDX1_RVT)                                               0.073      0.175      6.228 f
  n8849 (net)                                       1      1.406
  U4563/S (FADDX1_RVT)                                                0.068      0.290      6.518 r
  n8850 (net)                                       1      0.610
  U10805/Y (AO222X1_RVT)                                              0.084      0.173      6.690 r
  n3761 (net)                                       1      0.751
  reg_next_pc_reg_30_/RSTB (DFFSSRX1_RVT)                             0.084      0.000      6.690 r
  data arrival time                                                                         6.690

  clock clk (rise edge)                                                          5.000      5.000
  clock network delay (ideal)                                                    0.000      5.000
  reg_next_pc_reg_30_/CLK (DFFSSRX1_RVT)                              0.100      0.000      5.000 r
  clock uncertainty                                                             -0.050      4.950
  library setup time                                                            -0.241      4.709
  data required time                                                                        4.709
  --------------------------------------------------------------------------------------------------------
  data required time                                                                        4.709
  data arrival time                                                                        -6.690
  --------------------------------------------------------------------------------------------------------
  slack (VIOLATED)                                                                         -1.982



  Startpoint: reg_op1_reg_0_ (rising edge-triggered flip-flop clocked by clk)
  Endpoint: alu_out_q_reg_26_ (rising edge-triggered flip-flop clocked by clk)
  Mode: func
  Corner: slow
  Scenario: func_slow
  Path Group: clk
  Path Type: max

  Point                                          Fanout     Cap       Trans      Incr       Path  
  --------------------------------------------------------------------------------------------------------
  clock clk (rise edge)                                                          0.000      0.000
  clock network delay (ideal)                                                    0.000      0.000

  reg_op1_reg_0_/CLK (DFFX1_RVT)                                      0.100      0.000      0.000 r
  reg_op1_reg_0_/QN (DFFX1_RVT)                                       0.126      0.303      0.303 f
  n9251 (net)                                       8      4.475
  U7418/Y (INVX0_RVT)                                                 1.123      0.763      1.066 r
  pcpi_rs1[0] (net)                                 3     41.432
  U10900/CO (FADDX1_RVT)                                              0.164      0.445      1.511 r
  n6353 (net)                                       1      1.432
  U4461/CO (FADDX1_RVT)                                               0.089      0.213      1.724 r
  n6359 (net)                                       1      1.432
  U6671/CO (FADDX1_RVT)                                               0.101      0.184      1.908 r
  n6397 (net)                                       1      1.432
  U4460/CO (FADDX1_RVT)                                               0.084      0.189      2.097 r
  n6451 (net)                                       1      1.432
  U6494/CO (FADDX1_RVT)                                               0.084      0.182      2.279 r
  n6491 (net)                                       1      1.432
  U4459/CO (FADDX1_RVT)                                               0.084      0.182      2.461 r
  n6529 (net)                                       1      1.432
  U6299/CO (FADDX1_RVT)                                               0.091      0.182      2.643 r
  n6534 (net)                                       1      1.432
  U4458/CO (FADDX1_RVT)                                               0.084      0.185      2.828 r
  n9018 (net)                                       1      1.432
  U6045/CO (FADDX1_RVT)                                               0.084      0.182      3.011 r
  n6544 (net)                                       1      1.432
  U5910/CO (FADDX1_RVT)                                               0.085      0.182      3.193 r
  n6558 (net)                                       1      1.432
  U4457/CO (FADDX1_RVT)                                               0.100      0.182      3.375 r
  n6566 (net)                                       1      1.432
  U5775/CO (FADDX1_RVT)                                               0.084      0.189      3.564 r
  n6580 (net)                                       1      1.432
  U5662/CO (FADDX1_RVT)                                               0.084      0.182      3.746 r
  n6595 (net)                                       1      1.432
  U4455/CO (FADDX1_RVT)                                               0.084      0.182      3.928 r
  n6679 (net)                                       1      1.432
  U4335/CO (FADDX1_RVT)                                               0.084      0.182      4.110 r
  n8961 (net)                                       1      1.432
  U4454/CO (FADDX1_RVT)                                               0.084      0.182      4.292 r
  n6706 (net)                                       1      1.432
  U4334/CO (FADDX1_RVT)                                               0.084      0.182      4.475 r
  n6711 (net)                                       1      1.432
  U5450/CO (FADDX1_RVT)                                               0.084      0.182      4.657 r
  n6723 (net)                                       1      1.432
  U4453/CO (FADDX1_RVT)                                               0.084      0.182      4.839 r
  n6752 (net)                                       1      1.432
  U4333/CO (FADDX1_RVT)                                               0.085      0.182      5.021 r
  n8915 (net)                                       1      1.432
  U4452/CO (FADDX1_RVT)                                               0.084      0.183      5.204 r
  n8908 (net)                                       1      1.432
  U4332/CO (FADDX1_RVT)                                               0.104      0.182      5.386 r
  n8885 (net)                                       1      1.432
  U4451/CO (FADDX1_RVT)                                               0.110      0.190      5.576 r
  n6779 (net)                                       1      1.432
  U4331/CO (FADDX1_RVT)                                               0.111      0.192      5.768 r
  n6802 (net)                                       1      1.432
  U4450/CO (FADDX1_RVT)                                               0.111      0.193      5.961 r
  n6949 (net)                                       1      1.432
  U4330/CO (FADDX1_RVT)                                               0.110      0.193      6.154 r
  n6981 (net)                                       1      1.432
  U4449/S (FADDX1_RVT)                                                0.094      0.278      6.432 f
  n6951 (net)                                       1      0.554
  U5239/Y (AOI22X1_RVT)                                               0.038      0.173      6.605 r
  n6954 (net)                                       1      0.555
  U9252/Y (NAND3X0_RVT)                                               0.108      0.087      6.692 f
  alu_out[26] (net)                                 1      0.736
  alu_out_q_reg_26_/RSTB (DFFSSRX1_RVT)                               0.108      0.000      6.692 f
  data arrival time                                                                         6.692

  clock clk (rise edge)                                                          5.000      5.000
  clock network delay (ideal)                                                    0.000      5.000
  alu_out_q_reg_26_/CLK (DFFSSRX1_RVT)                                0.100      0.000      5.000 r
  clock uncertainty                                                             -0.050      4.950
  library setup time                                                            -0.224      4.726
  data required time                                                                        4.726
  --------------------------------------------------------------------------------------------------------
  data required time                                                                        4.726
  data arrival time                                                                        -6.692
  --------------------------------------------------------------------------------------------------------
  slack (VIOLATED)                                                                         -1.967



  Startpoint: latched_store_reg (rising edge-triggered flip-flop clocked by clk)
  Endpoint: reg_next_pc_reg_31_ (rising edge-triggered flip-flop clocked by clk)
  Mode: func
  Corner: slow
  Scenario: func_slow
  Path Group: clk
  Path Type: max

  Point                                          Fanout     Cap       Trans      Incr       Path  
  --------------------------------------------------------------------------------------------------------
  clock clk (rise edge)                                                          0.000      0.000
  clock network delay (ideal)                                                    0.000      0.000

  latched_store_reg/CLK (DFFX1_RVT)                                   0.100      0.000      0.000 r
  latched_store_reg/Q (DFFX1_RVT)                                     0.058      0.320      0.320 r
  latched_store (net)                               2      1.255
  U6909/Y (NBUFFX2_RVT)                                               0.046      0.093      0.413 r
  n4609 (net)                                       3      1.670
  U7180/Y (NAND2X0_RVT)                                               0.073      0.069      0.482 f
  n4962 (net)                                       2      1.123
  U5095/Y (INVX0_RVT)                                                 0.094      0.098      0.580 r
  n6275 (net)                                       5      2.578
  U7154/Y (NAND2X0_RVT)                                               0.143      0.143      0.724 f
  n6484 (net)                                       5      2.909
  U4820/Y (INVX0_RVT)                                                 0.129      0.149      0.873 r
  n6487 (net)                                       6      3.208
  U6484/Y (NAND2X0_RVT)                                               0.069      0.092      0.965 f
  n4892 (net)                                       1      0.537
  U6207/Y (NAND3X0_RVT)                                               0.120      0.112      1.077 r
  n4891 (net)                                       4      2.134
  U6094/Y (AND2X1_RVT)                                                0.059      0.126      1.203 r
  n9081 (net)                                       1      1.432
  U5959/CO (FADDX1_RVT)                                               0.084      0.172      1.376 r
  n9065 (net)                                       1      1.432
  U5792/CO (FADDX1_RVT)                                               0.084      0.182      1.558 r
  n9060 (net)                                       1      1.432
  U5737/CO (FADDX1_RVT)                                               0.084      0.182      1.740 r
  n9047 (net)                                       1      1.432
  U5680/CO (FADDX1_RVT)                                               0.084      0.182      1.922 r
  n9043 (net)                                       1      1.432
  U5616/CO (FADDX1_RVT)                                               0.084      0.182      2.104 r
  n9039 (net)                                       1      1.432
  U4313/CO (FADDX1_RVT)                                               0.084      0.182      2.286 r
  n9014 (net)                                       1      1.432
  U4374/CO (FADDX1_RVT)                                               0.084      0.182      2.469 r
  n8998 (net)                                       1      1.432
  U4321/CO (FADDX1_RVT)                                               0.084      0.182      2.651 r
  n8994 (net)                                       1      1.432
  U4373/CO (FADDX1_RVT)                                               0.084      0.182      2.833 r
  n8990 (net)                                       1      1.432
  U4320/CO (FADDX1_RVT)                                               0.084      0.182      3.015 r
  n8986 (net)                                       1      1.432
  U4372/CO (FADDX1_RVT)                                               0.084      0.182      3.197 r
  n8971 (net)                                       1      1.432
  U4319/CO (FADDX1_RVT)                                               0.084      0.182      3.379 r
  n8966 (net)                                       1      1.432
  U4371/CO (FADDX1_RVT)                                               0.084      0.182      3.561 r
  n8953 (net)                                       1      1.432
  U4318/CO (FADDX1_RVT)                                               0.084      0.182      3.743 r
  n8938 (net)                                       1      1.432
  U4370/CO (FADDX1_RVT)                                               0.084      0.182      3.926 r
  n8934 (net)                                       1      1.432
  U4317/CO (FADDX1_RVT)                                               0.084      0.182      4.108 r
  n8929 (net)                                       1      1.432
  U4369/CO (FADDX1_RVT)                                               0.084      0.182      4.290 r
  n8925 (net)                                       1      1.432
  U4316/CO (FADDX1_RVT)                                               0.084      0.182      4.472 r
  n8922 (net)                                       1      1.432
  U5243/CO (FADDX1_RVT)                                               0.084      0.182      4.654 r
  n8904 (net)                                       1      1.432
  U4368/CO (FADDX1_RVT)                                               0.084      0.182      4.836 r
  n8880 (net)                                       1      1.432
  U4560/CO (FADDX1_RVT)                                               0.084      0.182      5.019 r
  n8876 (net)                                       1      1.432
  U4315/CO (FADDX1_RVT)                                               0.084      0.182      5.201 r
  n8873 (net)                                       1      1.432
  U4367/CO (FADDX1_RVT)                                               0.084      0.182      5.383 r
  n8869 (net)                                       1      1.432
  U4561/CO (FADDX1_RVT)                                               0.084      0.182      5.565 r
  n8866 (net)                                       1      1.432
  U4314/CO (FADDX1_RVT)                                               0.084      0.182      5.747 r
  n9087 (net)                                       1      1.432
  U4366/CO (FADDX1_RVT)                                               0.084      0.182      5.930 r
  n8855 (net)                                       1      1.432
  U4562/CO (FADDX1_RVT)                                               0.084      0.182      6.112 r
  n8852 (net)                                       1      1.432
  U4365/CO (FADDX1_RVT)                                               0.084      0.182      6.294 r
  n8849 (net)                                       1      1.432
  U4563/CO (FADDX1_RVT)                                               0.076      0.174      6.468 r
  n8846 (net)                                       1      0.971
  U4599/Y (XOR2X1_RVT)                                                0.076      0.235      6.702 f
  n8847 (net)                                       1      0.580
  U5161/Y (AO222X1_RVT)                                               0.055      0.127      6.830 f
  n3760 (net)                                       1      0.540
  reg_next_pc_reg_31_/D (DFFX1_RVT)                                   0.055      0.000      6.830 f
  data arrival time                                                                         6.830

  clock clk (rise edge)                                                          5.000      5.000
  clock network delay (ideal)                                                    0.000      5.000
  reg_next_pc_reg_31_/CLK (DFFX1_RVT)                                 0.100      0.000      5.000 r
  clock uncertainty                                                             -0.050      4.950
  library setup time                                                            -0.081      4.869
  data required time                                                                        4.869
  --------------------------------------------------------------------------------------------------------
  data required time                                                                        4.869
  data arrival time                                                                        -6.830
  --------------------------------------------------------------------------------------------------------
  slack (VIOLATED)                                                                         -1.960



  Startpoint: latched_store_reg (rising edge-triggered flip-flop clocked by clk)
  Endpoint: reg_next_pc_reg_29_ (rising edge-triggered flip-flop clocked by clk)
  Mode: func
  Corner: slow
  Scenario: func_slow
  Path Group: clk
  Path Type: max

  Point                                          Fanout     Cap       Trans      Incr       Path  
  --------------------------------------------------------------------------------------------------------
  clock clk (rise edge)                                                          0.000      0.000
  clock network delay (ideal)                                                    0.000      0.000

  latched_store_reg/CLK (DFFX1_RVT)                                   0.100      0.000      0.000 r
  latched_store_reg/Q (DFFX1_RVT)                                     0.051      0.317      0.317 f
  latched_store (net)                               2      1.230
  U6909/Y (NBUFFX2_RVT)                                               0.041      0.095      0.412 f
  n4609 (net)                                       3      1.622
  U7180/Y (NAND2X0_RVT)                                               0.100      0.086      0.498 r
  n4962 (net)                                       2      1.144
  U5095/Y (INVX0_RVT)                                                 0.084      0.088      0.586 f
  n6275 (net)                                       5      2.500
  U7154/Y (NAND2X0_RVT)                                               0.194      0.172      0.758 r
  n6484 (net)                                       5      2.968
  U4820/Y (INVX0_RVT)                                                 0.130      0.128      0.885 f
  n6487 (net)                                       6      3.124
  U6484/Y (NAND2X0_RVT)                                               0.091      0.127      1.012 r
  n4892 (net)                                       1      0.555
  U6207/Y (NAND3X0_RVT)                                               0.153      0.153      1.165 f
  n4891 (net)                                       4      2.065
  U6094/Y (AND2X1_RVT)                                                0.056      0.168      1.333 f
  n9081 (net)                                       1      1.406
  U5959/CO (FADDX1_RVT)                                               0.073      0.168      1.501 f
  n9065 (net)                                       1      1.406
  U5792/CO (FADDX1_RVT)                                               0.073      0.175      1.676 f
  n9060 (net)                                       1      1.406
  U5737/CO (FADDX1_RVT)                                               0.073      0.175      1.851 f
  n9047 (net)                                       1      1.406
  U5680/CO (FADDX1_RVT)                                               0.073      0.175      2.026 f
  n9043 (net)                                       1      1.406
  U5616/CO (FADDX1_RVT)                                               0.073      0.175      2.201 f
  n9039 (net)                                       1      1.406
  U4313/CO (FADDX1_RVT)                                               0.073      0.175      2.376 f
  n9014 (net)                                       1      1.406
  U4374/CO (FADDX1_RVT)                                               0.073      0.175      2.551 f
  n8998 (net)                                       1      1.406
  U4321/CO (FADDX1_RVT)                                               0.073      0.175      2.726 f
  n8994 (net)                                       1      1.406
  U4373/CO (FADDX1_RVT)                                               0.073      0.175      2.902 f
  n8990 (net)                                       1      1.406
  U4320/CO (FADDX1_RVT)                                               0.073      0.175      3.077 f
  n8986 (net)                                       1      1.406
  U4372/CO (FADDX1_RVT)                                               0.073      0.175      3.252 f
  n8971 (net)                                       1      1.406
  U4319/CO (FADDX1_RVT)                                               0.073      0.175      3.427 f
  n8966 (net)                                       1      1.406
  U4371/CO (FADDX1_RVT)                                               0.073      0.175      3.602 f
  n8953 (net)                                       1      1.406
  U4318/CO (FADDX1_RVT)                                               0.073      0.175      3.777 f
  n8938 (net)                                       1      1.406
  U4370/CO (FADDX1_RVT)                                               0.073      0.175      3.952 f
  n8934 (net)                                       1      1.406
  U4317/CO (FADDX1_RVT)                                               0.073      0.175      4.127 f
  n8929 (net)                                       1      1.406
  U4369/CO (FADDX1_RVT)                                               0.073      0.175      4.302 f
  n8925 (net)                                       1      1.406
  U4316/CO (FADDX1_RVT)                                               0.073      0.175      4.477 f
  n8922 (net)                                       1      1.406
  U5243/CO (FADDX1_RVT)                                               0.073      0.175      4.652 f
  n8904 (net)                                       1      1.406
  U4368/CO (FADDX1_RVT)                                               0.073      0.175      4.827 f
  n8880 (net)                                       1      1.406
  U4560/CO (FADDX1_RVT)                                               0.073      0.175      5.002 f
  n8876 (net)                                       1      1.406
  U4315/CO (FADDX1_RVT)                                               0.073      0.175      5.178 f
  n8873 (net)                                       1      1.406
  U4367/CO (FADDX1_RVT)                                               0.073      0.175      5.353 f
  n8869 (net)                                       1      1.406
  U4561/CO (FADDX1_RVT)                                               0.073      0.175      5.528 f
  n8866 (net)                                       1      1.406
  U4314/CO (FADDX1_RVT)                                               0.073      0.175      5.703 f
  n9087 (net)                                       1      1.406
  U4366/CO (FADDX1_RVT)                                               0.073      0.175      5.878 f
  n8855 (net)                                       1      1.406
  U4562/CO (FADDX1_RVT)                                               0.073      0.175      6.053 f
  n8852 (net)                                       1      1.406
  U4365/S (FADDX1_RVT)                                                0.068      0.290      6.343 r
  n8853 (net)                                       1      0.610
  U10806/Y (AO222X1_RVT)                                              0.084      0.173      6.515 r
  n3762 (net)                                       1      0.751
  reg_next_pc_reg_29_/RSTB (DFFSSRX1_RVT)                             0.084      0.000      6.515 r
  data arrival time                                                                         6.515

  clock clk (rise edge)                                                          5.000      5.000
  clock network delay (ideal)                                                    0.000      5.000
  reg_next_pc_reg_29_/CLK (DFFSSRX1_RVT)                              0.100      0.000      5.000 r
  clock uncertainty                                                             -0.050      4.950
  library setup time                                                            -0.241      4.709
  data required time                                                                        4.709
  --------------------------------------------------------------------------------------------------------
  data required time                                                                        4.709
  data arrival time                                                                        -6.515
  --------------------------------------------------------------------------------------------------------
  slack (VIOLATED)                                                                         -1.807



  Startpoint: reg_op1_reg_0_ (rising edge-triggered flip-flop clocked by clk)
  Endpoint: alu_out_q_reg_25_ (rising edge-triggered flip-flop clocked by clk)
  Mode: func
  Corner: slow
  Scenario: func_slow
  Path Group: clk
  Path Type: max

  Point                                          Fanout     Cap       Trans      Incr       Path  
  --------------------------------------------------------------------------------------------------------
  clock clk (rise edge)                                                          0.000      0.000
  clock network delay (ideal)                                                    0.000      0.000

  reg_op1_reg_0_/CLK (DFFX1_RVT)                                      0.100      0.000      0.000 r
  reg_op1_reg_0_/QN (DFFX1_RVT)                                       0.126      0.303      0.303 f
  n9251 (net)                                       8      4.475
  U7418/Y (INVX0_RVT)                                                 1.123      0.763      1.066 r
  pcpi_rs1[0] (net)                                 3     41.432
  U10900/CO (FADDX1_RVT)                                              0.164      0.445      1.511 r
  n6353 (net)                                       1      1.432
  U4461/CO (FADDX1_RVT)                                               0.089      0.213      1.724 r
  n6359 (net)                                       1      1.432
  U6671/CO (FADDX1_RVT)                                               0.101      0.184      1.908 r
  n6397 (net)                                       1      1.432
  U4460/CO (FADDX1_RVT)                                               0.084      0.189      2.097 r
  n6451 (net)                                       1      1.432
  U6494/CO (FADDX1_RVT)                                               0.084      0.182      2.279 r
  n6491 (net)                                       1      1.432
  U4459/CO (FADDX1_RVT)                                               0.084      0.182      2.461 r
  n6529 (net)                                       1      1.432
  U6299/CO (FADDX1_RVT)                                               0.091      0.182      2.643 r
  n6534 (net)                                       1      1.432
  U4458/CO (FADDX1_RVT)                                               0.084      0.185      2.828 r
  n9018 (net)                                       1      1.432
  U6045/CO (FADDX1_RVT)                                               0.084      0.182      3.011 r
  n6544 (net)                                       1      1.432
  U5910/CO (FADDX1_RVT)                                               0.085      0.182      3.193 r
  n6558 (net)                                       1      1.432
  U4457/CO (FADDX1_RVT)                                               0.100      0.182      3.375 r
  n6566 (net)                                       1      1.432
  U5775/CO (FADDX1_RVT)                                               0.084      0.189      3.564 r
  n6580 (net)                                       1      1.432
  U5662/CO (FADDX1_RVT)                                               0.084      0.182      3.746 r
  n6595 (net)                                       1      1.432
  U4455/CO (FADDX1_RVT)                                               0.084      0.182      3.928 r
  n6679 (net)                                       1      1.432
  U4335/CO (FADDX1_RVT)                                               0.084      0.182      4.110 r
  n8961 (net)                                       1      1.432
  U4454/CO (FADDX1_RVT)                                               0.084      0.182      4.292 r
  n6706 (net)                                       1      1.432
  U4334/CO (FADDX1_RVT)                                               0.084      0.182      4.475 r
  n6711 (net)                                       1      1.432
  U5450/CO (FADDX1_RVT)                                               0.084      0.182      4.657 r
  n6723 (net)                                       1      1.432
  U4453/CO (FADDX1_RVT)                                               0.084      0.182      4.839 r
  n6752 (net)                                       1      1.432
  U4333/CO (FADDX1_RVT)                                               0.085      0.182      5.021 r
  n8915 (net)                                       1      1.432
  U4452/CO (FADDX1_RVT)                                               0.084      0.183      5.204 r
  n8908 (net)                                       1      1.432
  U4332/CO (FADDX1_RVT)                                               0.104      0.182      5.386 r
  n8885 (net)                                       1      1.432
  U4451/CO (FADDX1_RVT)                                               0.110      0.190      5.576 r
  n6779 (net)                                       1      1.432
  U4331/CO (FADDX1_RVT)                                               0.111      0.192      5.768 r
  n6802 (net)                                       1      1.432
  U4450/CO (FADDX1_RVT)                                               0.111      0.193      5.961 r
  n6949 (net)                                       1      1.432
  U4330/S (FADDX1_RVT)                                                0.093      0.279      6.239 f
  n6804 (net)                                       1      0.554
  U5256/Y (AOI22X1_RVT)                                               0.038      0.173      6.412 r
  n6806 (net)                                       1      0.555
  U9175/Y (NAND3X0_RVT)                                               0.107      0.087      6.499 f
  alu_out[25] (net)                                 1      0.736
  alu_out_q_reg_25_/RSTB (DFFSSRX1_RVT)                               0.107      0.000      6.499 f
  data arrival time                                                                         6.499

  clock clk (rise edge)                                                          5.000      5.000
  clock network delay (ideal)                                                    0.000      5.000
  alu_out_q_reg_25_/CLK (DFFSSRX1_RVT)                                0.100      0.000      5.000 r
  clock uncertainty                                                             -0.050      4.950
  library setup time                                                            -0.224      4.726
  data required time                                                                        4.726
  --------------------------------------------------------------------------------------------------------
  data required time                                                                        4.726
  data arrival time                                                                        -6.499
  --------------------------------------------------------------------------------------------------------
  slack (VIOLATED)                                                                         -1.774


1
