[icc2-lic Thu Apr 16 15:29:52 2026] Command 'report_timing' requires licenses
[icc2-lic Thu Apr 16 15:29:52 2026] Attempting to check-out alternate set of keys directly with queueing
[icc2-lic Thu Apr 16 15:29:52 2026] Sending count request for 'ICCompilerII-8' 
[icc2-lic Thu Apr 16 15:29:52 2026] Count request for 'ICCompilerII-8' returned 1 
[icc2-lic Thu Apr 16 15:29:52 2026] Sending check-out request for 'ICCompilerII-8' (1) with wait option
[icc2-lic Thu Apr 16 15:29:52 2026] Check-out request for 'ICCompilerII-8' with wait option succeeded
[icc2-lic Thu Apr 16 15:29:52 2026] Sending checkout check request for 'ICCompilerII-8' 
[icc2-lic Thu Apr 16 15:29:52 2026] Checkout check request for 'ICCompilerII-8' returned 0 
[icc2-lic Thu Apr 16 15:29:52 2026] Sending count request for 'ICCompilerII-8' 
[icc2-lic Thu Apr 16 15:29:52 2026] Count request for 'ICCompilerII-8' returned 1 
[icc2-lic Thu Apr 16 15:29:52 2026] Sending count request for 'ICCompilerII-NX' 
[icc2-lic Thu Apr 16 15:29:52 2026] Count request for 'ICCompilerII-NX' returned 1 
[icc2-lic Thu Apr 16 15:29:52 2026] Sending check-out request for 'ICCompilerII-NX' (1) with wait option
[icc2-lic Thu Apr 16 15:29:52 2026] Check-out request for 'ICCompilerII-NX' with wait option succeeded
[icc2-lic Thu Apr 16 15:29:52 2026] Sending checkout check request for 'ICCompilerII-NX' 
[icc2-lic Thu Apr 16 15:29:52 2026] Checkout check request for 'ICCompilerII-NX' returned 0 
[icc2-lic Thu Apr 16 15:29:52 2026] Sending count request for 'ICCompilerII-NX' 
[icc2-lic Thu Apr 16 15:29:52 2026] Count request for 'ICCompilerII-NX' returned 1 
[icc2-lic Thu Apr 16 15:29:52 2026] Check-out of alternate set of keys directly with queueing was successful
****************************************
Report : timing
        -path_type full
        -delay_type max
        -max_paths 10
        -report_by design
        -nets
        -transition_time
        -capacitance
Design : picorv32
Version: U-2022.12-SP3
Date   : Thu Apr 16 15:29:52 2026
****************************************

  Startpoint: reg_pc_reg_1_ (rising edge-triggered flip-flop clocked by clk)
  Endpoint: reg_out_reg_31_ (rising edge-triggered flip-flop clocked by clk)
  Mode: func
  Corner: slow
  Scenario: func_slow
  Path Group: clk
  Path Type: max

  Point                                          Fanout     Cap       Trans      Incr       Path  
  --------------------------------------------------------------------------------------------------------
  clock clk (rise edge)                                                          0.000      0.000
  clock network delay (ideal)                                                    0.000      0.000

  reg_pc_reg_1_/CLK (DFFSSRX1_RVT)                                    0.100      0.000      0.000 r
  reg_pc_reg_1_/Q (DFFSSRX1_RVT)                                      0.061      0.341      0.341 r
  reg_pc[1] (net)                                   1      0.979
  placeHFSBUF_173_324/Y (NBUFFX2_LVT)                                 0.086      0.098      0.439 r
  placeHFSNET_308 (net)                             6     11.355
  U8298/Y (AND2X1_LVT)                                                0.072      0.092      0.531 r
  n9073 (net)                                       3      4.024
  U8299/Y (AO222X1_LVT)                                               0.066      0.140      0.671 r
  n6154 (net)                                       1      1.689
  U8401/CO (FADDX1_LVT)                                               0.077      0.130      0.801 r
  n9051 (net)                                       3      3.428
  U6750/Y (AO222X1_LVT)                                               0.091      0.163      0.963 r
  n6443 (net)                                       2      3.763
  U6665/CO (FADDX1_LVT)                                               0.081      0.138      1.101 r
  n6203 (net)                                       2      3.670
  U4310/CO (FADDX1_LVT)                                               0.088      0.140      1.241 r
  n9027 (net)                                       2      4.137
  U4619/CO (FADDX1_LVT)                                               0.077      0.134      1.375 r
  n9002 (net)                                       3      3.349
  placectmTdsLR_1_1920/Y (AO221X1_LVT)                                0.071      0.137      1.512 r
  n7581 (net)                                       2      2.895
  U11961/CO (FADDX1_LVT)                                              0.065      0.116      1.628 r
  n6512 (net)                                       1      1.991
  U4659/CO (FADDX1_LVT)                                               0.087      0.135      1.762 r
  n6264 (net)                                       2      3.953
  U4658/CO (FADDX1_LVT)                                               0.077      0.133      1.895 r
  n8975 (net)                                       3      3.259
  placectmTdsLR_1_2527/Y (AO221X1_LVT)                                0.086      0.150      2.044 r
  n6219 (net)                                       2      4.235
  U4944/CO (FADDX1_LVT)                                               0.074      0.129      2.174 r
  n6257 (net)                                       3      2.974
  placectmTdsLR_1_1151/Y (AO221X1_LVT)                                0.076      0.141      2.314 r
  n8943 (net)                                       2      3.368
  U4397/CO (FADDX1_LVT)                                               0.061      0.113      2.427 r
  n6194 (net)                                       1      1.640
  U4456/CO (FADDX1_LVT)                                               0.074      0.122      2.549 r
  n6211 (net)                                       3      2.764
  placectmTdsLR_1_1558/Y (AO221X1_LVT)                                0.079      0.142      2.691 r
  n6497 (net)                                       2      3.467
  U11954/CO (FADDX1_LVT)                                              0.075      0.126      2.817 r
  n6232 (net)                                       2      2.821
  U4391/CO (FADDX1_LVT)                                               0.062      0.112      2.929 r
  n6282 (net)                                       1      1.604
  U4631/CO (FADDX1_LVT)                                               0.078      0.125      3.054 r
  n8898 (net)                                       3      3.083
  placectmTdsLR_1_1077/Y (AO221X1_LVT)                                0.077      0.142      3.196 r
  n6365 (net)                                       2      3.341
  U11959/CO (FADDX1_LVT)                                              0.065      0.115      3.311 r
  n6379 (net)                                       1      1.792
  U4648/CO (FADDX1_LVT)                                               0.075      0.127      3.438 r
  n6387 (net)                                       2      3.244
  U11963/CO (FADDX1_LVT)                                              0.062      0.112      3.550 r
  n6504 (net)                                       1      1.612
  U4654/CO (FADDX1_LVT)                                               0.085      0.132      3.682 r
  n8861 (net)                                       3      3.777
  placectmTdsLR_1_1698/Y (AO221X1_LVT)                                0.072      0.140      3.822 r
  n6520 (net)                                       2      3.006
  U11957/CO (FADDX1_LVT)                                              0.062      0.114      3.936 r
  n6549 (net)                                       1      1.768
  U4625/CO (FADDX1_LVT)                                               0.081      0.131      4.067 r
  n6603 (net)                                       2      3.693
  U4308/CO (FADDX1_LVT)                                               0.078      0.129      4.196 r
  n6649 (net)                                       2      3.011
  U4392/CO (FADDX1_LVT)                                               0.057      0.112      4.308 r
  n6650 (net)                                       1      1.529
  U4514/Y (XNOR2X1_LVT)                                               0.082      0.165      4.473 r
  n10888 (net)                                      1      4.197
  U4602/Y (AO21X1_LVT)                                                0.046      0.096      4.569 r
  N1908 (net)                                       1      1.331
  reg_out_reg_31_/RSTB (DFFSSRX1_RVT)                                 0.046      0.000      4.569 r
  data arrival time                                                                         4.569

  clock clk (rise edge)                                                          5.000      5.000
  clock network delay (ideal)                                                    0.000      5.000
  reg_out_reg_31_/CLK (DFFSSRX1_RVT)                                  0.100      0.000      5.000 r
  clock uncertainty                                                             -0.050      4.950
  library setup time                                                            -0.223      4.727
  data required time                                                                        4.727
  --------------------------------------------------------------------------------------------------------
  data required time                                                                        4.727
  data arrival time                                                                        -4.569
  --------------------------------------------------------------------------------------------------------
  slack (MET)                                                                               0.159



  Startpoint: latched_branch_reg (rising edge-triggered flip-flop clocked by clk)
  Endpoint: reg_next_pc_reg_30_ (rising edge-triggered flip-flop clocked by clk)
  Mode: func
  Corner: slow
  Scenario: func_slow
  Path Group: clk
  Path Type: max

  Point                                          Fanout     Cap       Trans      Incr       Path  
  --------------------------------------------------------------------------------------------------------
  clock clk (rise edge)                                                          0.000      0.000
  clock network delay (ideal)                                                    0.000      0.000

  latched_branch_reg/CLK (DFFX1_LVT)                                  0.100      0.000      0.000 r
  latched_branch_reg/Q (DFFX1_LVT)                                    0.041      0.194      0.194 f
  latched_branch (net)                              2      1.993
  placeHFSBUF_188_453/Y (NBUFFX4_LVT)                                 0.078      0.110      0.304 f
  placeHFSNET_431 (net)                            13     21.943
  U6930/Y (NAND2X0_RVT)                                               0.155      0.141      0.445 r
  n4345 (net)                                       2      2.226
  U4597/Y (OR2X2_LVT)                                                 0.082      0.122      0.567 r
  n6277 (net)                                       4      9.407
  U7154/Y (AND2X4_LVT)                                                0.100      0.138      0.705 r
  n6484 (net)                                      18     22.162
  placeHFSBUF_2096_587/Y (NBUFFX4_LVT)                                0.083      0.121      0.826 r
  placeHFSNET_554 (net)                            14     16.918
  placectmTdsLR_2_2076/Y (AOI222X1_LVT)                               0.054      0.167      0.993 f
  n4891 (net)                                       3      3.576
  placeHFSINV_155_203/Y (INVX1_LVT)                                   0.037      0.041      1.034 r
  placeHFSNET_197 (net)                             1      1.041
  U6094/Y (AND2X1_LVT)                                                0.042      0.063      1.097 r
  n9081 (net)                                       1      1.644
  U5959/CO (FADDX1_LVT)                                               0.065      0.106      1.204 r
  n9065 (net)                                       1      1.811
  U5792/CO (FADDX1_LVT)                                               0.065      0.113      1.317 r
  n9060 (net)                                       1      1.874
  U5737/CO (FADDX1_LVT)                                               0.069      0.116      1.433 r
  n9047 (net)                                       1      2.110
  U5680/CO (FADDX1_LVT)                                               0.065      0.114      1.546 r
  n9043 (net)                                       1      1.846
  U5616/CO (FADDX1_LVT)                                               0.062      0.112      1.658 r
  n9039 (net)                                       1      1.746
  U4313/CO (FADDX1_LVT)                                               0.064      0.110      1.768 r
  n9014 (net)                                       1      1.690
  U4374/CO (FADDX1_RVT)                                               0.097      0.186      1.955 r
  n8998 (net)                                       1      2.082
  U4321/CO (FADDX1_LVT)                                               0.067      0.122      2.077 r
  n8994 (net)                                       1      2.037
  U4373/CO (FADDX1_LVT)                                               0.068      0.116      2.193 r
  n8990 (net)                                       1      2.114
  U4320/CO (FADDX1_LVT)                                               0.064      0.112      2.306 r
  n8986 (net)                                       1      1.745
  U4372/CO (FADDX1_LVT)                                               0.063      0.110      2.415 r
  n8971 (net)                                       1      1.583
  U4319/CO (FADDX1_LVT)                                               0.063      0.110      2.525 r
  n8966 (net)                                       1      1.627
  U4371/CO (FADDX1_LVT)                                               0.066      0.114      2.639 r
  n8953 (net)                                       1      1.957
  U4318/CO (FADDX1_LVT)                                               0.063      0.111      2.750 r
  n8938 (net)                                       1      1.660
  U4370/CO (FADDX1_LVT)                                               0.064      0.111      2.861 r
  n8934 (net)                                       1      1.694
  U4317/CO (FADDX1_LVT)                                               0.066      0.113      2.974 r
  n8929 (net)                                       1      1.862
  U4369/CO (FADDX1_LVT)                                               0.063      0.111      3.084 r
  n8925 (net)                                       1      1.642
  U4316/CO (FADDX1_LVT)                                               0.063      0.110      3.194 r
  n8922 (net)                                       1      1.631
  U5243/CO (FADDX1_LVT)                                               0.065      0.110      3.305 r
  n8904 (net)                                       1      1.670
  U4368/CO (FADDX1_LVT)                                               0.064      0.111      3.415 r
  n8880 (net)                                       1      1.663
  U4560/CO (FADDX1_LVT)                                               0.063      0.110      3.525 r
  n8876 (net)                                       1      1.617
  U4315/CO (FADDX1_LVT)                                               0.062      0.109      3.634 r
  n8873 (net)                                       1      1.566
  U4367/CO (FADDX1_LVT)                                               0.065      0.111      3.746 r
  n8869 (net)                                       1      1.788
  U4561/CO (FADDX1_LVT)                                               0.063      0.110      3.856 r
  n8866 (net)                                       1      1.608
  U4314/CO (FADDX1_LVT)                                               0.068      0.114      3.970 r
  n9087 (net)                                       1      2.010
  U4366/CO (FADDX1_LVT)                                               0.069      0.115      4.085 r
  n8855 (net)                                       1      1.976
  U4562/CO (FADDX1_LVT)                                               0.065      0.112      4.197 r
  n8852 (net)                                       1      1.702
  U4365/CO (FADDX1_LVT)                                               0.067      0.114      4.311 r
  n8849 (net)                                       1      1.913
  U4563/S (FADDX1_LVT)                                                0.061      0.163      4.474 f
  n8850 (net)                                       1      1.300
  U10805/Y (AO222X1_LVT)                                              0.044      0.086      4.560 f
  n3761 (net)                                       1      1.138
  reg_next_pc_reg_30_/RSTB (DFFSSRX1_RVT)                             0.044      0.000      4.560 f
  data arrival time                                                                         4.560

  clock clk (rise edge)                                                          5.000      5.000
  clock network delay (ideal)                                                    0.000      5.000
  reg_next_pc_reg_30_/CLK (DFFSSRX1_RVT)                              0.100      0.000      5.000 r
  clock uncertainty                                                             -0.050      4.950
  library setup time                                                            -0.197      4.753
  data required time                                                                        4.753
  --------------------------------------------------------------------------------------------------------
  data required time                                                                        4.753
  data arrival time                                                                        -4.560
  --------------------------------------------------------------------------------------------------------
  slack (MET)                                                                               0.193



  Startpoint: reg_pc_reg_1_ (rising edge-triggered flip-flop clocked by clk)
  Endpoint: reg_out_reg_29_ (rising edge-triggered flip-flop clocked by clk)
  Mode: func
  Corner: slow
  Scenario: func_slow
  Path Group: clk
  Path Type: max

  Point                                          Fanout     Cap       Trans      Incr       Path  
  --------------------------------------------------------------------------------------------------------
  clock clk (rise edge)                                                          0.000      0.000
  clock network delay (ideal)                                                    0.000      0.000

  reg_pc_reg_1_/CLK (DFFSSRX1_RVT)                                    0.100      0.000      0.000 r
  reg_pc_reg_1_/Q (DFFSSRX1_RVT)                                      0.061      0.341      0.341 r
  reg_pc[1] (net)                                   1      0.979
  placeHFSBUF_173_324/Y (NBUFFX2_LVT)                                 0.086      0.098      0.439 r
  placeHFSNET_308 (net)                             6     11.355
  U8298/Y (AND2X1_LVT)                                                0.072      0.092      0.531 r
  n9073 (net)                                       3      4.024
  U8299/Y (AO222X1_LVT)                                               0.066      0.140      0.671 r
  n6154 (net)                                       1      1.689
  U8401/CO (FADDX1_LVT)                                               0.077      0.130      0.801 r
  n9051 (net)                                       3      3.428
  U6750/Y (AO222X1_LVT)                                               0.091      0.163      0.963 r
  n6443 (net)                                       2      3.763
  U6665/CO (FADDX1_LVT)                                               0.081      0.138      1.101 r
  n6203 (net)                                       2      3.670
  U4310/CO (FADDX1_LVT)                                               0.088      0.140      1.241 r
  n9027 (net)                                       2      4.137
  U4619/CO (FADDX1_LVT)                                               0.077      0.134      1.375 r
  n9002 (net)                                       3      3.349
  placectmTdsLR_1_1920/Y (AO221X1_LVT)                                0.071      0.137      1.512 r
  n7581 (net)                                       2      2.895
  U11961/CO (FADDX1_LVT)                                              0.065      0.116      1.628 r
  n6512 (net)                                       1      1.991
  U4659/CO (FADDX1_LVT)                                               0.087      0.135      1.762 r
  n6264 (net)                                       2      3.953
  U4658/CO (FADDX1_LVT)                                               0.077      0.133      1.895 r
  n8975 (net)                                       3      3.259
  placectmTdsLR_1_2527/Y (AO221X1_LVT)                                0.086      0.150      2.044 r
  n6219 (net)                                       2      4.235
  U4944/CO (FADDX1_LVT)                                               0.074      0.129      2.174 r
  n6257 (net)                                       3      2.974
  placectmTdsLR_1_1151/Y (AO221X1_LVT)                                0.076      0.141      2.314 r
  n8943 (net)                                       2      3.368
  U4397/CO (FADDX1_LVT)                                               0.061      0.113      2.427 r
  n6194 (net)                                       1      1.640
  U4456/CO (FADDX1_LVT)                                               0.074      0.122      2.549 r
  n6211 (net)                                       3      2.764
  placectmTdsLR_1_1558/Y (AO221X1_LVT)                                0.079      0.142      2.691 r
  n6497 (net)                                       2      3.467
  U11954/CO (FADDX1_LVT)                                              0.075      0.126      2.817 r
  n6232 (net)                                       2      2.821
  U4391/CO (FADDX1_LVT)                                               0.062      0.112      2.929 r
  n6282 (net)                                       1      1.604
  U4631/CO (FADDX1_LVT)                                               0.078      0.125      3.054 r
  n8898 (net)                                       3      3.083
  placectmTdsLR_1_1077/Y (AO221X1_LVT)                                0.077      0.142      3.196 r
  n6365 (net)                                       2      3.341
  U11959/CO (FADDX1_LVT)                                              0.065      0.115      3.311 r
  n6379 (net)                                       1      1.792
  U4648/CO (FADDX1_LVT)                                               0.075      0.127      3.438 r
  n6387 (net)                                       2      3.244
  U11963/CO (FADDX1_LVT)                                              0.062      0.112      3.550 r
  n6504 (net)                                       1      1.612
  U4654/CO (FADDX1_LVT)                                               0.085      0.132      3.682 r
  n8861 (net)                                       3      3.777
  placectmTdsLR_1_1698/Y (AO221X1_LVT)                                0.072      0.140      3.822 r
  n6520 (net)                                       2      3.006
  U11957/CO (FADDX1_LVT)                                              0.062      0.114      3.936 r
  n6549 (net)                                       1      1.768
  U4625/CO (FADDX1_LVT)                                               0.081      0.131      4.067 r
  n6603 (net)                                       2      3.693
  U8821/S (FADDX1_RVT)                                                0.133      0.331      4.398 f
  n6550 (net)                                       1      5.845
  U8822/Y (NAND2X0_LVT)                                               0.102      0.125      4.523 r
  n6554 (net)                                       1      1.693
  U8826/Y (NAND4X0_LVT)                                               0.098      0.063      4.586 f
  n6555 (net)                                       1      1.094
  U8827/Y (AO21X1_LVT)                                                0.043      0.087      4.673 f
  N1906 (net)                                       1      1.620
  reg_out_reg_29_/D (DFFX1_RVT)                                       0.043      0.000      4.673 f
  data arrival time                                                                         4.673

  clock clk (rise edge)                                                          5.000      5.000
  clock network delay (ideal)                                                    0.000      5.000
  reg_out_reg_29_/CLK (DFFX1_RVT)                                     0.100      0.000      5.000 r
  clock uncertainty                                                             -0.050      4.950
  library setup time                                                            -0.074      4.876
  data required time                                                                        4.876
  --------------------------------------------------------------------------------------------------------
  data required time                                                                        4.876
  data arrival time                                                                        -4.673
  --------------------------------------------------------------------------------------------------------
  slack (MET)                                                                               0.203



  Startpoint: reg_op1_reg_0_ (rising edge-triggered flip-flop clocked by clk)
  Endpoint: reg_op1_reg_29_ (rising edge-triggered flip-flop clocked by clk)
  Mode: func
  Corner: slow
  Scenario: func_slow
  Path Group: clk
  Path Type: max

  Point                                          Fanout     Cap       Trans      Incr       Path  
  --------------------------------------------------------------------------------------------------------
  clock clk (rise edge)                                                          0.000      0.000
  clock network delay (ideal)                                                    0.000      0.000

  reg_op1_reg_0_/CLK (DFFX1_RVT)                                      0.100      0.000      0.000 r
  reg_op1_reg_0_/QN (DFFX1_RVT)                                       0.114      0.287      0.287 f
  n9251 (net)                                       2      3.329
  placeHFSBUF_183_434/Y (NBUFFX4_LVT)                                 0.074      0.140      0.427 f
  placeHFSNET_413 (net)                             7     18.146
  U7544/Y (OR2X1_RVT)                                                 0.053      0.125      0.552 f
  n5270 (net)                                       2      1.737
  U5133/Y (NOR2X0_RVT)                                                0.055      0.156      0.708 r
  n5269 (net)                                       2      1.778
  U6763/Y (AO21X1_RVT)                                                0.073      0.104      0.811 r
  n5714 (net)                                       2      1.719
  U5101/Y (OR2X1_RVT)                                                 0.074      0.124      0.936 r
  n5715 (net)                                       3      2.404
  placectmTdsLR_1_1404/Y (OAI221X1_LVT)                               0.064      0.150      1.086 f
  n5404 (net)                                       3      5.419
  placectmTdsLR_1_1526/Y (OA222X1_LVT)                                0.080      0.145      1.232 f
  n7259 (net)                                       2      3.256
  U6128/CO (FADDX1_RVT)                                               0.090      0.199      1.430 f
  n5892 (net)                                       2      2.784
  U4990/Y (AO22X1_LVT)                                                0.057      0.103      1.533 f
  n7389 (net)                                       3      3.180
  placectmTdsLR_1_3381/Y (OA222X1_LVT)                                0.075      0.137      1.671 f
  n9094 (net)                                       2      2.659
  U4939/Y (AO22X1_LVT)                                                0.052      0.098      1.769 f
  n7423 (net)                                       2      3.254
  U5731/CO (FADDX1_RVT)                                               0.100      0.198      1.967 f
  n5545 (net)                                       2      3.573
  U5677/CO (FADDX1_RVT)                                               0.097      0.214      2.180 f
  n5573 (net)                                       2      3.315
  U5612/CO (FADDX1_RVT)                                               0.097      0.213      2.393 f
  n5791 (net)                                       2      3.315
  U5546/CO (FADDX1_RVT)                                               0.095      0.211      2.604 f
  n5687 (net)                                       2      3.213
  U5495/CO (FADDX1_RVT)                                               0.103      0.219      2.823 f
  n5842 (net)                                       3      3.815
  placectmTdsLR_1_3324/Y (OA222X1_LVT)                                0.080      0.160      2.983 f
  n5765 (net)                                       3      3.215
  placectmTdsLR_1_1426/Y (OA222X1_LVT)                                0.080      0.189      3.172 f
  n5630 (net)                                       3      3.238
  placectmTdsLR_1_1557/Y (OA222X1_LVT)                                0.103      0.177      3.349 f
  n5921 (net)                                       4      6.444
  placectmTdsLR_1_1660/Y (AO221X1_LVT)                                0.061      0.179      3.528 f
  n4852 (net)                                       3      3.038
  placectmTdsLR_1_1798/Y (NAND3X0_LVT)                                0.058      0.058      3.586 r
  tmp_net387 (net)                                  1      0.660
  placectmTdsLR_2_1799/Y (OAI21X1_LVT)                                0.053      0.132      3.718 f
  n5171 (net)                                       3      2.756
  placectmTdsLR_2_2432/Y (AO221X1_LVT)                                0.055      0.148      3.866 f
  n4537 (net)                                       2      2.378
  placectmTdsLR_1_2536/Y (AO222X1_LVT)                                0.075      0.167      4.033 f
  n4361 (net)                                       3      5.159
  U4258/Y (XNOR2X1_RVT)                                               0.082      0.223      4.256 f
  n5306 (net)                                       2      2.007
  U5247/Y (OAI21X1_RVT)                                               0.069      0.281      4.537 r
  n5386 (net)                                       1      1.729
  U5191/Y (AO22X1_LVT)                                                0.055      0.108      4.645 r
  n2511 (net)                                       1      2.059
  reg_op1_reg_29_/D (DFFX1_RVT)                                       0.055      0.000      4.645 r
  data arrival time                                                                         4.645

  clock clk (rise edge)                                                          5.000      5.000
  clock network delay (ideal)                                                    0.000      5.000
  reg_op1_reg_29_/CLK (DFFX1_RVT)                                     0.100      0.000      5.000 r
  clock uncertainty                                                             -0.050      4.950
  library setup time                                                            -0.100      4.850
  data required time                                                                        4.850
  --------------------------------------------------------------------------------------------------------
  data required time                                                                        4.850
  data arrival time                                                                        -4.645
  --------------------------------------------------------------------------------------------------------
  slack (MET)                                                                               0.206



  Startpoint: reg_pc_reg_1_ (rising edge-triggered flip-flop clocked by clk)
  Endpoint: reg_out_reg_27_ (rising edge-triggered flip-flop clocked by clk)
  Mode: func
  Corner: slow
  Scenario: func_slow
  Path Group: clk
  Path Type: max

  Point                                          Fanout     Cap       Trans      Incr       Path  
  --------------------------------------------------------------------------------------------------------
  clock clk (rise edge)                                                          0.000      0.000
  clock network delay (ideal)                                                    0.000      0.000

  reg_pc_reg_1_/CLK (DFFSSRX1_RVT)                                    0.100      0.000      0.000 r
  reg_pc_reg_1_/Q (DFFSSRX1_RVT)                                      0.057      0.337      0.337 f
  reg_pc[1] (net)                                   1      0.971
  placeHFSBUF_173_324/Y (NBUFFX2_LVT)                                 0.067      0.099      0.436 f
  placeHFSNET_308 (net)                             6     11.254
  U8298/Y (AND2X1_LVT)                                                0.061      0.106      0.542 f
  n9073 (net)                                       3      3.976
  U8299/Y (AO222X1_LVT)                                               0.045      0.124      0.666 f
  n6154 (net)                                       1      1.675
  U8401/CO (FADDX1_LVT)                                               0.065      0.119      0.785 f
  n9051 (net)                                       3      3.392
  U6750/Y (AO222X1_LVT)                                               0.068      0.143      0.928 f
  n6443 (net)                                       2      3.724
  U6665/CO (FADDX1_LVT)                                               0.068      0.130      1.058 f
  n6203 (net)                                       2      3.631
  U4310/CO (FADDX1_LVT)                                               0.072      0.134      1.191 f
  n9027 (net)                                       2      4.103
  U4619/CO (FADDX1_LVT)                                               0.066      0.128      1.320 f
  n9002 (net)                                       3      3.331
  placectmTdsLR_1_1920/Y (AO221X1_LVT)                                0.061      0.159      1.479 f
  n7581 (net)                                       2      2.849
  U11961/CO (FADDX1_LVT)                                              0.058      0.112      1.590 f
  n6512 (net)                                       1      1.978
  U4659/CO (FADDX1_LVT)                                               0.073      0.128      1.719 f
  n6264 (net)                                       2      3.914
  U4658/CO (FADDX1_LVT)                                               0.065      0.128      1.847 f
  n8975 (net)                                       3      3.234
  placectmTdsLR_1_2527/Y (AO221X1_LVT)                                0.070      0.170      2.017 f
  n6219 (net)                                       2      4.201
  U4944/CO (FADDX1_LVT)                                               0.062      0.124      2.141 f
  n6257 (net)                                       3      2.961
  placectmTdsLR_1_1151/Y (AO221X1_LVT)                                0.063      0.161      2.302 f
  n8943 (net)                                       2      3.322
  U4397/CO (FADDX1_LVT)                                               0.053      0.109      2.411 f
  n6194 (net)                                       1      1.627
  U4456/CO (FADDX1_LVT)                                               0.065      0.115      2.526 f
  n6211 (net)                                       3      2.716
  placectmTdsLR_1_1558/Y (AO221X1_LVT)                                0.065      0.164      2.690 f
  n6497 (net)                                       2      3.434
  U11954/CO (FADDX1_LVT)                                              0.065      0.120      2.810 f
  n6232 (net)                                       2      2.776
  U4391/CO (FADDX1_LVT)                                               0.053      0.109      2.919 f
  n6282 (net)                                       1      1.590
  U4631/CO (FADDX1_LVT)                                               0.068      0.119      3.038 f
  n8898 (net)                                       3      3.053
  placectmTdsLR_1_1077/Y (AO221X1_LVT)                                0.063      0.164      3.202 f
  n6365 (net)                                       2      3.302
  U11959/CO (FADDX1_LVT)                                              0.058      0.110      3.312 f
  n6379 (net)                                       1      1.778
  U4648/CO (FADDX1_LVT)                                               0.064      0.122      3.434 f
  n6387 (net)                                       2      3.198
  U11963/CO (FADDX1_LVT)                                              0.056      0.108      3.542 f
  n6504 (net)                                       1      1.598
  U4654/CO (FADDX1_LVT)                                               0.072      0.126      3.668 f
  n8861 (net)                                       3      3.758
  placectmTdsLR_1_1698/Y (AO221X1_LVT)                                0.060      0.163      3.832 f
  n6520 (net)                                       2      2.961
  U4263/SO (HADDX1_RVT)                                               0.064      0.218      4.049 r
  n6505 (net)                                       1      1.631
  U8792/SO (HADDX1_RVT)                                               0.116      0.243      4.292 f
  n6506 (net)                                       1      5.450
  U8793/Y (NAND2X0_LVT)                                               0.089      0.108      4.400 r
  n6510 (net)                                       1      1.344
  U5233/Y (NAND4X0_LVT)                                               0.088      0.057      4.458 f
  n6511 (net)                                       1      0.891
  U8796/Y (AO21X1_LVT)                                                0.045      0.087      4.545 f
  N1904 (net)                                       1      1.945
  reg_out_reg_27_/RSTB (DFFSSRX1_RVT)                                 0.045      0.000      4.545 f
  data arrival time                                                                         4.545

  clock clk (rise edge)                                                          5.000      5.000
  clock network delay (ideal)                                                    0.000      5.000
  reg_out_reg_27_/CLK (DFFSSRX1_RVT)                                  0.100      0.000      5.000 r
  clock uncertainty                                                             -0.050      4.950
  library setup time                                                            -0.197      4.753
  data required time                                                                        4.753
  --------------------------------------------------------------------------------------------------------
  data required time                                                                        4.753
  data arrival time                                                                        -4.545
  --------------------------------------------------------------------------------------------------------
  slack (MET)                                                                               0.208



  Startpoint: reg_pc_reg_1_ (rising edge-triggered flip-flop clocked by clk)
  Endpoint: reg_out_reg_30_ (rising edge-triggered flip-flop clocked by clk)
  Mode: func
  Corner: slow
  Scenario: func_slow
  Path Group: clk
  Path Type: max

  Point                                          Fanout     Cap       Trans      Incr       Path  
  --------------------------------------------------------------------------------------------------------
  clock clk (rise edge)                                                          0.000      0.000
  clock network delay (ideal)                                                    0.000      0.000

  reg_pc_reg_1_/CLK (DFFSSRX1_RVT)                                    0.100      0.000      0.000 r
  reg_pc_reg_1_/Q (DFFSSRX1_RVT)                                      0.061      0.341      0.341 r
  reg_pc[1] (net)                                   1      0.979
  placeHFSBUF_173_324/Y (NBUFFX2_LVT)                                 0.086      0.098      0.439 r
  placeHFSNET_308 (net)                             6     11.355
  U8298/Y (AND2X1_LVT)                                                0.072      0.092      0.531 r
  n9073 (net)                                       3      4.024
  U8299/Y (AO222X1_LVT)                                               0.066      0.140      0.671 r
  n6154 (net)                                       1      1.689
  U8401/CO (FADDX1_LVT)                                               0.077      0.130      0.801 r
  n9051 (net)                                       3      3.428
  U6750/Y (AO222X1_LVT)                                               0.091      0.163      0.963 r
  n6443 (net)                                       2      3.763
  U6665/CO (FADDX1_LVT)                                               0.081      0.138      1.101 r
  n6203 (net)                                       2      3.670
  U4310/CO (FADDX1_LVT)                                               0.088      0.140      1.241 r
  n9027 (net)                                       2      4.137
  U4619/CO (FADDX1_LVT)                                               0.077      0.134      1.375 r
  n9002 (net)                                       3      3.349
  placectmTdsLR_1_1920/Y (AO221X1_LVT)                                0.071      0.137      1.512 r
  n7581 (net)                                       2      2.895
  U11961/CO (FADDX1_LVT)                                              0.065      0.116      1.628 r
  n6512 (net)                                       1      1.991
  U4659/CO (FADDX1_LVT)                                               0.087      0.135      1.762 r
  n6264 (net)                                       2      3.953
  U4658/CO (FADDX1_LVT)                                               0.077      0.133      1.895 r
  n8975 (net)                                       3      3.259
  placectmTdsLR_1_2527/Y (AO221X1_LVT)                                0.086      0.150      2.044 r
  n6219 (net)                                       2      4.235
  U4944/CO (FADDX1_LVT)                                               0.074      0.129      2.174 r
  n6257 (net)                                       3      2.974
  placectmTdsLR_1_1151/Y (AO221X1_LVT)                                0.076      0.141      2.314 r
  n8943 (net)                                       2      3.368
  U4397/CO (FADDX1_LVT)                                               0.061      0.113      2.427 r
  n6194 (net)                                       1      1.640
  U4456/CO (FADDX1_LVT)                                               0.074      0.122      2.549 r
  n6211 (net)                                       3      2.764
  placectmTdsLR_1_1558/Y (AO221X1_LVT)                                0.079      0.142      2.691 r
  n6497 (net)                                       2      3.467
  U11954/CO (FADDX1_LVT)                                              0.075      0.126      2.817 r
  n6232 (net)                                       2      2.821
  U4391/CO (FADDX1_LVT)                                               0.062      0.112      2.929 r
  n6282 (net)                                       1      1.604
  U4631/CO (FADDX1_LVT)                                               0.078      0.125      3.054 r
  n8898 (net)                                       3      3.083
  placectmTdsLR_1_1077/Y (AO221X1_LVT)                                0.077      0.142      3.196 r
  n6365 (net)                                       2      3.341
  U11959/CO (FADDX1_LVT)                                              0.065      0.115      3.311 r
  n6379 (net)                                       1      1.792
  U4648/CO (FADDX1_LVT)                                               0.075      0.127      3.438 r
  n6387 (net)                                       2      3.244
  U11963/CO (FADDX1_LVT)                                              0.062      0.112      3.550 r
  n6504 (net)                                       1      1.612
  U4654/CO (FADDX1_LVT)                                               0.085      0.132      3.682 r
  n8861 (net)                                       3      3.777
  placectmTdsLR_1_1698/Y (AO221X1_LVT)                                0.072      0.140      3.822 r
  n6520 (net)                                       2      3.006
  U11957/CO (FADDX1_LVT)                                              0.062      0.114      3.936 r
  n6549 (net)                                       1      1.768
  U4625/CO (FADDX1_LVT)                                               0.081      0.131      4.067 r
  n6603 (net)                                       2      3.693
  U4308/CO (FADDX1_LVT)                                               0.078      0.129      4.196 r
  n6649 (net)                                       2      3.011
  U4467/SO (HADDX1_RVT)                                               0.071      0.207      4.403 f
  n6604 (net)                                       1      1.458
  U5231/SO (HADDX2_LVT)                                               0.057      0.173      4.576 r
  n6605 (net)                                       1      4.920
  placectmTdsLR_1_2203/Y (AO221X1_LVT)                                0.060      0.103      4.678 r
  N1907 (net)                                       1      1.408
  reg_out_reg_30_/D (DFFX1_LVT)                                       0.060      0.000      4.678 r
  data arrival time                                                                         4.678

  clock clk (rise edge)                                                          5.000      5.000
  clock network delay (ideal)                                                    0.000      5.000
  reg_out_reg_30_/CLK (DFFX1_LVT)                                     0.100      0.000      5.000 r
  clock uncertainty                                                             -0.050      4.950
  library setup time                                                            -0.058      4.892
  data required time                                                                        4.892
  --------------------------------------------------------------------------------------------------------
  data required time                                                                        4.892
  data arrival time                                                                        -4.678
  --------------------------------------------------------------------------------------------------------
  slack (MET)                                                                               0.213



  Startpoint: latched_branch_reg (rising edge-triggered flip-flop clocked by clk)
  Endpoint: reg_next_pc_reg_31_ (rising edge-triggered flip-flop clocked by clk)
  Mode: func
  Corner: slow
  Scenario: func_slow
  Path Group: clk
  Path Type: max

  Point                                          Fanout     Cap       Trans      Incr       Path  
  --------------------------------------------------------------------------------------------------------
  clock clk (rise edge)                                                          0.000      0.000
  clock network delay (ideal)                                                    0.000      0.000

  latched_branch_reg/CLK (DFFX1_LVT)                                  0.100      0.000      0.000 r
  latched_branch_reg/Q (DFFX1_LVT)                                    0.041      0.194      0.194 f
  latched_branch (net)                              2      1.993
  placeHFSBUF_188_453/Y (NBUFFX4_LVT)                                 0.078      0.110      0.304 f
  placeHFSNET_431 (net)                            13     21.943
  U6930/Y (NAND2X0_RVT)                                               0.155      0.141      0.445 r
  n4345 (net)                                       2      2.226
  U4597/Y (OR2X2_LVT)                                                 0.082      0.122      0.567 r
  n6277 (net)                                       4      9.407
  U7154/Y (AND2X4_LVT)                                                0.100      0.138      0.705 r
  n6484 (net)                                      18     22.162
  placeHFSBUF_2096_587/Y (NBUFFX4_LVT)                                0.083      0.121      0.826 r
  placeHFSNET_554 (net)                            14     16.918
  placectmTdsLR_2_2076/Y (AOI222X1_LVT)                               0.054      0.167      0.993 f
  n4891 (net)                                       3      3.576
  placeHFSINV_155_203/Y (INVX1_LVT)                                   0.037      0.041      1.034 r
  placeHFSNET_197 (net)                             1      1.041
  U6094/Y (AND2X1_LVT)                                                0.042      0.063      1.097 r
  n9081 (net)                                       1      1.644
  U5959/CO (FADDX1_LVT)                                               0.065      0.106      1.204 r
  n9065 (net)                                       1      1.811
  U5792/CO (FADDX1_LVT)                                               0.065      0.113      1.317 r
  n9060 (net)                                       1      1.874
  U5737/CO (FADDX1_LVT)                                               0.069      0.116      1.433 r
  n9047 (net)                                       1      2.110
  U5680/CO (FADDX1_LVT)                                               0.065      0.114      1.546 r
  n9043 (net)                                       1      1.846
  U5616/CO (FADDX1_LVT)                                               0.062      0.112      1.658 r
  n9039 (net)                                       1      1.746
  U4313/CO (FADDX1_LVT)                                               0.064      0.110      1.768 r
  n9014 (net)                                       1      1.690
  U4374/CO (FADDX1_RVT)                                               0.097      0.186      1.955 r
  n8998 (net)                                       1      2.082
  U4321/CO (FADDX1_LVT)                                               0.067      0.122      2.077 r
  n8994 (net)                                       1      2.037
  U4373/CO (FADDX1_LVT)                                               0.068      0.116      2.193 r
  n8990 (net)                                       1      2.114
  U4320/CO (FADDX1_LVT)                                               0.064      0.112      2.306 r
  n8986 (net)                                       1      1.745
  U4372/CO (FADDX1_LVT)                                               0.063      0.110      2.415 r
  n8971 (net)                                       1      1.583
  U4319/CO (FADDX1_LVT)                                               0.063      0.110      2.525 r
  n8966 (net)                                       1      1.627
  U4371/CO (FADDX1_LVT)                                               0.066      0.114      2.639 r
  n8953 (net)                                       1      1.957
  U4318/CO (FADDX1_LVT)                                               0.063      0.111      2.750 r
  n8938 (net)                                       1      1.660
  U4370/CO (FADDX1_LVT)                                               0.064      0.111      2.861 r
  n8934 (net)                                       1      1.694
  U4317/CO (FADDX1_LVT)                                               0.066      0.113      2.974 r
  n8929 (net)                                       1      1.862
  U4369/CO (FADDX1_LVT)                                               0.063      0.111      3.084 r
  n8925 (net)                                       1      1.642
  U4316/CO (FADDX1_LVT)                                               0.063      0.110      3.194 r
  n8922 (net)                                       1      1.631
  U5243/CO (FADDX1_LVT)                                               0.065      0.110      3.305 r
  n8904 (net)                                       1      1.670
  U4368/CO (FADDX1_LVT)                                               0.064      0.111      3.415 r
  n8880 (net)                                       1      1.663
  U4560/CO (FADDX1_LVT)                                               0.063      0.110      3.525 r
  n8876 (net)                                       1      1.617
  U4315/CO (FADDX1_LVT)                                               0.062      0.109      3.634 r
  n8873 (net)                                       1      1.566
  U4367/CO (FADDX1_LVT)                                               0.065      0.111      3.746 r
  n8869 (net)                                       1      1.788
  U4561/CO (FADDX1_LVT)                                               0.063      0.110      3.856 r
  n8866 (net)                                       1      1.608
  U4314/CO (FADDX1_LVT)                                               0.068      0.114      3.970 r
  n9087 (net)                                       1      2.010
  U4366/CO (FADDX1_LVT)                                               0.069      0.115      4.085 r
  n8855 (net)                                       1      1.976
  U4562/CO (FADDX1_LVT)                                               0.065      0.112      4.197 r
  n8852 (net)                                       1      1.702
  U4365/CO (FADDX1_LVT)                                               0.067      0.114      4.311 r
  n8849 (net)                                       1      1.913
  U4563/CO (FADDX1_LVT)                                               0.062      0.109      4.420 r
  n8846 (net)                                       1      1.473
  U4599/Y (XOR2X1_LVT)                                                0.053      0.135      4.555 f
  n8847 (net)                                       1      0.877
  U5161/Y (AO222X1_LVT)                                               0.043      0.077      4.632 f
  n3760 (net)                                       1      0.883
  reg_next_pc_reg_31_/D (DFFX1_RVT)                                   0.043      0.000      4.632 f
  data arrival time                                                                         4.632

  clock clk (rise edge)                                                          5.000      5.000
  clock network delay (ideal)                                                    0.000      5.000
  reg_next_pc_reg_31_/CLK (DFFX1_RVT)                                 0.100      0.000      5.000 r
  clock uncertainty                                                             -0.050      4.950
  library setup time                                                            -0.074      4.876
  data required time                                                                        4.876
  --------------------------------------------------------------------------------------------------------
  data required time                                                                        4.876
  data arrival time                                                                        -4.632
  --------------------------------------------------------------------------------------------------------
  slack (MET)                                                                               0.244



  Startpoint: reg_op1_reg_0_ (rising edge-triggered flip-flop clocked by clk)
  Endpoint: reg_op1_reg_28_ (rising edge-triggered flip-flop clocked by clk)
  Mode: func
  Corner: slow
  Scenario: func_slow
  Path Group: clk
  Path Type: max

  Point                                          Fanout     Cap       Trans      Incr       Path  
  --------------------------------------------------------------------------------------------------------
  clock clk (rise edge)                                                          0.000      0.000
  clock network delay (ideal)                                                    0.000      0.000

  reg_op1_reg_0_/CLK (DFFX1_RVT)                                      0.100      0.000      0.000 r
  reg_op1_reg_0_/QN (DFFX1_RVT)                                       0.114      0.287      0.287 f
  n9251 (net)                                       2      3.329
  placeHFSBUF_183_434/Y (NBUFFX4_LVT)                                 0.074      0.140      0.427 f
  placeHFSNET_413 (net)                             7     18.146
  U7544/Y (OR2X1_RVT)                                                 0.053      0.125      0.552 f
  n5270 (net)                                       2      1.737
  U5133/Y (NOR2X0_RVT)                                                0.055      0.156      0.708 r
  n5269 (net)                                       2      1.778
  U6763/Y (AO21X1_RVT)                                                0.073      0.104      0.811 r
  n5714 (net)                                       2      1.719
  U5101/Y (OR2X1_RVT)                                                 0.074      0.124      0.936 r
  n5715 (net)                                       3      2.404
  placectmTdsLR_1_1404/Y (OAI221X1_LVT)                               0.064      0.150      1.086 f
  n5404 (net)                                       3      5.419
  placectmTdsLR_1_1526/Y (OA222X1_LVT)                                0.080      0.145      1.232 f
  n7259 (net)                                       2      3.256
  U6128/CO (FADDX1_RVT)                                               0.090      0.199      1.430 f
  n5892 (net)                                       2      2.784
  U4990/Y (AO22X1_LVT)                                                0.057      0.103      1.533 f
  n7389 (net)                                       3      3.180
  placectmTdsLR_1_3381/Y (OA222X1_LVT)                                0.075      0.137      1.671 f
  n9094 (net)                                       2      2.659
  U4939/Y (AO22X1_LVT)                                                0.052      0.098      1.769 f
  n7423 (net)                                       2      3.254
  U5731/CO (FADDX1_RVT)                                               0.100      0.198      1.967 f
  n5545 (net)                                       2      3.573
  U5677/CO (FADDX1_RVT)                                               0.097      0.214      2.180 f
  n5573 (net)                                       2      3.315
  U5612/CO (FADDX1_RVT)                                               0.097      0.213      2.393 f
  n5791 (net)                                       2      3.315
  U5546/CO (FADDX1_RVT)                                               0.095      0.211      2.604 f
  n5687 (net)                                       2      3.213
  U5495/CO (FADDX1_RVT)                                               0.103      0.219      2.823 f
  n5842 (net)                                       3      3.815
  placectmTdsLR_1_3324/Y (OA222X1_LVT)                                0.080      0.160      2.983 f
  n5765 (net)                                       3      3.215
  placectmTdsLR_1_1426/Y (OA222X1_LVT)                                0.080      0.189      3.172 f
  n5630 (net)                                       3      3.238
  placectmTdsLR_1_1557/Y (OA222X1_LVT)                                0.103      0.177      3.349 f
  n5921 (net)                                       4      6.444
  placectmTdsLR_1_1660/Y (AO221X1_LVT)                                0.061      0.179      3.528 f
  n4852 (net)                                       3      3.038
  placectmTdsLR_1_1798/Y (NAND3X0_LVT)                                0.058      0.058      3.586 r
  tmp_net387 (net)                                  1      0.660
  placectmTdsLR_2_1799/Y (OAI21X1_LVT)                                0.053      0.132      3.718 f
  n5171 (net)                                       3      2.756
  placectmTdsLR_2_2432/Y (AO221X1_LVT)                                0.055      0.148      3.866 f
  n4537 (net)                                       2      2.378
  U4273/Y (AO21X1_RVT)                                                0.058      0.108      3.974 f
  n7069 (net)                                       1      1.406
  U4868/Y (XNOR2X1_RVT)                                               0.091      0.227      4.200 r
  n7096 (net)                                       2      2.182
  U4867/Y (INVX0_RVT)                                                 0.053      0.053      4.253 f
  n7097 (net)                                       1      0.747
  U4679/Y (OAI21X1_RVT)                                               0.053      0.227      4.480 r
  n9510 (net)                                       1      0.632
  U4469/Y (AO22X1_LVT)                                                0.060      0.106      4.586 r
  n2512 (net)                                       1      1.989
  reg_op1_reg_28_/D (DFFX1_RVT)                                       0.060      0.000      4.586 r
  data arrival time                                                                         4.586

  clock clk (rise edge)                                                          5.000      5.000
  clock network delay (ideal)                                                    0.000      5.000
  reg_op1_reg_28_/CLK (DFFX1_RVT)                                     0.100      0.000      5.000 r
  clock uncertainty                                                             -0.050      4.950
  library setup time                                                            -0.102      4.848
  data required time                                                                        4.848
  --------------------------------------------------------------------------------------------------------
  data required time                                                                        4.848
  data arrival time                                                                        -4.586
  --------------------------------------------------------------------------------------------------------
  slack (MET)                                                                               0.262



  Startpoint: latched_branch_reg (rising edge-triggered flip-flop clocked by clk)
  Endpoint: reg_next_pc_reg_29_ (rising edge-triggered flip-flop clocked by clk)
  Mode: func
  Corner: slow
  Scenario: func_slow
  Path Group: clk
  Path Type: max

  Point                                          Fanout     Cap       Trans      Incr       Path  
  --------------------------------------------------------------------------------------------------------
  clock clk (rise edge)                                                          0.000      0.000
  clock network delay (ideal)                                                    0.000      0.000

  latched_branch_reg/CLK (DFFX1_LVT)                                  0.100      0.000      0.000 r
  latched_branch_reg/Q (DFFX1_LVT)                                    0.041      0.194      0.194 f
  latched_branch (net)                              2      1.993
  placeHFSBUF_188_453/Y (NBUFFX4_LVT)                                 0.078      0.110      0.304 f
  placeHFSNET_431 (net)                            13     21.943
  U6930/Y (NAND2X0_RVT)                                               0.155      0.141      0.445 r
  n4345 (net)                                       2      2.226
  U4597/Y (OR2X2_LVT)                                                 0.082      0.122      0.567 r
  n6277 (net)                                       4      9.407
  U7154/Y (AND2X4_LVT)                                                0.100      0.138      0.705 r
  n6484 (net)                                      18     22.162
  placeHFSBUF_2096_587/Y (NBUFFX4_LVT)                                0.083      0.121      0.826 r
  placeHFSNET_554 (net)                            14     16.918
  placectmTdsLR_2_2076/Y (AOI222X1_LVT)                               0.054      0.167      0.993 f
  n4891 (net)                                       3      3.576
  placeHFSINV_155_203/Y (INVX1_LVT)                                   0.037      0.041      1.034 r
  placeHFSNET_197 (net)                             1      1.041
  U6094/Y (AND2X1_LVT)                                                0.042      0.063      1.097 r
  n9081 (net)                                       1      1.644
  U5959/CO (FADDX1_LVT)                                               0.065      0.106      1.204 r
  n9065 (net)                                       1      1.811
  U5792/CO (FADDX1_LVT)                                               0.065      0.113      1.317 r
  n9060 (net)                                       1      1.874
  U5737/CO (FADDX1_LVT)                                               0.069      0.116      1.433 r
  n9047 (net)                                       1      2.110
  U5680/CO (FADDX1_LVT)                                               0.065      0.114      1.546 r
  n9043 (net)                                       1      1.846
  U5616/CO (FADDX1_LVT)                                               0.062      0.112      1.658 r
  n9039 (net)                                       1      1.746
  U4313/CO (FADDX1_LVT)                                               0.064      0.110      1.768 r
  n9014 (net)                                       1      1.690
  U4374/CO (FADDX1_RVT)                                               0.097      0.186      1.955 r
  n8998 (net)                                       1      2.082
  U4321/CO (FADDX1_LVT)                                               0.067      0.122      2.077 r
  n8994 (net)                                       1      2.037
  U4373/CO (FADDX1_LVT)                                               0.068      0.116      2.193 r
  n8990 (net)                                       1      2.114
  U4320/CO (FADDX1_LVT)                                               0.064      0.112      2.306 r
  n8986 (net)                                       1      1.745
  U4372/CO (FADDX1_LVT)                                               0.063      0.110      2.415 r
  n8971 (net)                                       1      1.583
  U4319/CO (FADDX1_LVT)                                               0.063      0.110      2.525 r
  n8966 (net)                                       1      1.627
  U4371/CO (FADDX1_LVT)                                               0.066      0.114      2.639 r
  n8953 (net)                                       1      1.957
  U4318/CO (FADDX1_LVT)                                               0.063      0.111      2.750 r
  n8938 (net)                                       1      1.660
  U4370/CO (FADDX1_LVT)                                               0.064      0.111      2.861 r
  n8934 (net)                                       1      1.694
  U4317/CO (FADDX1_LVT)                                               0.066      0.113      2.974 r
  n8929 (net)                                       1      1.862
  U4369/CO (FADDX1_LVT)                                               0.063      0.111      3.084 r
  n8925 (net)                                       1      1.642
  U4316/CO (FADDX1_LVT)                                               0.063      0.110      3.194 r
  n8922 (net)                                       1      1.631
  U5243/CO (FADDX1_LVT)                                               0.065      0.110      3.305 r
  n8904 (net)                                       1      1.670
  U4368/CO (FADDX1_LVT)                                               0.064      0.111      3.415 r
  n8880 (net)                                       1      1.663
  U4560/CO (FADDX1_LVT)                                               0.063      0.110      3.525 r
  n8876 (net)                                       1      1.617
  U4315/CO (FADDX1_LVT)                                               0.062      0.109      3.634 r
  n8873 (net)                                       1      1.566
  U4367/CO (FADDX1_LVT)                                               0.065      0.111      3.746 r
  n8869 (net)                                       1      1.788
  U4561/CO (FADDX1_LVT)                                               0.063      0.110      3.856 r
  n8866 (net)                                       1      1.608
  U4314/CO (FADDX1_LVT)                                               0.068      0.114      3.970 r
  n9087 (net)                                       1      2.010
  U4366/CO (FADDX1_LVT)                                               0.069      0.115      4.085 r
  n8855 (net)                                       1      1.976
  U4562/CO (FADDX1_LVT)                                               0.065      0.112      4.197 r
  n8852 (net)                                       1      1.702
  U4365/S (FADDX1_LVT)                                                0.061      0.161      4.359 f
  n8853 (net)                                       1      1.231
  U10806/Y (AO222X1_LVT)                                              0.043      0.085      4.443 f
  n3762 (net)                                       1      0.984
  reg_next_pc_reg_29_/RSTB (DFFSSRX1_RVT)                             0.043      0.000      4.443 f
  data arrival time                                                                         4.443

  clock clk (rise edge)                                                          5.000      5.000
  clock network delay (ideal)                                                    0.000      5.000
  reg_next_pc_reg_29_/CLK (DFFSSRX1_RVT)                              0.100      0.000      5.000 r
  clock uncertainty                                                             -0.050      4.950
  library setup time                                                            -0.196      4.754
  data required time                                                                        4.754
  --------------------------------------------------------------------------------------------------------
  data required time                                                                        4.754
  data arrival time                                                                        -4.443
  --------------------------------------------------------------------------------------------------------
  slack (MET)                                                                               0.310



  Startpoint: reg_pc_reg_1_ (rising edge-triggered flip-flop clocked by clk)
  Endpoint: reg_out_reg_28_ (rising edge-triggered flip-flop clocked by clk)
  Mode: func
  Corner: slow
  Scenario: func_slow
  Path Group: clk
  Path Type: max

  Point                                          Fanout     Cap       Trans      Incr       Path  
  --------------------------------------------------------------------------------------------------------
  clock clk (rise edge)                                                          0.000      0.000
  clock network delay (ideal)                                                    0.000      0.000

  reg_pc_reg_1_/CLK (DFFSSRX1_RVT)                                    0.100      0.000      0.000 r
  reg_pc_reg_1_/Q (DFFSSRX1_RVT)                                      0.057      0.337      0.337 f
  reg_pc[1] (net)                                   1      0.971
  placeHFSBUF_173_324/Y (NBUFFX2_LVT)                                 0.067      0.099      0.436 f
  placeHFSNET_308 (net)                             6     11.254
  U8298/Y (AND2X1_LVT)                                                0.061      0.106      0.542 f
  n9073 (net)                                       3      3.976
  U8299/Y (AO222X1_LVT)                                               0.045      0.124      0.666 f
  n6154 (net)                                       1      1.675
  U8401/CO (FADDX1_LVT)                                               0.065      0.119      0.785 f
  n9051 (net)                                       3      3.392
  U6750/Y (AO222X1_LVT)                                               0.068      0.143      0.928 f
  n6443 (net)                                       2      3.724
  U6665/CO (FADDX1_LVT)                                               0.068      0.130      1.058 f
  n6203 (net)                                       2      3.631
  U4310/CO (FADDX1_LVT)                                               0.072      0.134      1.191 f
  n9027 (net)                                       2      4.103
  U4619/CO (FADDX1_LVT)                                               0.066      0.128      1.320 f
  n9002 (net)                                       3      3.331
  placectmTdsLR_1_1920/Y (AO221X1_LVT)                                0.061      0.159      1.479 f
  n7581 (net)                                       2      2.849
  U11961/CO (FADDX1_LVT)                                              0.058      0.112      1.590 f
  n6512 (net)                                       1      1.978
  U4659/CO (FADDX1_LVT)                                               0.073      0.128      1.719 f
  n6264 (net)                                       2      3.914
  U4658/CO (FADDX1_LVT)                                               0.065      0.128      1.847 f
  n8975 (net)                                       3      3.234
  placectmTdsLR_1_2527/Y (AO221X1_LVT)                                0.070      0.170      2.017 f
  n6219 (net)                                       2      4.201
  U4944/CO (FADDX1_LVT)                                               0.062      0.124      2.141 f
  n6257 (net)                                       3      2.961
  placectmTdsLR_1_1151/Y (AO221X1_LVT)                                0.063      0.161      2.302 f
  n8943 (net)                                       2      3.322
  U4397/CO (FADDX1_LVT)                                               0.053      0.109      2.411 f
  n6194 (net)                                       1      1.627
  U4456/CO (FADDX1_LVT)                                               0.065      0.115      2.526 f
  n6211 (net)                                       3      2.716
  placectmTdsLR_1_1558/Y (AO221X1_LVT)                                0.065      0.164      2.690 f
  n6497 (net)                                       2      3.434
  U11954/CO (FADDX1_LVT)                                              0.065      0.120      2.810 f
  n6232 (net)                                       2      2.776
  U4391/CO (FADDX1_LVT)                                               0.053      0.109      2.919 f
  n6282 (net)                                       1      1.590
  U4631/CO (FADDX1_LVT)                                               0.068      0.119      3.038 f
  n8898 (net)                                       3      3.053
  placectmTdsLR_1_1077/Y (AO221X1_LVT)                                0.063      0.164      3.202 f
  n6365 (net)                                       2      3.302
  U11959/CO (FADDX1_LVT)                                              0.058      0.110      3.312 f
  n6379 (net)                                       1      1.778
  U4648/CO (FADDX1_LVT)                                               0.064      0.122      3.434 f
  n6387 (net)                                       2      3.198
  U11963/CO (FADDX1_LVT)                                              0.056      0.108      3.542 f
  n6504 (net)                                       1      1.598
  U4654/CO (FADDX1_LVT)                                               0.072      0.126      3.668 f
  n8861 (net)                                       3      3.758
  placectmTdsLR_1_1698/Y (AO221X1_LVT)                                0.060      0.163      3.832 f
  n6520 (net)                                       2      2.961
  U11957/CO (FADDX1_LVT)                                              0.056      0.109      3.940 f
  n6549 (net)                                       1      1.754
  U4625/S (FADDX1_LVT)                                                0.133      0.246      4.187 r
  n6521 (net)                                       1      9.017
  U8804/Y (NAND2X0_LVT)                                               0.088      0.053      4.240 f
  n6525 (net)                                       1      1.331
  U5245/Y (NAND4X0_LVT)                                               0.076      0.080      4.319 r
  n6526 (net)                                       1      0.886
  U8808/Y (AO21X1_LVT)                                                0.062      0.081      4.401 r
  N1905 (net)                                       1      2.823
  reg_out_reg_28_/RSTB (DFFSSRX1_RVT)                                 0.062      0.000      4.401 r
  data arrival time                                                                         4.401

  clock clk (rise edge)                                                          5.000      5.000
  clock network delay (ideal)                                                    0.000      5.000
  reg_out_reg_28_/CLK (DFFSSRX1_RVT)                                  0.100      0.000      5.000 r
  clock uncertainty                                                             -0.050      4.950
  library setup time                                                            -0.231      4.719
  data required time                                                                        4.719
  --------------------------------------------------------------------------------------------------------
  data required time                                                                        4.719
  data arrival time                                                                        -4.401
  --------------------------------------------------------------------------------------------------------
  slack (MET)                                                                               0.318


1
