[icc2-lic Thu Apr  2 13:00:13 2026] Command 'report_timing' requires licenses
[icc2-lic Thu Apr  2 13:00:13 2026] Attempting to check-out alternate set of keys directly with queueing
[icc2-lic Thu Apr  2 13:00:13 2026] Sending count request for 'ICCompilerII-8' 
[icc2-lic Thu Apr  2 13:00:13 2026] Count request for 'ICCompilerII-8' returned 1 
[icc2-lic Thu Apr  2 13:00:13 2026] Sending check-out request for 'ICCompilerII-8' (1) with wait option
[icc2-lic Thu Apr  2 13:00:13 2026] Check-out request for 'ICCompilerII-8' with wait option succeeded
[icc2-lic Thu Apr  2 13:00:13 2026] Sending checkout check request for 'ICCompilerII-8' 
[icc2-lic Thu Apr  2 13:00:13 2026] Checkout check request for 'ICCompilerII-8' returned 0 
[icc2-lic Thu Apr  2 13:00:13 2026] Sending count request for 'ICCompilerII-8' 
[icc2-lic Thu Apr  2 13:00:13 2026] Count request for 'ICCompilerII-8' returned 1 
[icc2-lic Thu Apr  2 13:00:13 2026] Sending count request for 'ICCompilerII-NX' 
[icc2-lic Thu Apr  2 13:00:13 2026] Count request for 'ICCompilerII-NX' returned 1 
[icc2-lic Thu Apr  2 13:00:13 2026] Sending check-out request for 'ICCompilerII-NX' (1) with wait option
[icc2-lic Thu Apr  2 13:00:13 2026] Check-out request for 'ICCompilerII-NX' with wait option succeeded
[icc2-lic Thu Apr  2 13:00:13 2026] Sending checkout check request for 'ICCompilerII-NX' 
[icc2-lic Thu Apr  2 13:00:13 2026] Checkout check request for 'ICCompilerII-NX' returned 0 
[icc2-lic Thu Apr  2 13:00:13 2026] Sending count request for 'ICCompilerII-NX' 
[icc2-lic Thu Apr  2 13:00:13 2026] Count request for 'ICCompilerII-NX' returned 1 
[icc2-lic Thu Apr  2 13:00:13 2026] Check-out of alternate set of keys directly with queueing was successful
****************************************
Report : timing
        -path_type full
        -delay_type max
        -max_paths 10
        -report_by design
        -nets
        -transition_time
        -capacitance
Design : picorv32
Version: U-2022.12-SP3
Date   : Thu Apr  2 13:00:13 2026
****************************************

  Startpoint: latched_store_reg (rising edge-triggered flip-flop clocked by clk)
  Endpoint: reg_next_pc_reg_30_ (rising edge-triggered flip-flop clocked by clk)
  Mode: func
  Corner: slow
  Scenario: func_slow
  Path Group: clk
  Path Type: max

  Point                                          Fanout     Cap       Trans      Incr       Path  
  --------------------------------------------------------------------------------------------------------
  clock clk (rise edge)                                                          0.000      0.000
  clock network delay (propagated)                                               0.466      0.466

  latched_store_reg/CLK (DFFX1_RVT)                                   0.065      0.000      0.466 r
  latched_store_reg/Q (DFFX1_RVT)                                     0.103      0.339      0.805 r
  latched_store (net)                               4      4.415
  U7180/Y (NAND2X4_LVT)                                               0.061      0.119      0.924 f
  n4962 (net)                                      16     18.054
  placeHFSINV_523_733/Y (INVX1_LVT)                                   0.065      0.070      0.994 r
  placeHFSNET_687 (net)                             4      3.851
  U7154/Y (AND2X4_LVT)                                                0.099      0.137      1.131 r
  n6484 (net)                                      18     21.628
  placeHFSBUF_2096_587/Y (NBUFFX4_LVT)                                0.082      0.120      1.251 r
  placeHFSNET_554 (net)                            14     16.711
  placectmTdsLR_2_2076/Y (AOI222X1_LVT)                               0.054      0.167      1.417 f
  n4891 (net)                                       3      3.559
  placeHFSINV_155_203/Y (INVX1_LVT)                                   0.038      0.042      1.459 r
  placeHFSNET_197 (net)                             1      1.074
  U6094/Y (AND2X1_LVT)                                                0.041      0.063      1.522 r
  n9081 (net)                                       1      1.589
  U5959/CO (FADDX1_LVT)                                               0.063      0.105      1.627 r
  n9065 (net)                                       1      1.703
  U5792/CO (FADDX1_LVT)                                               0.065      0.113      1.740 r
  n9060 (net)                                       1      1.873
  U5737/CO (FADDX1_LVT)                                               0.068      0.116      1.855 r
  n9047 (net)                                       1      2.083
  U5680/CO (FADDX1_LVT)                                               0.063      0.112      1.967 r
  n9043 (net)                                       1      1.674
  U5616/CO (FADDX1_LVT)                                               0.061      0.110      2.077 r
  n9039 (net)                                       1      1.646
  U4313/CO (FADDX1_LVT)                                               0.064      0.110      2.187 r
  n9014 (net)                                       1      1.693
  U4374/CO (FADDX1_RVT)                                               0.096      0.185      2.372 r
  n8998 (net)                                       1      2.018
  U4321/CO (FADDX1_LVT)                                               0.068      0.123      2.495 r
  n8994 (net)                                       1      2.125
  U4373/CO (FADDX1_LVT)                                               0.068      0.116      2.611 r
  n8990 (net)                                       1      2.086
  U4320/CO (FADDX1_LVT)                                               0.064      0.112      2.723 r
  n8986 (net)                                       1      1.712
  U4372/CO (FADDX1_LVT)                                               0.062      0.110      2.833 r
  n8971 (net)                                       1      1.584
  U4319/CO (FADDX1_LVT)                                               0.063      0.109      2.942 r
  n8966 (net)                                       1      1.606
  U4371/CO (FADDX1_LVT)                                               0.066      0.113      3.055 r
  n8953 (net)                                       1      1.915
  U4318/CO (FADDX1_LVT)                                               0.063      0.110      3.166 r
  n8938 (net)                                       1      1.625
  U4370/CO (FADDX1_LVT)                                               0.063      0.110      3.276 r
  n8934 (net)                                       1      1.629
  U4317/CO (FADDX1_LVT)                                               0.065      0.112      3.387 r
  n8929 (net)                                       1      1.784
  U4369/CO (FADDX1_LVT)                                               0.062      0.110      3.497 r
  n8925 (net)                                       1      1.573
  U4316/CO (FADDX1_LVT)                                               0.062      0.109      3.606 r
  n8922 (net)                                       1      1.595
  U5243/CO (FADDX1_LVT)                                               0.064      0.109      3.716 r
  n8904 (net)                                       1      1.608
  U4368/CO (FADDX1_LVT)                                               0.063      0.110      3.826 r
  n8880 (net)                                       1      1.634
  U4560/CO (FADDX1_LVT)                                               0.063      0.110      3.935 r
  n8876 (net)                                       1      1.611
  U4315/CO (FADDX1_LVT)                                               0.061      0.109      4.044 r
  n8873 (net)                                       1      1.557
  U4367/CO (FADDX1_LVT)                                               0.065      0.111      4.155 r
  n8869 (net)                                       1      1.758
  U4561/CO (FADDX1_LVT)                                               0.063      0.110      4.265 r
  n8866 (net)                                       1      1.573
  U4314/CO (FADDX1_LVT)                                               0.067      0.113      4.378 r
  n9087 (net)                                       1      1.934
  U4366/CO (FADDX1_LVT)                                               0.066      0.113      4.492 r
  n8855 (net)                                       1      1.831
  U4562/CO (FADDX1_LVT)                                               0.063      0.110      4.601 r
  n8852 (net)                                       1      1.550
  U4365/CO (FADDX1_LVT)                                               0.071      0.118      4.719 r
  n8849 (net)                                       1      2.328
  U4563/S (FADDX1_LVT)                                                0.060      0.163      4.881 f
  n8850 (net)                                       1      1.232
  U10805/Y (AO222X1_LVT)                                              0.043      0.085      4.967 f
  n3761 (net)                                       1      1.078
  reg_next_pc_reg_30_/RSTB (DFFSSRX1_RVT)                             0.043      0.000      4.967 f
  data arrival time                                                                         4.967

  clock clk (rise edge)                                                          5.000      5.000
  clock network delay (propagated)                                               0.375      5.375
  reg_next_pc_reg_30_/CLK (DFFSSRX1_RVT)                              0.052      0.000      5.375 r
  clock uncertainty                                                             -0.050      5.325
  library setup time                                                            -0.214      5.111
  data required time                                                                        5.111
  --------------------------------------------------------------------------------------------------------
  data required time                                                                        5.111
  data arrival time                                                                        -4.967
  --------------------------------------------------------------------------------------------------------
  slack (MET)                                                                               0.144



  Startpoint: reg_pc_reg_1_ (rising edge-triggered flip-flop clocked by clk)
  Endpoint: reg_out_reg_31_ (rising edge-triggered flip-flop clocked by clk)
  Mode: func
  Corner: slow
  Scenario: func_slow
  Path Group: clk
  Path Type: max

  Point                                          Fanout     Cap       Trans      Incr       Path  
  --------------------------------------------------------------------------------------------------------
  clock clk (rise edge)                                                          0.000      0.000
  clock network delay (propagated)                                               0.466      0.466

  reg_pc_reg_1_/CLK (DFFSSRX1_RVT)                                    0.065      0.000      0.466 r
  reg_pc_reg_1_/Q (DFFSSRX1_RVT)                                      0.059      0.323      0.788 r
  reg_pc[1] (net)                                   1      0.816
  placeHFSBUF_173_324/Y (NBUFFX2_LVT)                                 0.080      0.094      0.882 r
  placeHFSNET_308 (net)                             6     10.329
  U8298/Y (AND2X1_LVT)                                                0.070      0.090      0.972 r
  n9073 (net)                                       3      3.860
  U8299/Y (AO222X1_LVT)                                               0.065      0.139      1.111 r
  n6154 (net)                                       1      1.615
  U8401/CO (FADDX1_LVT)                                               0.075      0.127      1.238 r
  n9051 (net)                                       3      3.218
  U6750/Y (AO222X1_LVT)                                               0.089      0.161      1.399 r
  n6443 (net)                                       2      3.606
  U6665/CO (FADDX1_LVT)                                               0.080      0.136      1.535 r
  n6203 (net)                                       2      3.564
  U4310/CO (FADDX1_LVT)                                               0.086      0.137      1.672 r
  n9027 (net)                                       2      3.895
  U4619/CO (FADDX1_LVT)                                               0.077      0.133      1.805 r
  n9002 (net)                                       3      3.299
  placectmTdsLR_1_1920/Y (AO221X1_LVT)                                0.070      0.136      1.941 r
  n7581 (net)                                       2      2.788
  U11961/CO (FADDX1_LVT)                                              0.064      0.115      2.056 r
  n6512 (net)                                       1      1.937
  U4659/CO (FADDX1_LVT)                                               0.086      0.133      2.189 r
  n6264 (net)                                       2      3.860
  U4658/CO (FADDX1_LVT)                                               0.077      0.132      2.322 r
  n8975 (net)                                       3      3.251
  placectmTdsLR_1_2527/Y (AO221X1_LVT)                                0.086      0.150      2.472 r
  n6219 (net)                                       2      4.277
  U4944/CO (FADDX1_LVT)                                               0.074      0.130      2.602 r
  n6257 (net)                                       3      3.020
  placectmTdsLR_1_1151/Y (AO221X1_LVT)                                0.077      0.141      2.743 r
  n8943 (net)                                       2      3.405
  U4397/CO (FADDX1_LVT)                                               0.061      0.114      2.856 r
  n6194 (net)                                       1      1.680
  U4456/CO (FADDX1_LVT)                                               0.075      0.122      2.978 r
  n6211 (net)                                       3      2.797
  placectmTdsLR_1_1558/Y (AO221X1_LVT)                                0.079      0.141      3.119 r
  n6497 (net)                                       2      3.430
  U11954/CO (FADDX1_LVT)                                              0.074      0.125      3.245 r
  n6232 (net)                                       2      2.743
  U4391/CO (FADDX1_LVT)                                               0.061      0.112      3.356 r
  n6282 (net)                                       1      1.572
  U4631/CO (FADDX1_LVT)                                               0.078      0.125      3.481 r
  n8898 (net)                                       3      3.096
  placectmTdsLR_1_1077/Y (AO221X1_LVT)                                0.076      0.141      3.622 r
  n6365 (net)                                       2      3.288
  U11959/CO (FADDX1_LVT)                                              0.063      0.114      3.736 r
  n6379 (net)                                       1      1.703
  U4648/CO (FADDX1_LVT)                                               0.075      0.126      3.862 r
  n6387 (net)                                       2      3.206
  U11963/CO (FADDX1_LVT)                                              0.061      0.112      3.974 r
  n6504 (net)                                       1      1.554
  U4654/CO (FADDX1_LVT)                                               0.084      0.131      4.105 r
  n8861 (net)                                       3      3.740
  placectmTdsLR_1_1698/Y (AO221X1_LVT)                                0.072      0.139      4.245 r
  n6520 (net)                                       2      2.960
  U11957/CO (FADDX1_LVT)                                              0.060      0.113      4.357 r
  n6549 (net)                                       1      1.686
  U4625/CO (FADDX2_LVT)                                               0.066      0.124      4.481 r
  n6603 (net)                                       2      3.523
  U4308/CO (FADDX1_LVT)                                               0.078      0.125      4.606 r
  n6649 (net)                                       2      3.011
  U4392/CO (FADDX1_LVT)                                               0.057      0.112      4.718 r
  n6650 (net)                                       1      1.519
  U4514/Y (XNOR2X1_LVT)                                               0.072      0.157      4.875 r
  n10888 (net)                                      1      3.326
  U4602/Y (AO21X1_LVT)                                                0.046      0.095      4.970 r
  N1908 (net)                                       1      1.372
  reg_out_reg_31_/RSTB (DFFSSRX1_RVT)                                 0.046      0.000      4.970 r
  data arrival time                                                                         4.970

  clock clk (rise edge)                                                          5.000      5.000
  clock network delay (propagated)                                               0.402      5.402
  reg_out_reg_31_/CLK (DFFSSRX1_RVT)                                  0.050      0.000      5.402 r
  clock uncertainty                                                             -0.050      5.352
  library setup time                                                            -0.235      5.117
  data required time                                                                        5.117
  --------------------------------------------------------------------------------------------------------
  data required time                                                                        5.117
  data arrival time                                                                        -4.970
  --------------------------------------------------------------------------------------------------------
  slack (MET)                                                                               0.147



  Startpoint: reg_pc_reg_1_ (rising edge-triggered flip-flop clocked by clk)
  Endpoint: reg_out_reg_27_ (rising edge-triggered flip-flop clocked by clk)
  Mode: func
  Corner: slow
  Scenario: func_slow
  Path Group: clk
  Path Type: max

  Point                                          Fanout     Cap       Trans      Incr       Path  
  --------------------------------------------------------------------------------------------------------
  clock clk (rise edge)                                                          0.000      0.000
  clock network delay (propagated)                                               0.466      0.466

  reg_pc_reg_1_/CLK (DFFSSRX1_RVT)                                    0.065      0.000      0.466 r
  reg_pc_reg_1_/Q (DFFSSRX1_RVT)                                      0.055      0.319      0.784 f
  reg_pc[1] (net)                                   1      0.808
  placeHFSBUF_173_324/Y (NBUFFX2_LVT)                                 0.062      0.095      0.879 f
  placeHFSNET_308 (net)                             6     10.228
  U8298/Y (AND2X1_LVT)                                                0.060      0.103      0.982 f
  n9073 (net)                                       3      3.811
  U8299/Y (AO222X1_LVT)                                               0.045      0.123      1.105 f
  n6154 (net)                                       1      1.602
  U8401/CO (FADDX1_LVT)                                               0.063      0.117      1.221 f
  n9051 (net)                                       3      3.182
  U6750/Y (AO222X1_LVT)                                               0.065      0.141      1.362 f
  n6443 (net)                                       2      3.566
  U6665/CO (FADDX1_LVT)                                               0.067      0.128      1.490 f
  n6203 (net)                                       2      3.524
  U4310/CO (FADDX1_LVT)                                               0.070      0.131      1.621 f
  n9027 (net)                                       2      3.861
  U4619/CO (FADDX1_LVT)                                               0.065      0.127      1.748 f
  n9002 (net)                                       3      3.281
  placectmTdsLR_1_1920/Y (AO221X1_LVT)                                0.060      0.158      1.906 f
  n7581 (net)                                       2      2.742
  U11961/CO (FADDX1_LVT)                                              0.057      0.111      2.017 f
  n6512 (net)                                       1      1.924
  U4659/CO (FADDX1_LVT)                                               0.072      0.127      2.144 f
  n6264 (net)                                       2      3.821
  U4658/CO (FADDX1_LVT)                                               0.065      0.127      2.271 f
  n8975 (net)                                       3      3.226
  placectmTdsLR_1_2527/Y (AO221X1_LVT)                                0.070      0.170      2.441 f
  n6219 (net)                                       2      4.243
  U4944/CO (FADDX1_LVT)                                               0.063      0.125      2.566 f
  n6257 (net)                                       3      3.007
  placectmTdsLR_1_1151/Y (AO221X1_LVT)                                0.063      0.162      2.728 f
  n8943 (net)                                       2      3.360
  U4397/CO (FADDX1_LVT)                                               0.053      0.109      2.837 f
  n6194 (net)                                       1      1.667
  U4456/CO (FADDX1_LVT)                                               0.065      0.116      2.953 f
  n6211 (net)                                       3      2.748
  placectmTdsLR_1_1558/Y (AO221X1_LVT)                                0.064      0.163      3.116 f
  n6497 (net)                                       2      3.396
  U11954/CO (FADDX1_LVT)                                              0.064      0.120      3.236 f
  n6232 (net)                                       2      2.697
  U4391/CO (FADDX1_LVT)                                               0.052      0.108      3.344 f
  n6282 (net)                                       1      1.558
  U4631/CO (FADDX1_LVT)                                               0.068      0.119      3.462 f
  n8898 (net)                                       3      3.065
  placectmTdsLR_1_1077/Y (AO221X1_LVT)                                0.063      0.163      3.626 f
  n6365 (net)                                       2      3.248
  U11959/CO (FADDX1_LVT)                                              0.056      0.109      3.735 f
  n6379 (net)                                       1      1.690
  U4648/CO (FADDX1_LVT)                                               0.063      0.121      3.856 f
  n6387 (net)                                       2      3.160
  U11963/CO (FADDX1_LVT)                                              0.055      0.108      3.963 f
  n6504 (net)                                       1      1.540
  U4654/CO (FADDX1_LVT)                                               0.071      0.126      4.089 f
  n8861 (net)                                       3      3.722
  placectmTdsLR_1_1698/Y (AO221X1_LVT)                                0.060      0.162      4.252 f
  n6520 (net)                                       2      2.914
  U4263/SO (HADDX1_RVT)                                               0.063      0.217      4.468 r
  n6505 (net)                                       1      1.582
  U8792/SO (HADDX1_RVT)                                               0.108      0.237      4.705 f
  n6506 (net)                                       1      4.764
  U8793/Y (NAND2X0_LVT)                                               0.082      0.100      4.805 r
  n6510 (net)                                       1      1.159
  U5233/Y (NAND4X0_LVT)                                               0.083      0.055      4.859 f
  n6511 (net)                                       1      0.783
  U8796/Y (AO21X1_LVT)                                                0.045      0.085      4.945 f
  N1904 (net)                                       1      1.965
  reg_out_reg_27_/RSTB (DFFSSRX1_RVT)                                 0.045      0.000      4.945 f
  data arrival time                                                                         4.945

  clock clk (rise edge)                                                          5.000      5.000
  clock network delay (propagated)                                               0.402      5.402
  reg_out_reg_27_/CLK (DFFSSRX1_RVT)                                  0.050      0.000      5.402 r
  clock uncertainty                                                             -0.050      5.352
  library setup time                                                            -0.215      5.136
  data required time                                                                        5.136
  --------------------------------------------------------------------------------------------------------
  data required time                                                                        5.136
  data arrival time                                                                        -4.945
  --------------------------------------------------------------------------------------------------------
  slack (MET)                                                                               0.192



  Startpoint: reg_pc_reg_1_ (rising edge-triggered flip-flop clocked by clk)
  Endpoint: reg_out_reg_29_ (rising edge-triggered flip-flop clocked by clk)
  Mode: func
  Corner: slow
  Scenario: func_slow
  Path Group: clk
  Path Type: max

  Point                                          Fanout     Cap       Trans      Incr       Path  
  --------------------------------------------------------------------------------------------------------
  clock clk (rise edge)                                                          0.000      0.000
  clock network delay (propagated)                                               0.466      0.466

  reg_pc_reg_1_/CLK (DFFSSRX1_RVT)                                    0.065      0.000      0.466 r
  reg_pc_reg_1_/Q (DFFSSRX1_RVT)                                      0.059      0.323      0.788 r
  reg_pc[1] (net)                                   1      0.816
  placeHFSBUF_173_324/Y (NBUFFX2_LVT)                                 0.080      0.094      0.882 r
  placeHFSNET_308 (net)                             6     10.329
  U8298/Y (AND2X1_LVT)                                                0.070      0.090      0.972 r
  n9073 (net)                                       3      3.860
  U8299/Y (AO222X1_LVT)                                               0.065      0.139      1.111 r
  n6154 (net)                                       1      1.615
  U8401/CO (FADDX1_LVT)                                               0.075      0.127      1.238 r
  n9051 (net)                                       3      3.218
  U6750/Y (AO222X1_LVT)                                               0.089      0.161      1.399 r
  n6443 (net)                                       2      3.606
  U6665/CO (FADDX1_LVT)                                               0.080      0.136      1.535 r
  n6203 (net)                                       2      3.564
  U4310/CO (FADDX1_LVT)                                               0.086      0.137      1.672 r
  n9027 (net)                                       2      3.895
  U4619/CO (FADDX1_LVT)                                               0.077      0.133      1.805 r
  n9002 (net)                                       3      3.299
  placectmTdsLR_1_1920/Y (AO221X1_LVT)                                0.070      0.136      1.941 r
  n7581 (net)                                       2      2.788
  U11961/CO (FADDX1_LVT)                                              0.064      0.115      2.056 r
  n6512 (net)                                       1      1.937
  U4659/CO (FADDX1_LVT)                                               0.086      0.133      2.189 r
  n6264 (net)                                       2      3.860
  U4658/CO (FADDX1_LVT)                                               0.077      0.132      2.322 r
  n8975 (net)                                       3      3.251
  placectmTdsLR_1_2527/Y (AO221X1_LVT)                                0.086      0.150      2.472 r
  n6219 (net)                                       2      4.277
  U4944/CO (FADDX1_LVT)                                               0.074      0.130      2.602 r
  n6257 (net)                                       3      3.020
  placectmTdsLR_1_1151/Y (AO221X1_LVT)                                0.077      0.141      2.743 r
  n8943 (net)                                       2      3.405
  U4397/CO (FADDX1_LVT)                                               0.061      0.114      2.856 r
  n6194 (net)                                       1      1.680
  U4456/CO (FADDX1_LVT)                                               0.075      0.122      2.978 r
  n6211 (net)                                       3      2.797
  placectmTdsLR_1_1558/Y (AO221X1_LVT)                                0.079      0.141      3.119 r
  n6497 (net)                                       2      3.430
  U11954/CO (FADDX1_LVT)                                              0.074      0.125      3.245 r
  n6232 (net)                                       2      2.743
  U4391/CO (FADDX1_LVT)                                               0.061      0.112      3.356 r
  n6282 (net)                                       1      1.572
  U4631/CO (FADDX1_LVT)                                               0.078      0.125      3.481 r
  n8898 (net)                                       3      3.096
  placectmTdsLR_1_1077/Y (AO221X1_LVT)                                0.076      0.141      3.622 r
  n6365 (net)                                       2      3.288
  U11959/CO (FADDX1_LVT)                                              0.063      0.114      3.736 r
  n6379 (net)                                       1      1.703
  U4648/CO (FADDX1_LVT)                                               0.075      0.126      3.862 r
  n6387 (net)                                       2      3.206
  U11963/CO (FADDX1_LVT)                                              0.061      0.112      3.974 r
  n6504 (net)                                       1      1.554
  U4654/CO (FADDX1_LVT)                                               0.084      0.131      4.105 r
  n8861 (net)                                       3      3.740
  placectmTdsLR_1_1698/Y (AO221X1_LVT)                                0.072      0.139      4.245 r
  n6520 (net)                                       2      2.960
  U11957/CO (FADDX1_LVT)                                              0.060      0.113      4.357 r
  n6549 (net)                                       1      1.686
  U4625/CO (FADDX2_LVT)                                               0.066      0.124      4.481 r
  n6603 (net)                                       2      3.523
  U8821/S (FADDX1_RVT)                                                0.125      0.318      4.799 f
  n6550 (net)                                       1      5.112
  U8822/Y (NAND2X0_LVT)                                               0.095      0.117      4.916 r
  n6554 (net)                                       1      1.515
  U8826/Y (NAND4X0_LVT)                                               0.099      0.066      4.981 f
  n6555 (net)                                       1      1.230
  U8827/Y (AO21X1_LVT)                                                0.042      0.086      5.068 f
  N1906 (net)                                       1      1.469
  reg_out_reg_29_/D (DFFX1_RVT)                                       0.042      0.000      5.068 f
  data arrival time                                                                         5.068

  clock clk (rise edge)                                                          5.000      5.000
  clock network delay (propagated)                                               0.406      5.406
  reg_out_reg_29_/CLK (DFFX1_RVT)                                     0.055      0.000      5.406 r
  clock uncertainty                                                             -0.050      5.356
  library setup time                                                            -0.089      5.267
  data required time                                                                        5.267
  --------------------------------------------------------------------------------------------------------
  data required time                                                                        5.267
  data arrival time                                                                        -5.068
  --------------------------------------------------------------------------------------------------------
  slack (MET)                                                                               0.199



  Startpoint: reg_pc_reg_1_ (rising edge-triggered flip-flop clocked by clk)
  Endpoint: reg_out_reg_30_ (rising edge-triggered flip-flop clocked by clk)
  Mode: func
  Corner: slow
  Scenario: func_slow
  Path Group: clk
  Path Type: max

  Point                                          Fanout     Cap       Trans      Incr       Path  
  --------------------------------------------------------------------------------------------------------
  clock clk (rise edge)                                                          0.000      0.000
  clock network delay (propagated)                                               0.466      0.466

  reg_pc_reg_1_/CLK (DFFSSRX1_RVT)                                    0.065      0.000      0.466 r
  reg_pc_reg_1_/Q (DFFSSRX1_RVT)                                      0.055      0.319      0.784 f
  reg_pc[1] (net)                                   1      0.808
  placeHFSBUF_173_324/Y (NBUFFX2_LVT)                                 0.062      0.095      0.879 f
  placeHFSNET_308 (net)                             6     10.228
  U8298/Y (AND2X1_LVT)                                                0.060      0.103      0.982 f
  n9073 (net)                                       3      3.811
  U8299/Y (AO222X1_LVT)                                               0.045      0.123      1.105 f
  n6154 (net)                                       1      1.602
  U8401/CO (FADDX1_LVT)                                               0.063      0.117      1.221 f
  n9051 (net)                                       3      3.182
  U6750/Y (AO222X1_LVT)                                               0.065      0.141      1.362 f
  n6443 (net)                                       2      3.566
  U6665/CO (FADDX1_LVT)                                               0.067      0.128      1.490 f
  n6203 (net)                                       2      3.524
  U4310/CO (FADDX1_LVT)                                               0.070      0.131      1.621 f
  n9027 (net)                                       2      3.861
  U4619/CO (FADDX1_LVT)                                               0.065      0.127      1.748 f
  n9002 (net)                                       3      3.281
  placectmTdsLR_1_1920/Y (AO221X1_LVT)                                0.060      0.158      1.906 f
  n7581 (net)                                       2      2.742
  U11961/CO (FADDX1_LVT)                                              0.057      0.111      2.017 f
  n6512 (net)                                       1      1.924
  U4659/CO (FADDX1_LVT)                                               0.072      0.127      2.144 f
  n6264 (net)                                       2      3.821
  U4658/CO (FADDX1_LVT)                                               0.065      0.127      2.271 f
  n8975 (net)                                       3      3.226
  placectmTdsLR_1_2527/Y (AO221X1_LVT)                                0.070      0.170      2.441 f
  n6219 (net)                                       2      4.243
  U4944/CO (FADDX1_LVT)                                               0.063      0.125      2.566 f
  n6257 (net)                                       3      3.007
  placectmTdsLR_1_1151/Y (AO221X1_LVT)                                0.063      0.162      2.728 f
  n8943 (net)                                       2      3.360
  U4397/CO (FADDX1_LVT)                                               0.053      0.109      2.837 f
  n6194 (net)                                       1      1.667
  U4456/CO (FADDX1_LVT)                                               0.065      0.116      2.953 f
  n6211 (net)                                       3      2.748
  placectmTdsLR_1_1558/Y (AO221X1_LVT)                                0.064      0.163      3.116 f
  n6497 (net)                                       2      3.396
  U11954/CO (FADDX1_LVT)                                              0.064      0.120      3.236 f
  n6232 (net)                                       2      2.697
  U4391/CO (FADDX1_LVT)                                               0.052      0.108      3.344 f
  n6282 (net)                                       1      1.558
  U4631/CO (FADDX1_LVT)                                               0.068      0.119      3.462 f
  n8898 (net)                                       3      3.065
  placectmTdsLR_1_1077/Y (AO221X1_LVT)                                0.063      0.163      3.626 f
  n6365 (net)                                       2      3.248
  U11959/CO (FADDX1_LVT)                                              0.056      0.109      3.735 f
  n6379 (net)                                       1      1.690
  U4648/CO (FADDX1_LVT)                                               0.063      0.121      3.856 f
  n6387 (net)                                       2      3.160
  U11963/CO (FADDX1_LVT)                                              0.055      0.108      3.963 f
  n6504 (net)                                       1      1.540
  U4654/CO (FADDX1_LVT)                                               0.071      0.126      4.089 f
  n8861 (net)                                       3      3.722
  placectmTdsLR_1_1698/Y (AO221X1_LVT)                                0.060      0.162      4.252 f
  n6520 (net)                                       2      2.914
  U11957/CO (FADDX1_LVT)                                              0.055      0.108      4.359 f
  n6549 (net)                                       1      1.661
  U4625/CO (FADDX2_LVT)                                               0.059      0.119      4.478 f
  n6603 (net)                                       2      3.483
  U4308/CO (FADDX1_LVT)                                               0.068      0.120      4.598 f
  n6649 (net)                                       2      2.966
  U4467/SO (HADDX1_RVT)                                               0.057      0.217      4.815 r
  n6604 (net)                                       1      1.216
  U5231/SO (HADDX2_LVT)                                               0.061      0.147      4.962 f
  n6605 (net)                                       1      4.137
  placectmTdsLR_1_2203/Y (AO221X1_LVT)                                0.050      0.124      5.085 f
  N1907 (net)                                       1      1.654
  reg_out_reg_30_/D (DFFX1_LVT)                                       0.050      0.000      5.085 f
  data arrival time                                                                         5.085

  clock clk (rise edge)                                                          5.000      5.000
  clock network delay (propagated)                                               0.406      5.406
  reg_out_reg_30_/CLK (DFFX1_LVT)                                     0.055      0.000      5.406 r
  clock uncertainty                                                             -0.050      5.356
  library setup time                                                            -0.058      5.298
  data required time                                                                        5.298
  --------------------------------------------------------------------------------------------------------
  data required time                                                                        5.298
  data arrival time                                                                        -5.085
  --------------------------------------------------------------------------------------------------------
  slack (MET)                                                                               0.212



  Startpoint: latched_store_reg (rising edge-triggered flip-flop clocked by clk)
  Endpoint: reg_next_pc_reg_31_ (rising edge-triggered flip-flop clocked by clk)
  Mode: func
  Corner: slow
  Scenario: func_slow
  Path Group: clk
  Path Type: max

  Point                                          Fanout     Cap       Trans      Incr       Path  
  --------------------------------------------------------------------------------------------------------
  clock clk (rise edge)                                                          0.000      0.000
  clock network delay (propagated)                                               0.466      0.466

  latched_store_reg/CLK (DFFX1_RVT)                                   0.065      0.000      0.466 r
  latched_store_reg/Q (DFFX1_RVT)                                     0.103      0.339      0.805 r
  latched_store (net)                               4      4.415
  U7180/Y (NAND2X4_LVT)                                               0.061      0.119      0.924 f
  n4962 (net)                                      16     18.054
  placeHFSINV_523_733/Y (INVX1_LVT)                                   0.065      0.070      0.994 r
  placeHFSNET_687 (net)                             4      3.851
  U7154/Y (AND2X4_LVT)                                                0.099      0.137      1.131 r
  n6484 (net)                                      18     21.628
  placeHFSBUF_2096_587/Y (NBUFFX4_LVT)                                0.082      0.120      1.251 r
  placeHFSNET_554 (net)                            14     16.711
  placectmTdsLR_2_2076/Y (AOI222X1_LVT)                               0.054      0.167      1.417 f
  n4891 (net)                                       3      3.559
  placeHFSINV_155_203/Y (INVX1_LVT)                                   0.038      0.042      1.459 r
  placeHFSNET_197 (net)                             1      1.074
  U6094/Y (AND2X1_LVT)                                                0.041      0.063      1.522 r
  n9081 (net)                                       1      1.589
  U5959/CO (FADDX1_LVT)                                               0.063      0.105      1.627 r
  n9065 (net)                                       1      1.703
  U5792/CO (FADDX1_LVT)                                               0.065      0.113      1.740 r
  n9060 (net)                                       1      1.873
  U5737/CO (FADDX1_LVT)                                               0.068      0.116      1.855 r
  n9047 (net)                                       1      2.083
  U5680/CO (FADDX1_LVT)                                               0.063      0.112      1.967 r
  n9043 (net)                                       1      1.674
  U5616/CO (FADDX1_LVT)                                               0.061      0.110      2.077 r
  n9039 (net)                                       1      1.646
  U4313/CO (FADDX1_LVT)                                               0.064      0.110      2.187 r
  n9014 (net)                                       1      1.693
  U4374/CO (FADDX1_RVT)                                               0.096      0.185      2.372 r
  n8998 (net)                                       1      2.018
  U4321/CO (FADDX1_LVT)                                               0.068      0.123      2.495 r
  n8994 (net)                                       1      2.125
  U4373/CO (FADDX1_LVT)                                               0.068      0.116      2.611 r
  n8990 (net)                                       1      2.086
  U4320/CO (FADDX1_LVT)                                               0.064      0.112      2.723 r
  n8986 (net)                                       1      1.712
  U4372/CO (FADDX1_LVT)                                               0.062      0.110      2.833 r
  n8971 (net)                                       1      1.584
  U4319/CO (FADDX1_LVT)                                               0.063      0.109      2.942 r
  n8966 (net)                                       1      1.606
  U4371/CO (FADDX1_LVT)                                               0.066      0.113      3.055 r
  n8953 (net)                                       1      1.915
  U4318/CO (FADDX1_LVT)                                               0.063      0.110      3.166 r
  n8938 (net)                                       1      1.625
  U4370/CO (FADDX1_LVT)                                               0.063      0.110      3.276 r
  n8934 (net)                                       1      1.629
  U4317/CO (FADDX1_LVT)                                               0.065      0.112      3.387 r
  n8929 (net)                                       1      1.784
  U4369/CO (FADDX1_LVT)                                               0.062      0.110      3.497 r
  n8925 (net)                                       1      1.573
  U4316/CO (FADDX1_LVT)                                               0.062      0.109      3.606 r
  n8922 (net)                                       1      1.595
  U5243/CO (FADDX1_LVT)                                               0.064      0.109      3.716 r
  n8904 (net)                                       1      1.608
  U4368/CO (FADDX1_LVT)                                               0.063      0.110      3.826 r
  n8880 (net)                                       1      1.634
  U4560/CO (FADDX1_LVT)                                               0.063      0.110      3.935 r
  n8876 (net)                                       1      1.611
  U4315/CO (FADDX1_LVT)                                               0.061      0.109      4.044 r
  n8873 (net)                                       1      1.557
  U4367/CO (FADDX1_LVT)                                               0.065      0.111      4.155 r
  n8869 (net)                                       1      1.758
  U4561/CO (FADDX1_LVT)                                               0.063      0.110      4.265 r
  n8866 (net)                                       1      1.573
  U4314/CO (FADDX1_LVT)                                               0.067      0.113      4.378 r
  n9087 (net)                                       1      1.934
  U4366/CO (FADDX1_LVT)                                               0.066      0.113      4.492 r
  n8855 (net)                                       1      1.831
  U4562/CO (FADDX1_LVT)                                               0.063      0.110      4.601 r
  n8852 (net)                                       1      1.550
  U4365/CO (FADDX1_LVT)                                               0.071      0.118      4.719 r
  n8849 (net)                                       1      2.328
  U4563/CO (FADDX1_LVT)                                               0.061      0.109      4.828 r
  n8846 (net)                                       1      1.409
  U4599/Y (XOR2X1_LVT)                                                0.053      0.135      4.962 f
  n8847 (net)                                       1      0.880
  U5161/Y (AO222X1_LVT)                                               0.043      0.078      5.040 f
  n3760 (net)                                       1      0.921
  reg_next_pc_reg_31_/D (DFFX1_RVT)                                   0.043      0.000      5.040 f
  data arrival time                                                                         5.040

  clock clk (rise edge)                                                          5.000      5.000
  clock network delay (propagated)                                               0.402      5.402
  reg_next_pc_reg_31_/CLK (DFFX1_RVT)                                 0.050      0.000      5.402 r
  clock uncertainty                                                             -0.050      5.352
  library setup time                                                            -0.092      5.260
  data required time                                                                        5.260
  --------------------------------------------------------------------------------------------------------
  data required time                                                                        5.260
  data arrival time                                                                        -5.040
  --------------------------------------------------------------------------------------------------------
  slack (MET)                                                                               0.220



  Startpoint: decoded_imm_reg_0_ (rising edge-triggered flip-flop clocked by clk)
  Endpoint: reg_op1_reg_31_ (rising edge-triggered flip-flop clocked by clk)
  Mode: func
  Corner: slow
  Scenario: func_slow
  Path Group: clk
  Path Type: max

  Point                                          Fanout     Cap       Trans      Incr       Path  
  --------------------------------------------------------------------------------------------------------
  clock clk (rise edge)                                                          0.000      0.000
  clock network delay (propagated)                                               0.514      0.514

  decoded_imm_reg_0_/CLK (DFFX1_RVT)                                  0.072      0.000      0.514 r
  decoded_imm_reg_0_/QN (DFFX1_RVT)                                   0.122      0.286      0.800 f
  n9333 (net)                                       2      4.130
  U7544/Y (OR2X1_RVT)                                                 0.053      0.176      0.976 f
  n5270 (net)                                       2      1.778
  U5133/Y (NOR2X0_RVT)                                                0.056      0.157      1.133 r
  n5269 (net)                                       2      1.883
  U6763/Y (AO21X1_RVT)                                                0.071      0.103      1.236 r
  n5714 (net)                                       2      1.593
  U5101/Y (OR2X1_RVT)                                                 0.071      0.121      1.357 r
  n5715 (net)                                       3      2.202
  placectmTdsLR_1_1404/Y (OAI221X1_LVT)                               0.061      0.148      1.505 f
  n5404 (net)                                       3      5.077
  placectmTdsLR_1_1526/Y (OA222X1_LVT)                                0.080      0.144      1.649 f
  n7259 (net)                                       2      3.188
  U6128/CO (FADDX1_RVT)                                               0.088      0.196      1.845 f
  n5892 (net)                                       2      2.594
  U4990/Y (AO22X1_LVT)                                                0.060      0.104      1.949 f
  n7389 (net)                                       3      3.425
  placectmTdsLR_1_3381/Y (OA222X1_LVT)                                0.074      0.136      2.085 f
  n9094 (net)                                       2      2.452
  U4939/Y (AO22X1_LVT)                                                0.051      0.097      2.182 f
  n7423 (net)                                       2      3.111
  U5731/CO (FADDX1_RVT)                                               0.098      0.195      2.377 f
  n5545 (net)                                       2      3.407
  U5677/CO (FADDX1_RVT)                                               0.096      0.212      2.589 f
  n5573 (net)                                       2      3.266
  U5612/CO (FADDX1_RVT)                                               0.095      0.211      2.800 f
  n5791 (net)                                       2      3.204
  U5546/CO (FADDX1_RVT)                                               0.093      0.208      3.008 f
  n5687 (net)                                       2      3.048
  U5495/CO (FADDX1_RVT)                                               0.101      0.216      3.224 f
  n5842 (net)                                       3      3.642
  placectmTdsLR_1_3324/Y (OA222X1_LVT)                                0.079      0.159      3.383 f
  n5765 (net)                                       3      3.166
  placectmTdsLR_1_1426/Y (OA222X1_LVT)                                0.081      0.190      3.573 f
  n5630 (net)                                       3      3.386
  placectmTdsLR_1_1557/Y (OA222X1_LVT)                                0.100      0.174      3.747 f
  n5921 (net)                                       4      6.043
  placectmTdsLR_1_1660/Y (AO221X1_LVT)                                0.062      0.179      3.927 f
  n4852 (net)                                       3      3.198
  placectmTdsLR_1_1798/Y (NAND3X0_LVT)                                0.056      0.058      3.984 r
  tmp_net387 (net)                                  1      0.621
  placectmTdsLR_2_1799/Y (OAI21X1_LVT)                                0.053      0.131      4.116 f
  n5171 (net)                                       3      2.741
  placectmTdsLR_2_2432/Y (AO221X1_LVT)                                0.054      0.146      4.262 f
  n4537 (net)                                       2      2.140
  placectmTdsLR_1_2536/Y (AO222X1_LVT)                                0.074      0.166      4.428 f
  n4361 (net)                                       3      5.090
  placectmTdsLR_1_1039/Y (OA222X1_LVT)                                0.076      0.180      4.608 f
  n7192 (net)                                       3      2.690
  U5244/Y (NAND2X0_LVT)                                               0.082      0.090      4.698 r
  n4806 (net)                                       2      1.508
  U4864/Y (INVX0_LVT)                                                 0.045      0.026      4.724 f
  n5225 (net)                                       1      0.819
  placectmTdsLR_1_2209/Y (OA221X1_LVT)                                0.056      0.135      4.858 f
  tmp_net595 (net)                                  1      0.819
  placectmTdsLR_2_2210/Y (AO221X1_LVT)                                0.043      0.079      4.938 f
  n2509 (net)                                       1      0.799
  reg_op1_reg_31_/D (DFFX1_RVT)                                       0.043      0.000      4.938 f
  data arrival time                                                                         4.938

  clock clk (rise edge)                                                          5.000      5.000
  clock network delay (propagated)                                               0.304      5.304
  reg_op1_reg_31_/CLK (DFFX1_RVT)                                     0.069      0.000      5.304 r
  clock uncertainty                                                             -0.050      5.254
  library setup time                                                            -0.084      5.170
  data required time                                                                        5.170
  --------------------------------------------------------------------------------------------------------
  data required time                                                                        5.170
  data arrival time                                                                        -4.938
  --------------------------------------------------------------------------------------------------------
  slack (MET)                                                                               0.232



  Startpoint: decoded_imm_reg_0_ (rising edge-triggered flip-flop clocked by clk)
  Endpoint: reg_op1_reg_29_ (rising edge-triggered flip-flop clocked by clk)
  Mode: func
  Corner: slow
  Scenario: func_slow
  Path Group: clk
  Path Type: max

  Point                                          Fanout     Cap       Trans      Incr       Path  
  --------------------------------------------------------------------------------------------------------
  clock clk (rise edge)                                                          0.000      0.000
  clock network delay (propagated)                                               0.514      0.514

  decoded_imm_reg_0_/CLK (DFFX1_RVT)                                  0.072      0.000      0.514 r
  decoded_imm_reg_0_/QN (DFFX1_RVT)                                   0.122      0.286      0.800 f
  n9333 (net)                                       2      4.130
  U7544/Y (OR2X1_RVT)                                                 0.053      0.176      0.976 f
  n5270 (net)                                       2      1.778
  U5133/Y (NOR2X0_RVT)                                                0.056      0.157      1.133 r
  n5269 (net)                                       2      1.883
  U6763/Y (AO21X1_RVT)                                                0.071      0.103      1.236 r
  n5714 (net)                                       2      1.593
  U5101/Y (OR2X1_RVT)                                                 0.071      0.121      1.357 r
  n5715 (net)                                       3      2.202
  placectmTdsLR_1_1404/Y (OAI221X1_LVT)                               0.061      0.148      1.505 f
  n5404 (net)                                       3      5.077
  placectmTdsLR_1_1526/Y (OA222X1_LVT)                                0.080      0.144      1.649 f
  n7259 (net)                                       2      3.188
  U6128/CO (FADDX1_RVT)                                               0.088      0.196      1.845 f
  n5892 (net)                                       2      2.594
  U4990/Y (AO22X1_LVT)                                                0.060      0.104      1.949 f
  n7389 (net)                                       3      3.425
  placectmTdsLR_1_3381/Y (OA222X1_LVT)                                0.074      0.136      2.085 f
  n9094 (net)                                       2      2.452
  U4939/Y (AO22X1_LVT)                                                0.051      0.097      2.182 f
  n7423 (net)                                       2      3.111
  U5731/CO (FADDX1_RVT)                                               0.098      0.195      2.377 f
  n5545 (net)                                       2      3.407
  U5677/CO (FADDX1_RVT)                                               0.096      0.212      2.589 f
  n5573 (net)                                       2      3.266
  U5612/CO (FADDX1_RVT)                                               0.095      0.211      2.800 f
  n5791 (net)                                       2      3.204
  U5546/CO (FADDX1_RVT)                                               0.093      0.208      3.008 f
  n5687 (net)                                       2      3.048
  U5495/CO (FADDX1_RVT)                                               0.101      0.216      3.224 f
  n5842 (net)                                       3      3.642
  placectmTdsLR_1_3324/Y (OA222X1_LVT)                                0.079      0.159      3.383 f
  n5765 (net)                                       3      3.166
  placectmTdsLR_1_1426/Y (OA222X1_LVT)                                0.081      0.190      3.573 f
  n5630 (net)                                       3      3.386
  placectmTdsLR_1_1557/Y (OA222X1_LVT)                                0.100      0.174      3.747 f
  n5921 (net)                                       4      6.043
  placectmTdsLR_1_1660/Y (AO221X1_LVT)                                0.062      0.179      3.927 f
  n4852 (net)                                       3      3.198
  placectmTdsLR_1_1798/Y (NAND3X0_LVT)                                0.056      0.058      3.984 r
  tmp_net387 (net)                                  1      0.621
  placectmTdsLR_2_1799/Y (OAI21X1_LVT)                                0.053      0.131      4.116 f
  n5171 (net)                                       3      2.741
  placectmTdsLR_2_2432/Y (AO221X1_LVT)                                0.054      0.146      4.262 f
  n4537 (net)                                       2      2.140
  placectmTdsLR_1_2536/Y (AO222X1_LVT)                                0.074      0.166      4.428 f
  n4361 (net)                                       3      5.090
  U4258/Y (XNOR2X1_RVT)                                               0.082      0.221      4.649 f
  n5306 (net)                                       2      1.950
  U5247/Y (OAI21X1_RVT)                                               0.070      0.282      4.931 r
  n5386 (net)                                       1      1.835
  U5191/Y (AO22X1_LVT)                                                0.053      0.106      5.037 r
  n2511 (net)                                       1      1.890
  reg_op1_reg_29_/D (DFFX1_RVT)                                       0.053      0.000      5.037 r
  data arrival time                                                                         5.037

  clock clk (rise edge)                                                          5.000      5.000
  clock network delay (propagated)                                               0.455      5.455
  reg_op1_reg_29_/CLK (DFFX1_RVT)                                     0.057      0.000      5.455 r
  clock uncertainty                                                             -0.050      5.405
  library setup time                                                            -0.102      5.303
  data required time                                                                        5.303
  --------------------------------------------------------------------------------------------------------
  data required time                                                                        5.303
  data arrival time                                                                        -5.037
  --------------------------------------------------------------------------------------------------------
  slack (MET)                                                                               0.266



  Startpoint: latched_store_reg (rising edge-triggered flip-flop clocked by clk)
  Endpoint: reg_next_pc_reg_29_ (rising edge-triggered flip-flop clocked by clk)
  Mode: func
  Corner: slow
  Scenario: func_slow
  Path Group: clk
  Path Type: max

  Point                                          Fanout     Cap       Trans      Incr       Path  
  --------------------------------------------------------------------------------------------------------
  clock clk (rise edge)                                                          0.000      0.000
  clock network delay (propagated)                                               0.466      0.466

  latched_store_reg/CLK (DFFX1_RVT)                                   0.065      0.000      0.466 r
  latched_store_reg/Q (DFFX1_RVT)                                     0.103      0.339      0.805 r
  latched_store (net)                               4      4.415
  U7180/Y (NAND2X4_LVT)                                               0.061      0.119      0.924 f
  n4962 (net)                                      16     18.054
  placeHFSINV_523_733/Y (INVX1_LVT)                                   0.065      0.070      0.994 r
  placeHFSNET_687 (net)                             4      3.851
  U7154/Y (AND2X4_LVT)                                                0.099      0.137      1.131 r
  n6484 (net)                                      18     21.628
  placeHFSBUF_2096_587/Y (NBUFFX4_LVT)                                0.082      0.120      1.251 r
  placeHFSNET_554 (net)                            14     16.711
  placectmTdsLR_2_2076/Y (AOI222X1_LVT)                               0.054      0.167      1.417 f
  n4891 (net)                                       3      3.559
  placeHFSINV_155_203/Y (INVX1_LVT)                                   0.038      0.042      1.459 r
  placeHFSNET_197 (net)                             1      1.074
  U6094/Y (AND2X1_LVT)                                                0.041      0.063      1.522 r
  n9081 (net)                                       1      1.589
  U5959/CO (FADDX1_LVT)                                               0.063      0.105      1.627 r
  n9065 (net)                                       1      1.703
  U5792/CO (FADDX1_LVT)                                               0.065      0.113      1.740 r
  n9060 (net)                                       1      1.873
  U5737/CO (FADDX1_LVT)                                               0.068      0.116      1.855 r
  n9047 (net)                                       1      2.083
  U5680/CO (FADDX1_LVT)                                               0.063      0.112      1.967 r
  n9043 (net)                                       1      1.674
  U5616/CO (FADDX1_LVT)                                               0.061      0.110      2.077 r
  n9039 (net)                                       1      1.646
  U4313/CO (FADDX1_LVT)                                               0.064      0.110      2.187 r
  n9014 (net)                                       1      1.693
  U4374/CO (FADDX1_RVT)                                               0.096      0.185      2.372 r
  n8998 (net)                                       1      2.018
  U4321/CO (FADDX1_LVT)                                               0.068      0.123      2.495 r
  n8994 (net)                                       1      2.125
  U4373/CO (FADDX1_LVT)                                               0.068      0.116      2.611 r
  n8990 (net)                                       1      2.086
  U4320/CO (FADDX1_LVT)                                               0.064      0.112      2.723 r
  n8986 (net)                                       1      1.712
  U4372/CO (FADDX1_LVT)                                               0.062      0.110      2.833 r
  n8971 (net)                                       1      1.584
  U4319/CO (FADDX1_LVT)                                               0.063      0.109      2.942 r
  n8966 (net)                                       1      1.606
  U4371/CO (FADDX1_LVT)                                               0.066      0.113      3.055 r
  n8953 (net)                                       1      1.915
  U4318/CO (FADDX1_LVT)                                               0.063      0.110      3.166 r
  n8938 (net)                                       1      1.625
  U4370/CO (FADDX1_LVT)                                               0.063      0.110      3.276 r
  n8934 (net)                                       1      1.629
  U4317/CO (FADDX1_LVT)                                               0.065      0.112      3.387 r
  n8929 (net)                                       1      1.784
  U4369/CO (FADDX1_LVT)                                               0.062      0.110      3.497 r
  n8925 (net)                                       1      1.573
  U4316/CO (FADDX1_LVT)                                               0.062      0.109      3.606 r
  n8922 (net)                                       1      1.595
  U5243/CO (FADDX1_LVT)                                               0.064      0.109      3.716 r
  n8904 (net)                                       1      1.608
  U4368/CO (FADDX1_LVT)                                               0.063      0.110      3.826 r
  n8880 (net)                                       1      1.634
  U4560/CO (FADDX1_LVT)                                               0.063      0.110      3.935 r
  n8876 (net)                                       1      1.611
  U4315/CO (FADDX1_LVT)                                               0.061      0.109      4.044 r
  n8873 (net)                                       1      1.557
  U4367/CO (FADDX1_LVT)                                               0.065      0.111      4.155 r
  n8869 (net)                                       1      1.758
  U4561/CO (FADDX1_LVT)                                               0.063      0.110      4.265 r
  n8866 (net)                                       1      1.573
  U4314/CO (FADDX1_LVT)                                               0.067      0.113      4.378 r
  n9087 (net)                                       1      1.934
  U4366/CO (FADDX1_LVT)                                               0.066      0.113      4.492 r
  n8855 (net)                                       1      1.831
  U4562/CO (FADDX1_LVT)                                               0.063      0.110      4.601 r
  n8852 (net)                                       1      1.550
  U4365/S (FADDX1_LVT)                                                0.060      0.160      4.761 f
  n8853 (net)                                       1      1.117
  U10806/Y (AO222X1_LVT)                                              0.042      0.083      4.844 f
  n3762 (net)                                       1      0.899
  reg_next_pc_reg_29_/RSTB (DFFSSRX1_RVT)                             0.042      0.000      4.844 f
  data arrival time                                                                         4.844

  clock clk (rise edge)                                                          5.000      5.000
  clock network delay (propagated)                                               0.375      5.375
  reg_next_pc_reg_29_/CLK (DFFSSRX1_RVT)                              0.052      0.000      5.375 r
  clock uncertainty                                                             -0.050      5.325
  library setup time                                                            -0.213      5.111
  data required time                                                                        5.112
  --------------------------------------------------------------------------------------------------------
  data required time                                                                        5.112
  data arrival time                                                                        -4.844
  --------------------------------------------------------------------------------------------------------
  slack (MET)                                                                               0.267



  Startpoint: instr_sub_reg (rising edge-triggered flip-flop clocked by clk)
  Endpoint: alu_out_q_reg_30_ (rising edge-triggered flip-flop clocked by clk)
  Mode: func
  Corner: slow
  Scenario: func_slow
  Path Group: clk
  Path Type: max

  Point                                          Fanout     Cap       Trans      Incr       Path  
  --------------------------------------------------------------------------------------------------------
  clock clk (rise edge)                                                          0.000      0.000
  clock network delay (propagated)                                               0.521      0.521

  instr_sub_reg/CLK (DFFX1_RVT)                                       0.069      0.000      0.521 r
  instr_sub_reg/Q (DFFX1_RVT)                                         0.068      0.320      0.841 f
  n5086 (net)                                       3      2.756
  placeHFSBUF_273_730/Y (NBUFFX4_LVT)                                 0.081      0.126      0.966 f
  placeHFSNET_684 (net)                            17     22.976
  U7480/Y (XOR2X1_RVT)                                                0.088      0.232      1.199 r
  n9149 (net)                                       1      1.778
  U10900/CO (FADDX1_LVT)                                              0.058      0.114      1.313 r
  n6353 (net)                                       1      1.550
  U4461/CO (FADDX1_LVT)                                               0.058      0.108      1.421 r
  n6359 (net)                                       1      1.575
  U6671/CO (FADDX1_LVT)                                               0.057      0.107      1.528 r
  n6397 (net)                                       1      1.546
  U4460/CO (FADDX1_LVT)                                               0.059      0.107      1.635 r
  n6451 (net)                                       1      1.558
  U6494/CO (FADDX1_LVT)                                               0.065      0.114      1.750 r
  n6491 (net)                                       1      2.088
  U4459/CO (FADDX1_LVT)                                               0.058      0.111      1.860 r
  n6529 (net)                                       1      1.672
  U6299/CO (FADDX1_LVT)                                               0.059      0.108      1.968 r
  n6534 (net)                                       1      1.573
  U4458/CO (FADDX1_LVT)                                               0.060      0.108      2.077 r
  n9018 (net)                                       1      1.580
  U6045/CO (FADDX1_LVT)                                               0.062      0.112      2.189 r
  n6544 (net)                                       1      1.898
  U5910/CO (FADDX1_LVT)                                               0.059      0.109      2.298 r
  n6558 (net)                                       1      1.582
  U4457/CO (FADDX1_LVT)                                               0.060      0.108      2.406 r
  n6566 (net)                                       1      1.607
  U5775/CO (FADDX1_LVT)                                               0.059      0.109      2.515 r
  n6580 (net)                                       1      1.601
  U5662/CO (FADDX1_LVT)                                               0.058      0.108      2.623 r
  n6595 (net)                                       1      1.572
  U4455/CO (FADDX1_LVT)                                               0.060      0.110      2.733 r
  n6679 (net)                                       1      1.721
  U4335/CO (FADDX1_LVT)                                               0.060      0.109      2.841 r
  n8961 (net)                                       1      1.597
  U4454/CO (FADDX1_LVT)                                               0.057      0.108      2.949 r
  n6706 (net)                                       1      1.559
  U4334/CO (FADDX1_LVT)                                               0.058      0.109      3.058 r
  n6711 (net)                                       1      1.653
  U5450/CO (FADDX1_LVT)                                               0.058      0.108      3.166 r
  n6723 (net)                                       1      1.561
  U4453/CO (FADDX1_LVT)                                               0.058      0.108      3.274 r
  n6752 (net)                                       1      1.587
  U4333/CO (FADDX1_LVT)                                               0.060      0.110      3.384 r
  n8915 (net)                                       1      1.799
  U4452/CO (FADDX1_LVT)                                               0.061      0.112      3.496 r
  n8908 (net)                                       1      1.833
  U4332/CO (FADDX1_LVT)                                               0.060      0.111      3.607 r
  n8885 (net)                                       1      1.775
  U4451/CO (FADDX1_LVT)                                               0.057      0.108      3.715 r
  n6779 (net)                                       1      1.570
  U4331/CO (FADDX1_LVT)                                               0.057      0.107      3.822 r
  n6802 (net)                                       1      1.558
  U4450/CO (FADDX1_LVT)                                               0.059      0.109      3.931 r
  n6949 (net)                                       1      1.682
  U4330/CO (FADDX1_LVT)                                               0.057      0.108      4.039 r
  n6981 (net)                                       1      1.560
  U4449/CO (FADDX1_LVT)                                               0.058      0.107      4.147 r
  n6988 (net)                                       1      1.557
  U4329/CO (FADDX1_LVT)                                               0.058      0.108      4.255 r
  n6995 (net)                                       1      1.624
  U4448/CO (FADDX1_LVT)                                               0.057      0.108      4.363 r
  n7008 (net)                                       1      1.559
  U4328/CO (FADDX1_LVT)                                               0.060      0.110      4.472 r
  n7017 (net)                                       1      1.758
  U4443/S (FADDX1_LVT)                                                0.052      0.155      4.627 f
  n7010 (net)                                       1      0.756
  U9300/Y (AOI22X1_LVT)                                               0.029      0.102      4.729 r
  n7014 (net)                                       1      0.828
  U9301/Y (NAND3X0_LVT)                                               0.070      0.053      4.782 f
  alu_out[30] (net)                                 1      0.994
  alu_out_q_reg_30_/RSTB (DFFSSRX2_RVT)                               0.070      0.000      4.782 f
  data arrival time                                                                         4.782

  clock clk (rise edge)                                                          5.000      5.000
  clock network delay (propagated)                                               0.381      5.381
  alu_out_q_reg_30_/CLK (DFFSSRX2_RVT)                                0.060      0.000      5.381 r
  clock uncertainty                                                             -0.050      5.331
  library setup time                                                            -0.234      5.097
  data required time                                                                        5.097
  --------------------------------------------------------------------------------------------------------
  data required time                                                                        5.097
  data arrival time                                                                        -4.782
  --------------------------------------------------------------------------------------------------------
  slack (MET)                                                                               0.315


1
