 
****************************************
Report : qor
Design : picorv32
Version: T-2022.03-SP5
Date   : Wed Apr  1 14:10:08 2026
****************************************


  Timing Path Group 'clk'
  -----------------------------------
  Levels of Logic:              11.00
  Critical Path Length:          4.93
  Critical Path Slack:           0.00
  Critical Path Clk Period:      5.00
  Total Negative Slack:          0.00
  No. of Violating Paths:        0.00
  Worst Hold Violation:          0.00
  Total Hold Violation:          0.00
  No. of Hold Violations:        0.00
  -----------------------------------


  Cell Count
  -----------------------------------
  Hierarchical Cell Count:          0
  Hierarchical Port Count:          0
  Leaf Cell Count:               8433
  Buf/Inv Cell Count:            1445
  Buf Cell Count:                 633
  Inv Cell Count:                 812
  CT Buf/Inv Cell Count:            0
  Combinational Cell Count:      6808
  Sequential Cell Count:         1625
  Macro Count:                      0
  -----------------------------------


  Area
  -----------------------------------
  Combinational Area:    15693.392162
  Noncombinational Area: 11202.667755
  Buf/Inv Area:           2319.826501
  Total Buffer Area:          1286.99
  Total Inverter Area:        1032.84
  Macro/Black Box Area:      0.000000
  Net Area:               7584.496877
  -----------------------------------
  Cell Area:             26896.059916
  Design Area:           34480.556794


  Design Rules
  -----------------------------------
  Total Number of Nets:          9992
  Nets With Violations:             0
  Max Trans Violations:             0
  Max Cap Violations:               0
  -----------------------------------


  Hostname: vlsilab18.gtu.edu.in

  Compile CPU Statistics
  -----------------------------------------
  Resource Sharing:                    0.00
  Logic Optimization:                  0.24
  Mapping Optimization:               11.33
  -----------------------------------------
  Overall Compile Time:               32.09
  Overall Compile Wall Clock Time:    34.25

  --------------------------------------------------------------------

  Design  WNS: 0.00  TNS: 0.00  Number of Violating Paths: 0


  Design (Hold)  WNS: 0.00  TNS: 0.00  Number of Violating Paths: 0

  --------------------------------------------------------------------


1
