[icc2-lic Thu Apr  2 15:17:38 2026] Command 'report_timing' requires licenses
[icc2-lic Thu Apr  2 15:17:38 2026] Attempting to check-out alternate set of keys directly with queueing
[icc2-lic Thu Apr  2 15:17:38 2026] Sending count request for 'ICCompilerII-8' 
[icc2-lic Thu Apr  2 15:17:38 2026] Count request for 'ICCompilerII-8' returned 1 
[icc2-lic Thu Apr  2 15:17:38 2026] Sending check-out request for 'ICCompilerII-8' (1) with wait option
[icc2-lic Thu Apr  2 15:17:38 2026] Check-out request for 'ICCompilerII-8' with wait option succeeded
[icc2-lic Thu Apr  2 15:17:38 2026] Sending checkout check request for 'ICCompilerII-8' 
[icc2-lic Thu Apr  2 15:17:38 2026] Checkout check request for 'ICCompilerII-8' returned 0 
[icc2-lic Thu Apr  2 15:17:38 2026] Sending count request for 'ICCompilerII-8' 
[icc2-lic Thu Apr  2 15:17:38 2026] Count request for 'ICCompilerII-8' returned 1 
[icc2-lic Thu Apr  2 15:17:38 2026] Sending count request for 'ICCompilerII-NX' 
[icc2-lic Thu Apr  2 15:17:38 2026] Count request for 'ICCompilerII-NX' returned 1 
[icc2-lic Thu Apr  2 15:17:38 2026] Sending check-out request for 'ICCompilerII-NX' (1) with wait option
[icc2-lic Thu Apr  2 15:17:38 2026] Check-out request for 'ICCompilerII-NX' with wait option succeeded
[icc2-lic Thu Apr  2 15:17:38 2026] Sending checkout check request for 'ICCompilerII-NX' 
[icc2-lic Thu Apr  2 15:17:38 2026] Checkout check request for 'ICCompilerII-NX' returned 0 
[icc2-lic Thu Apr  2 15:17:38 2026] Sending count request for 'ICCompilerII-NX' 
[icc2-lic Thu Apr  2 15:17:38 2026] Count request for 'ICCompilerII-NX' returned 1 
[icc2-lic Thu Apr  2 15:17:38 2026] Check-out of alternate set of keys directly with queueing was successful
Information: Freeing timing information from routing. (ZRT-574)
Information: The stitching and editing of coupling caps is turned OFF for design 'picorv32.lib:cts_done.design'. (TIM-125)
Information: Design cts_done has 8069 nets, 0 global routed, 8067 detail routed. (NEX-024)
Warning: Technology layer 'MRDL' setting 'routing-direction' is not valid (NEX-001)
Information: The RC mode used is DR for design 'picorv32'. (NEX-022)
---extraction options---
Corner: fast
 late_cap_scale                : 1
 late_res_scale                : 1
 early_cap_scale               : 1
 early_res_scale               : 1
Corner: slow
 late_cap_scale                : 1
 late_res_scale                : 1
 early_cap_scale               : 1
 early_res_scale               : 1
Global options:
 reference_direction       : use_from_tluplus
 real_metalfill_extraction : none
 virtual_shield_extraction : true
---app options---
 host.max_cores                   : 1
 extract.connect_open           : true
 extract.enable_coupling_cap    : false
Extracting design: cts_done 
Information: coupling capacitance is lumped to ground. (NEX-030)
Information: 8067 nets are successfully extracted. (NEX-028)
Warning: Advanced receiver model has not been enabled for detailed routed design. (TIM-204)
Information: Update timing completed net estimation for all the timing graph nets (TIM-111)
Information: Net estimation statistics: timing graph nets = 8067, routed nets = 8067, across physical hierarchy nets = 0, parasitics cached nets = 8067, delay annotated nets = 0, parasitics annotated nets = 0, multi-voltage nets = 0. (TIM-112)
****************************************
Report : timing
        -path_type full
        -delay_type max
        -max_paths 10
        -report_by design
        -nets
        -transition_time
        -capacitance
Design : picorv32
Version: U-2022.12-SP3
Date   : Thu Apr  2 15:17:40 2026
****************************************

  Startpoint: reg_pc_reg_1_ (rising edge-triggered flip-flop clocked by clk)
  Endpoint: reg_out_reg_31_ (rising edge-triggered flip-flop clocked by clk)
  Mode: func
  Corner: slow
  Scenario: func_slow
  Path Group: clk
  Path Type: max

  Point                                          Fanout     Cap       Trans      Incr       Path  
  --------------------------------------------------------------------------------------------------------
  clock clk (rise edge)                                                          0.000      0.000
  clock network delay (propagated)                                               0.490      0.490

  reg_pc_reg_1_/CLK (DFFSSRX1_RVT)                                    0.068      0.000      0.490 r
  reg_pc_reg_1_/Q (DFFSSRX1_RVT)                                      0.061      0.327      0.816 r
  reg_pc[1] (net)                                   1      0.979
  placeHFSBUF_173_324/Y (NBUFFX2_LVT)                                 0.086      0.098      0.915 r
  placeHFSNET_308 (net)                             6     11.353
  U8298/Y (AND2X1_LVT)                                                0.072      0.092      1.006 r
  n9073 (net)                                       3      4.022
  U8299/Y (AO222X1_LVT)                                               0.066      0.140      1.147 r
  n6154 (net)                                       1      1.689
  U8401/CO (FADDX1_LVT)                                               0.077      0.130      1.276 r
  n9051 (net)                                       3      3.428
  U6750/Y (AO222X1_LVT)                                               0.091      0.163      1.439 r
  n6443 (net)                                       2      3.763
  U6665/CO (FADDX1_LVT)                                               0.081      0.138      1.577 r
  n6203 (net)                                       2      3.670
  U4310/CO (FADDX1_LVT)                                               0.088      0.140      1.716 r
  n9027 (net)                                       2      4.137
  U4619/CO (FADDX1_LVT)                                               0.077      0.134      1.850 r
  n9002 (net)                                       3      3.349
  placectmTdsLR_1_1920/Y (AO221X1_LVT)                                0.071      0.137      1.987 r
  n7581 (net)                                       2      2.894
  U11961/CO (FADDX1_LVT)                                              0.065      0.116      2.103 r
  n6512 (net)                                       1      1.991
  U4659/CO (FADDX1_LVT)                                               0.087      0.135      2.238 r
  n6264 (net)                                       2      3.953
  U4658/CO (FADDX1_LVT)                                               0.077      0.133      2.370 r
  n8975 (net)                                       3      3.258
  placectmTdsLR_1_2527/Y (AO221X1_LVT)                                0.086      0.150      2.520 r
  n6219 (net)                                       2      4.233
  U4944/CO (FADDX1_LVT)                                               0.074      0.129      2.649 r
  n6257 (net)                                       3      2.973
  placectmTdsLR_1_1151/Y (AO221X1_LVT)                                0.076      0.141      2.790 r
  n8943 (net)                                       2      3.366
  U4397/CO (FADDX1_LVT)                                               0.061      0.113      2.903 r
  n6194 (net)                                       1      1.640
  U4456/CO (FADDX1_LVT)                                               0.074      0.122      3.024 r
  n6211 (net)                                       3      2.764
  placectmTdsLR_1_1558/Y (AO221X1_LVT)                                0.079      0.142      3.166 r
  n6497 (net)                                       2      3.467
  U11954/CO (FADDX1_LVT)                                              0.075      0.126      3.292 r
  n6232 (net)                                       2      2.821
  U4391/CO (FADDX1_LVT)                                               0.062      0.112      3.405 r
  n6282 (net)                                       1      1.604
  U4631/CO (FADDX1_LVT)                                               0.078      0.125      3.530 r
  n8898 (net)                                       3      3.083
  placectmTdsLR_1_1077/Y (AO221X1_LVT)                                0.077      0.141      3.671 r
  n6365 (net)                                       2      3.341
  U11959/CO (FADDX1_LVT)                                              0.065      0.115      3.786 r
  n6379 (net)                                       1      1.792
  U4648/CO (FADDX1_LVT)                                               0.075      0.127      3.913 r
  n6387 (net)                                       2      3.244
  U11963/CO (FADDX1_LVT)                                              0.062      0.112      4.026 r
  n6504 (net)                                       1      1.611
  U4654/CO (FADDX1_LVT)                                               0.085      0.132      4.158 r
  n8861 (net)                                       3      3.777
  placectmTdsLR_1_1698/Y (AO221X1_LVT)                                0.072      0.140      4.298 r
  n6520 (net)                                       2      3.005
  U11957/CO (FADDX1_LVT)                                              0.062      0.114      4.412 r
  n6549 (net)                                       1      1.797
  U4625/CO (FADDX2_LVT)                                               0.066      0.125      4.536 r
  n6603 (net)                                       2      3.633
  U4308/CO (FADDX1_LVT)                                               0.078      0.125      4.662 r
  n6649 (net)                                       2      3.011
  U4392/CO (FADDX1_LVT)                                               0.057      0.112      4.774 r
  n6650 (net)                                       1      1.529
  U4514/Y (XNOR2X1_LVT)                                               0.082      0.165      4.939 r
  n10888 (net)                                      1      4.196
  U4602/Y (AO21X1_LVT)                                                0.046      0.096      5.035 r
  N1908 (net)                                       1      1.331
  reg_out_reg_31_/RSTB (DFFSSRX1_RVT)                                 0.046      0.000      5.035 r
  data arrival time                                                                         5.035

  clock clk (rise edge)                                                          5.000      5.000
  clock network delay (propagated)                                               0.427      5.427
  reg_out_reg_31_/CLK (DFFSSRX1_RVT)                                  0.051      0.000      5.427 r
  clock uncertainty                                                             -0.050      5.377
  library setup time                                                            -0.234      5.143
  data required time                                                                        5.143
  --------------------------------------------------------------------------------------------------------
  data required time                                                                        5.143
  data arrival time                                                                        -5.035
  --------------------------------------------------------------------------------------------------------
  slack (MET)                                                                               0.108



  Startpoint: latched_store_reg (rising edge-triggered flip-flop clocked by clk)
  Endpoint: reg_next_pc_reg_30_ (rising edge-triggered flip-flop clocked by clk)
  Mode: func
  Corner: slow
  Scenario: func_slow
  Path Group: clk
  Path Type: max

  Point                                          Fanout     Cap       Trans      Incr       Path  
  --------------------------------------------------------------------------------------------------------
  clock clk (rise edge)                                                          0.000      0.000
  clock network delay (propagated)                                               0.490      0.490

  latched_store_reg/CLK (DFFX1_RVT)                                   0.068      0.000      0.490 r
  latched_store_reg/Q (DFFX1_RVT)                                     0.105      0.342      0.831 r
  latched_store (net)                               4      4.506
  U7180/Y (NAND2X4_LVT)                                               0.063      0.121      0.952 f
  n4962 (net)                                      16     18.952
  placeHFSINV_523_733/Y (INVX1_LVT)                                   0.068      0.073      1.025 r
  placeHFSNET_687 (net)                             4      4.101
  U7154/Y (AND2X4_LVT)                                                0.100      0.138      1.163 r
  n6484 (net)                                      18     22.149
  placeHFSBUF_2096_587/Y (NBUFFX4_LVT)                                0.083      0.121      1.284 r
  placeHFSNET_554 (net)                            14     16.908
  placectmTdsLR_2_2076/Y (AOI222X1_LVT)                               0.054      0.167      1.451 f
  n4891 (net)                                       3      3.575
  placeHFSINV_155_203/Y (INVX1_LVT)                                   0.037      0.041      1.492 r
  placeHFSNET_197 (net)                             1      1.040
  U6094/Y (AND2X1_LVT)                                                0.042      0.063      1.555 r
  n9081 (net)                                       1      1.644
  U5959/CO (FADDX1_LVT)                                               0.065      0.106      1.662 r
  n9065 (net)                                       1      1.811
  U5792/CO (FADDX1_LVT)                                               0.065      0.113      1.775 r
  n9060 (net)                                       1      1.873
  U5737/CO (FADDX1_LVT)                                               0.069      0.116      1.891 r
  n9047 (net)                                       1      2.109
  U5680/CO (FADDX1_LVT)                                               0.065      0.114      2.005 r
  n9043 (net)                                       1      1.845
  U5616/CO (FADDX1_LVT)                                               0.062      0.112      2.116 r
  n9039 (net)                                       1      1.746
  U4313/CO (FADDX1_LVT)                                               0.064      0.110      2.227 r
  n9014 (net)                                       1      1.690
  U4374/CO (FADDX1_RVT)                                               0.097      0.186      2.413 r
  n8998 (net)                                       1      2.081
  U4321/CO (FADDX1_LVT)                                               0.067      0.122      2.535 r
  n8994 (net)                                       1      2.035
  U4373/CO (FADDX1_LVT)                                               0.068      0.116      2.651 r
  n8990 (net)                                       1      2.114
  U4320/CO (FADDX1_LVT)                                               0.064      0.112      2.764 r
  n8986 (net)                                       1      1.745
  U4372/CO (FADDX1_LVT)                                               0.063      0.110      2.873 r
  n8971 (net)                                       1      1.582
  U4319/CO (FADDX1_LVT)                                               0.063      0.110      2.983 r
  n8966 (net)                                       1      1.627
  U4371/CO (FADDX1_LVT)                                               0.066      0.114      3.097 r
  n8953 (net)                                       1      1.956
  U4318/CO (FADDX1_LVT)                                               0.063      0.111      3.208 r
  n8938 (net)                                       1      1.660
  U4370/CO (FADDX1_LVT)                                               0.064      0.111      3.319 r
  n8934 (net)                                       1      1.694
  U4317/CO (FADDX1_LVT)                                               0.066      0.113      3.432 r
  n8929 (net)                                       1      1.862
  U4369/CO (FADDX1_LVT)                                               0.063      0.111      3.542 r
  n8925 (net)                                       1      1.642
  U4316/CO (FADDX1_LVT)                                               0.063      0.110      3.652 r
  n8922 (net)                                       1      1.631
  U5243/CO (FADDX1_LVT)                                               0.065      0.110      3.763 r
  n8904 (net)                                       1      1.670
  U4368/CO (FADDX1_LVT)                                               0.064      0.111      3.873 r
  n8880 (net)                                       1      1.663
  U4560/CO (FADDX1_LVT)                                               0.063      0.110      3.983 r
  n8876 (net)                                       1      1.617
  U4315/CO (FADDX1_LVT)                                               0.062      0.109      4.092 r
  n8873 (net)                                       1      1.565
  U4367/CO (FADDX1_LVT)                                               0.065      0.111      4.204 r
  n8869 (net)                                       1      1.787
  U4561/CO (FADDX1_LVT)                                               0.063      0.110      4.314 r
  n8866 (net)                                       1      1.607
  U4314/CO (FADDX1_LVT)                                               0.068      0.114      4.428 r
  n9087 (net)                                       1      2.010
  U4366/CO (FADDX1_LVT)                                               0.068      0.115      4.543 r
  n8855 (net)                                       1      1.975
  U4562/CO (FADDX1_LVT)                                               0.065      0.112      4.655 r
  n8852 (net)                                       1      1.702
  U4365/CO (FADDX1_LVT)                                               0.067      0.114      4.769 r
  n8849 (net)                                       1      1.913
  U4563/S (FADDX1_LVT)                                                0.061      0.163      4.932 f
  n8850 (net)                                       1      1.299
  U10805/Y (AO222X1_LVT)                                              0.044      0.086      5.018 f
  n3761 (net)                                       1      1.138
  reg_next_pc_reg_30_/RSTB (DFFSSRX1_RVT)                             0.044      0.000      5.018 f
  data arrival time                                                                         5.018

  clock clk (rise edge)                                                          5.000      5.000
  clock network delay (propagated)                                               0.400      5.400
  reg_next_pc_reg_30_/CLK (DFFSSRX1_RVT)                              0.053      0.000      5.400 r
  clock uncertainty                                                             -0.050      5.350
  library setup time                                                            -0.214      5.136
  data required time                                                                        5.136
  --------------------------------------------------------------------------------------------------------
  data required time                                                                        5.136
  data arrival time                                                                        -5.018
  --------------------------------------------------------------------------------------------------------
  slack (MET)                                                                               0.118



  Startpoint: reg_pc_reg_1_ (rising edge-triggered flip-flop clocked by clk)
  Endpoint: reg_out_reg_27_ (rising edge-triggered flip-flop clocked by clk)
  Mode: func
  Corner: slow
  Scenario: func_slow
  Path Group: clk
  Path Type: max

  Point                                          Fanout     Cap       Trans      Incr       Path  
  --------------------------------------------------------------------------------------------------------
  clock clk (rise edge)                                                          0.000      0.000
  clock network delay (propagated)                                               0.490      0.490

  reg_pc_reg_1_/CLK (DFFSSRX1_RVT)                                    0.068      0.000      0.490 r
  reg_pc_reg_1_/Q (DFFSSRX1_RVT)                                      0.057      0.323      0.812 f
  reg_pc[1] (net)                                   1      0.971
  placeHFSBUF_173_324/Y (NBUFFX2_LVT)                                 0.067      0.099      0.911 f
  placeHFSNET_308 (net)                             6     11.252
  U8298/Y (AND2X1_LVT)                                                0.061      0.106      1.017 f
  n9073 (net)                                       3      3.974
  U8299/Y (AO222X1_LVT)                                               0.045      0.124      1.141 f
  n6154 (net)                                       1      1.675
  U8401/CO (FADDX1_LVT)                                               0.065      0.119      1.260 f
  n9051 (net)                                       3      3.392
  U6750/Y (AO222X1_LVT)                                               0.068      0.143      1.403 f
  n6443 (net)                                       2      3.723
  U6665/CO (FADDX1_LVT)                                               0.068      0.130      1.533 f
  n6203 (net)                                       2      3.631
  U4310/CO (FADDX1_LVT)                                               0.072      0.134      1.666 f
  n9027 (net)                                       2      4.103
  U4619/CO (FADDX1_LVT)                                               0.066      0.128      1.795 f
  n9002 (net)                                       3      3.331
  placectmTdsLR_1_1920/Y (AO221X1_LVT)                                0.061      0.159      1.954 f
  n7581 (net)                                       2      2.848
  U11961/CO (FADDX1_LVT)                                              0.058      0.112      2.065 f
  n6512 (net)                                       1      1.977
  U4659/CO (FADDX1_LVT)                                               0.073      0.128      2.194 f
  n6264 (net)                                       2      3.913
  U4658/CO (FADDX1_LVT)                                               0.065      0.128      2.322 f
  n8975 (net)                                       3      3.233
  placectmTdsLR_1_2527/Y (AO221X1_LVT)                                0.070      0.170      2.491 f
  n6219 (net)                                       2      4.200
  U4944/CO (FADDX1_LVT)                                               0.062      0.124      2.616 f
  n6257 (net)                                       3      2.960
  placectmTdsLR_1_1151/Y (AO221X1_LVT)                                0.063      0.161      2.777 f
  n8943 (net)                                       2      3.321
  U4397/CO (FADDX1_LVT)                                               0.053      0.108      2.886 f
  n6194 (net)                                       1      1.626
  U4456/CO (FADDX1_LVT)                                               0.065      0.115      3.001 f
  n6211 (net)                                       3      2.715
  placectmTdsLR_1_1558/Y (AO221X1_LVT)                                0.065      0.164      3.165 f
  n6497 (net)                                       2      3.433
  U11954/CO (FADDX1_LVT)                                              0.065      0.120      3.285 f
  n6232 (net)                                       2      2.776
  U4391/CO (FADDX1_LVT)                                               0.053      0.109      3.394 f
  n6282 (net)                                       1      1.590
  U4631/CO (FADDX1_LVT)                                               0.068      0.119      3.512 f
  n8898 (net)                                       3      3.052
  placectmTdsLR_1_1077/Y (AO221X1_LVT)                                0.063      0.164      3.676 f
  n6365 (net)                                       2      3.302
  U11959/CO (FADDX1_LVT)                                              0.058      0.110      3.787 f
  n6379 (net)                                       1      1.778
  U4648/CO (FADDX1_LVT)                                               0.064      0.122      3.908 f
  n6387 (net)                                       2      3.198
  U11963/CO (FADDX1_LVT)                                              0.056      0.108      4.017 f
  n6504 (net)                                       1      1.598
  U4654/CO (FADDX1_LVT)                                               0.072      0.126      4.143 f
  n8861 (net)                                       3      3.759
  placectmTdsLR_1_1698/Y (AO221X1_LVT)                                0.060      0.163      4.306 f
  n6520 (net)                                       2      2.960
  U4263/SO (HADDX1_RVT)                                               0.064      0.218      4.524 r
  n6505 (net)                                       1      1.631
  U8792/SO (HADDX1_RVT)                                               0.116      0.243      4.767 f
  n6506 (net)                                       1      5.449
  U8793/Y (NAND2X0_LVT)                                               0.089      0.108      4.875 r
  n6510 (net)                                       1      1.343
  U5233/Y (NAND4X0_LVT)                                               0.088      0.057      4.933 f
  n6511 (net)                                       1      0.890
  U8796/Y (AO21X1_LVT)                                                0.045      0.087      5.019 f
  N1904 (net)                                       1      1.945
  reg_out_reg_27_/RSTB (DFFSSRX1_RVT)                                 0.045      0.000      5.019 f
  data arrival time                                                                         5.019

  clock clk (rise edge)                                                          5.000      5.000
  clock network delay (propagated)                                               0.427      5.427
  reg_out_reg_27_/CLK (DFFSSRX1_RVT)                                  0.051      0.000      5.427 r
  clock uncertainty                                                             -0.050      5.377
  library setup time                                                            -0.215      5.162
  data required time                                                                        5.162
  --------------------------------------------------------------------------------------------------------
  data required time                                                                        5.162
  data arrival time                                                                        -5.019
  --------------------------------------------------------------------------------------------------------
  slack (MET)                                                                               0.143



  Startpoint: reg_pc_reg_1_ (rising edge-triggered flip-flop clocked by clk)
  Endpoint: reg_out_reg_29_ (rising edge-triggered flip-flop clocked by clk)
  Mode: func
  Corner: slow
  Scenario: func_slow
  Path Group: clk
  Path Type: max

  Point                                          Fanout     Cap       Trans      Incr       Path  
  --------------------------------------------------------------------------------------------------------
  clock clk (rise edge)                                                          0.000      0.000
  clock network delay (propagated)                                               0.490      0.490

  reg_pc_reg_1_/CLK (DFFSSRX1_RVT)                                    0.068      0.000      0.490 r
  reg_pc_reg_1_/Q (DFFSSRX1_RVT)                                      0.061      0.327      0.816 r
  reg_pc[1] (net)                                   1      0.979
  placeHFSBUF_173_324/Y (NBUFFX2_LVT)                                 0.086      0.098      0.915 r
  placeHFSNET_308 (net)                             6     11.353
  U8298/Y (AND2X1_LVT)                                                0.072      0.092      1.006 r
  n9073 (net)                                       3      4.022
  U8299/Y (AO222X1_LVT)                                               0.066      0.140      1.147 r
  n6154 (net)                                       1      1.689
  U8401/CO (FADDX1_LVT)                                               0.077      0.130      1.276 r
  n9051 (net)                                       3      3.428
  U6750/Y (AO222X1_LVT)                                               0.091      0.163      1.439 r
  n6443 (net)                                       2      3.763
  U6665/CO (FADDX1_LVT)                                               0.081      0.138      1.577 r
  n6203 (net)                                       2      3.670
  U4310/CO (FADDX1_LVT)                                               0.088      0.140      1.716 r
  n9027 (net)                                       2      4.137
  U4619/CO (FADDX1_LVT)                                               0.077      0.134      1.850 r
  n9002 (net)                                       3      3.349
  placectmTdsLR_1_1920/Y (AO221X1_LVT)                                0.071      0.137      1.987 r
  n7581 (net)                                       2      2.894
  U11961/CO (FADDX1_LVT)                                              0.065      0.116      2.103 r
  n6512 (net)                                       1      1.991
  U4659/CO (FADDX1_LVT)                                               0.087      0.135      2.238 r
  n6264 (net)                                       2      3.953
  U4658/CO (FADDX1_LVT)                                               0.077      0.133      2.370 r
  n8975 (net)                                       3      3.258
  placectmTdsLR_1_2527/Y (AO221X1_LVT)                                0.086      0.150      2.520 r
  n6219 (net)                                       2      4.233
  U4944/CO (FADDX1_LVT)                                               0.074      0.129      2.649 r
  n6257 (net)                                       3      2.973
  placectmTdsLR_1_1151/Y (AO221X1_LVT)                                0.076      0.141      2.790 r
  n8943 (net)                                       2      3.366
  U4397/CO (FADDX1_LVT)                                               0.061      0.113      2.903 r
  n6194 (net)                                       1      1.640
  U4456/CO (FADDX1_LVT)                                               0.074      0.122      3.024 r
  n6211 (net)                                       3      2.764
  placectmTdsLR_1_1558/Y (AO221X1_LVT)                                0.079      0.142      3.166 r
  n6497 (net)                                       2      3.467
  U11954/CO (FADDX1_LVT)                                              0.075      0.126      3.292 r
  n6232 (net)                                       2      2.821
  U4391/CO (FADDX1_LVT)                                               0.062      0.112      3.405 r
  n6282 (net)                                       1      1.604
  U4631/CO (FADDX1_LVT)                                               0.078      0.125      3.530 r
  n8898 (net)                                       3      3.083
  placectmTdsLR_1_1077/Y (AO221X1_LVT)                                0.077      0.141      3.671 r
  n6365 (net)                                       2      3.341
  U11959/CO (FADDX1_LVT)                                              0.065      0.115      3.786 r
  n6379 (net)                                       1      1.792
  U4648/CO (FADDX1_LVT)                                               0.075      0.127      3.913 r
  n6387 (net)                                       2      3.244
  U11963/CO (FADDX1_LVT)                                              0.062      0.112      4.026 r
  n6504 (net)                                       1      1.611
  U4654/CO (FADDX1_LVT)                                               0.085      0.132      4.158 r
  n8861 (net)                                       3      3.777
  placectmTdsLR_1_1698/Y (AO221X1_LVT)                                0.072      0.140      4.298 r
  n6520 (net)                                       2      3.005
  U11957/CO (FADDX1_LVT)                                              0.062      0.114      4.412 r
  n6549 (net)                                       1      1.797
  U4625/CO (FADDX2_LVT)                                               0.066      0.125      4.536 r
  n6603 (net)                                       2      3.633
  U8821/S (FADDX1_RVT)                                                0.133      0.326      4.862 f
  n6550 (net)                                       1      5.843
  U8822/Y (NAND2X0_LVT)                                               0.102      0.125      4.987 r
  n6554 (net)                                       1      1.693
  U8826/Y (NAND4X0_LVT)                                               0.098      0.063      5.050 f
  n6555 (net)                                       1      1.094
  U8827/Y (AO21X1_LVT)                                                0.043      0.087      5.137 f
  N1906 (net)                                       1      1.620
  reg_out_reg_29_/D (DFFX1_RVT)                                       0.043      0.000      5.137 f
  data arrival time                                                                         5.137

  clock clk (rise edge)                                                          5.000      5.000
  clock network delay (propagated)                                               0.432      5.432
  reg_out_reg_29_/CLK (DFFX1_RVT)                                     0.057      0.000      5.432 r
  clock uncertainty                                                             -0.050      5.382
  library setup time                                                            -0.089      5.293
  data required time                                                                        5.293
  --------------------------------------------------------------------------------------------------------
  data required time                                                                        5.293
  data arrival time                                                                        -5.137
  --------------------------------------------------------------------------------------------------------
  slack (MET)                                                                               0.156



  Startpoint: decoded_imm_reg_0_ (rising edge-triggered flip-flop clocked by clk)
  Endpoint: reg_op1_reg_31_ (rising edge-triggered flip-flop clocked by clk)
  Mode: func
  Corner: slow
  Scenario: func_slow
  Path Group: clk
  Path Type: max

  Point                                          Fanout     Cap       Trans      Incr       Path  
  --------------------------------------------------------------------------------------------------------
  clock clk (rise edge)                                                          0.000      0.000
  clock network delay (propagated)                                               0.553      0.553

  decoded_imm_reg_0_/CLK (DFFX1_RVT)                                  0.074      0.000      0.553 r
  decoded_imm_reg_0_/QN (DFFX1_RVT)                                   0.129      0.295      0.848 f
  n9333 (net)                                       2      4.794
  U7544/Y (OR2X1_RVT)                                                 0.053      0.179      1.027 f
  n5270 (net)                                       2      1.736
  U5133/Y (NOR2X0_RVT)                                                0.055      0.156      1.183 r
  n5269 (net)                                       2      1.777
  U6763/Y (AO21X1_RVT)                                                0.073      0.104      1.286 r
  n5714 (net)                                       2      1.719
  U5101/Y (OR2X1_RVT)                                                 0.074      0.124      1.411 r
  n5715 (net)                                       3      2.404
  placectmTdsLR_1_1404/Y (OAI221X1_LVT)                               0.064      0.150      1.561 f
  n5404 (net)                                       3      5.418
  placectmTdsLR_1_1526/Y (OA222X1_LVT)                                0.080      0.145      1.707 f
  n7259 (net)                                       2      3.256
  U6128/CO (FADDX1_RVT)                                               0.090      0.199      1.905 f
  n5892 (net)                                       2      2.782
  U4990/Y (AO22X1_LVT)                                                0.057      0.103      2.008 f
  n7389 (net)                                       3      3.179
  placectmTdsLR_1_3381/Y (OA222X1_LVT)                                0.075      0.137      2.145 f
  n9094 (net)                                       2      2.659
  U4939/Y (AO22X1_LVT)                                                0.052      0.098      2.244 f
  n7423 (net)                                       2      3.254
  U5731/CO (FADDX1_RVT)                                               0.100      0.198      2.442 f
  n5545 (net)                                       2      3.573
  U5677/CO (FADDX1_RVT)                                               0.097      0.214      2.655 f
  n5573 (net)                                       2      3.315
  U5612/CO (FADDX1_RVT)                                               0.097      0.213      2.868 f
  n5791 (net)                                       2      3.315
  U5546/CO (FADDX1_RVT)                                               0.095      0.211      3.079 f
  n5687 (net)                                       2      3.213
  U5495/CO (FADDX1_RVT)                                               0.103      0.219      3.298 f
  n5842 (net)                                       3      3.813
  placectmTdsLR_1_3324/Y (OA222X1_LVT)                                0.080      0.160      3.458 f
  n5765 (net)                                       3      3.214
  placectmTdsLR_1_1426/Y (OA222X1_LVT)                                0.080      0.189      3.647 f
  n5630 (net)                                       3      3.237
  placectmTdsLR_1_1557/Y (OA222X1_LVT)                                0.103      0.177      3.824 f
  n5921 (net)                                       4      6.443
  placectmTdsLR_1_1660/Y (AO221X1_LVT)                                0.061      0.179      4.003 f
  n4852 (net)                                       3      3.036
  placectmTdsLR_1_1798/Y (NAND3X0_LVT)                                0.058      0.058      4.061 r
  tmp_net387 (net)                                  1      0.660
  placectmTdsLR_2_1799/Y (OAI21X1_LVT)                                0.053      0.132      4.193 f
  n5171 (net)                                       3      2.755
  placectmTdsLR_2_2432/Y (AO221X1_LVT)                                0.055      0.148      4.341 f
  n4537 (net)                                       2      2.378
  placectmTdsLR_1_2536/Y (AO222X1_LVT)                                0.075      0.167      4.508 f
  n4361 (net)                                       3      5.154
  placectmTdsLR_1_1039/Y (OA222X1_LVT)                                0.077      0.182      4.690 f
  n7192 (net)                                       3      2.852
  U5244/Y (NAND2X0_LVT)                                               0.089      0.093      4.783 r
  n4806 (net)                                       2      1.592
  U4864/Y (INVX0_LVT)                                                 0.047      0.025      4.808 f
  n5225 (net)                                       1      0.799
  placectmTdsLR_1_2209/Y (OA221X1_LVT)                                0.056      0.137      4.945 f
  tmp_net595 (net)                                  1      0.882
  placectmTdsLR_2_2210/Y (AO221X1_LVT)                                0.044      0.080      5.025 f
  n2509 (net)                                       1      0.865
  reg_op1_reg_31_/D (DFFX1_RVT)                                       0.044      0.000      5.025 f
  data arrival time                                                                         5.025

  clock clk (rise edge)                                                          5.000      5.000
  clock network delay (propagated)                                               0.328      5.328
  reg_op1_reg_31_/CLK (DFFX1_RVT)                                     0.072      0.000      5.328 r
  clock uncertainty                                                             -0.050      5.278
  library setup time                                                            -0.084      5.194
  data required time                                                                        5.194
  --------------------------------------------------------------------------------------------------------
  data required time                                                                        5.194
  data arrival time                                                                        -5.025
  --------------------------------------------------------------------------------------------------------
  slack (MET)                                                                               0.169



  Startpoint: reg_pc_reg_1_ (rising edge-triggered flip-flop clocked by clk)
  Endpoint: reg_out_reg_30_ (rising edge-triggered flip-flop clocked by clk)
  Mode: func
  Corner: slow
  Scenario: func_slow
  Path Group: clk
  Path Type: max

  Point                                          Fanout     Cap       Trans      Incr       Path  
  --------------------------------------------------------------------------------------------------------
  clock clk (rise edge)                                                          0.000      0.000
  clock network delay (propagated)                                               0.490      0.490

  reg_pc_reg_1_/CLK (DFFSSRX1_RVT)                                    0.068      0.000      0.490 r
  reg_pc_reg_1_/Q (DFFSSRX1_RVT)                                      0.057      0.323      0.812 f
  reg_pc[1] (net)                                   1      0.971
  placeHFSBUF_173_324/Y (NBUFFX2_LVT)                                 0.067      0.099      0.911 f
  placeHFSNET_308 (net)                             6     11.252
  U8298/Y (AND2X1_LVT)                                                0.061      0.106      1.017 f
  n9073 (net)                                       3      3.974
  U8299/Y (AO222X1_LVT)                                               0.045      0.124      1.141 f
  n6154 (net)                                       1      1.675
  U8401/CO (FADDX1_LVT)                                               0.065      0.119      1.260 f
  n9051 (net)                                       3      3.392
  U6750/Y (AO222X1_LVT)                                               0.068      0.143      1.403 f
  n6443 (net)                                       2      3.723
  U6665/CO (FADDX1_LVT)                                               0.068      0.130      1.533 f
  n6203 (net)                                       2      3.631
  U4310/CO (FADDX1_LVT)                                               0.072      0.134      1.666 f
  n9027 (net)                                       2      4.103
  U4619/CO (FADDX1_LVT)                                               0.066      0.128      1.795 f
  n9002 (net)                                       3      3.331
  placectmTdsLR_1_1920/Y (AO221X1_LVT)                                0.061      0.159      1.954 f
  n7581 (net)                                       2      2.848
  U11961/CO (FADDX1_LVT)                                              0.058      0.112      2.065 f
  n6512 (net)                                       1      1.977
  U4659/CO (FADDX1_LVT)                                               0.073      0.128      2.194 f
  n6264 (net)                                       2      3.913
  U4658/CO (FADDX1_LVT)                                               0.065      0.128      2.322 f
  n8975 (net)                                       3      3.233
  placectmTdsLR_1_2527/Y (AO221X1_LVT)                                0.070      0.170      2.491 f
  n6219 (net)                                       2      4.200
  U4944/CO (FADDX1_LVT)                                               0.062      0.124      2.616 f
  n6257 (net)                                       3      2.960
  placectmTdsLR_1_1151/Y (AO221X1_LVT)                                0.063      0.161      2.777 f
  n8943 (net)                                       2      3.321
  U4397/CO (FADDX1_LVT)                                               0.053      0.108      2.886 f
  n6194 (net)                                       1      1.626
  U4456/CO (FADDX1_LVT)                                               0.065      0.115      3.001 f
  n6211 (net)                                       3      2.715
  placectmTdsLR_1_1558/Y (AO221X1_LVT)                                0.065      0.164      3.165 f
  n6497 (net)                                       2      3.433
  U11954/CO (FADDX1_LVT)                                              0.065      0.120      3.285 f
  n6232 (net)                                       2      2.776
  U4391/CO (FADDX1_LVT)                                               0.053      0.109      3.394 f
  n6282 (net)                                       1      1.590
  U4631/CO (FADDX1_LVT)                                               0.068      0.119      3.512 f
  n8898 (net)                                       3      3.052
  placectmTdsLR_1_1077/Y (AO221X1_LVT)                                0.063      0.164      3.676 f
  n6365 (net)                                       2      3.302
  U11959/CO (FADDX1_LVT)                                              0.058      0.110      3.787 f
  n6379 (net)                                       1      1.778
  U4648/CO (FADDX1_LVT)                                               0.064      0.122      3.908 f
  n6387 (net)                                       2      3.198
  U11963/CO (FADDX1_LVT)                                              0.056      0.108      4.017 f
  n6504 (net)                                       1      1.598
  U4654/CO (FADDX1_LVT)                                               0.072      0.126      4.143 f
  n8861 (net)                                       3      3.759
  placectmTdsLR_1_1698/Y (AO221X1_LVT)                                0.060      0.163      4.306 f
  n6520 (net)                                       2      2.960
  U11957/CO (FADDX1_LVT)                                              0.056      0.109      4.415 f
  n6549 (net)                                       1      1.771
  U4625/CO (FADDX2_LVT)                                               0.060      0.120      4.535 f
  n6603 (net)                                       2      3.594
  U4308/CO (FADDX1_LVT)                                               0.068      0.121      4.656 f
  n6649 (net)                                       2      2.965
  U4467/SO (HADDX1_RVT)                                               0.061      0.220      4.876 r
  n6604 (net)                                       1      1.499
  U5231/SO (HADDX2_LVT)                                               0.064      0.151      5.027 f
  n6605 (net)                                       1      4.917
  placectmTdsLR_1_2203/Y (AO221X1_LVT)                                0.048      0.123      5.150 f
  N1907 (net)                                       1      1.400
  reg_out_reg_30_/D (DFFX1_LVT)                                       0.048      0.000      5.150 f
  data arrival time                                                                         5.150

  clock clk (rise edge)                                                          5.000      5.000
  clock network delay (propagated)                                               0.432      5.432
  reg_out_reg_30_/CLK (DFFX1_LVT)                                     0.057      0.000      5.432 r
  clock uncertainty                                                             -0.050      5.382
  library setup time                                                            -0.057      5.325
  data required time                                                                        5.325
  --------------------------------------------------------------------------------------------------------
  data required time                                                                        5.325
  data arrival time                                                                        -5.150
  --------------------------------------------------------------------------------------------------------
  slack (MET)                                                                               0.175



  Startpoint: latched_store_reg (rising edge-triggered flip-flop clocked by clk)
  Endpoint: reg_next_pc_reg_31_ (rising edge-triggered flip-flop clocked by clk)
  Mode: func
  Corner: slow
  Scenario: func_slow
  Path Group: clk
  Path Type: max

  Point                                          Fanout     Cap       Trans      Incr       Path  
  --------------------------------------------------------------------------------------------------------
  clock clk (rise edge)                                                          0.000      0.000
  clock network delay (propagated)                                               0.490      0.490

  latched_store_reg/CLK (DFFX1_RVT)                                   0.068      0.000      0.490 r
  latched_store_reg/Q (DFFX1_RVT)                                     0.105      0.342      0.831 r
  latched_store (net)                               4      4.506
  U7180/Y (NAND2X4_LVT)                                               0.063      0.121      0.952 f
  n4962 (net)                                      16     18.952
  placeHFSINV_523_733/Y (INVX1_LVT)                                   0.068      0.073      1.025 r
  placeHFSNET_687 (net)                             4      4.101
  U7154/Y (AND2X4_LVT)                                                0.100      0.138      1.163 r
  n6484 (net)                                      18     22.149
  placeHFSBUF_2096_587/Y (NBUFFX4_LVT)                                0.083      0.121      1.284 r
  placeHFSNET_554 (net)                            14     16.908
  placectmTdsLR_2_2076/Y (AOI222X1_LVT)                               0.054      0.167      1.451 f
  n4891 (net)                                       3      3.575
  placeHFSINV_155_203/Y (INVX1_LVT)                                   0.037      0.041      1.492 r
  placeHFSNET_197 (net)                             1      1.040
  U6094/Y (AND2X1_LVT)                                                0.042      0.063      1.555 r
  n9081 (net)                                       1      1.644
  U5959/CO (FADDX1_LVT)                                               0.065      0.106      1.662 r
  n9065 (net)                                       1      1.811
  U5792/CO (FADDX1_LVT)                                               0.065      0.113      1.775 r
  n9060 (net)                                       1      1.873
  U5737/CO (FADDX1_LVT)                                               0.069      0.116      1.891 r
  n9047 (net)                                       1      2.109
  U5680/CO (FADDX1_LVT)                                               0.065      0.114      2.005 r
  n9043 (net)                                       1      1.845
  U5616/CO (FADDX1_LVT)                                               0.062      0.112      2.116 r
  n9039 (net)                                       1      1.746
  U4313/CO (FADDX1_LVT)                                               0.064      0.110      2.227 r
  n9014 (net)                                       1      1.690
  U4374/CO (FADDX1_RVT)                                               0.097      0.186      2.413 r
  n8998 (net)                                       1      2.081
  U4321/CO (FADDX1_LVT)                                               0.067      0.122      2.535 r
  n8994 (net)                                       1      2.035
  U4373/CO (FADDX1_LVT)                                               0.068      0.116      2.651 r
  n8990 (net)                                       1      2.114
  U4320/CO (FADDX1_LVT)                                               0.064      0.112      2.764 r
  n8986 (net)                                       1      1.745
  U4372/CO (FADDX1_LVT)                                               0.063      0.110      2.873 r
  n8971 (net)                                       1      1.582
  U4319/CO (FADDX1_LVT)                                               0.063      0.110      2.983 r
  n8966 (net)                                       1      1.627
  U4371/CO (FADDX1_LVT)                                               0.066      0.114      3.097 r
  n8953 (net)                                       1      1.956
  U4318/CO (FADDX1_LVT)                                               0.063      0.111      3.208 r
  n8938 (net)                                       1      1.660
  U4370/CO (FADDX1_LVT)                                               0.064      0.111      3.319 r
  n8934 (net)                                       1      1.694
  U4317/CO (FADDX1_LVT)                                               0.066      0.113      3.432 r
  n8929 (net)                                       1      1.862
  U4369/CO (FADDX1_LVT)                                               0.063      0.111      3.542 r
  n8925 (net)                                       1      1.642
  U4316/CO (FADDX1_LVT)                                               0.063      0.110      3.652 r
  n8922 (net)                                       1      1.631
  U5243/CO (FADDX1_LVT)                                               0.065      0.110      3.763 r
  n8904 (net)                                       1      1.670
  U4368/CO (FADDX1_LVT)                                               0.064      0.111      3.873 r
  n8880 (net)                                       1      1.663
  U4560/CO (FADDX1_LVT)                                               0.063      0.110      3.983 r
  n8876 (net)                                       1      1.617
  U4315/CO (FADDX1_LVT)                                               0.062      0.109      4.092 r
  n8873 (net)                                       1      1.565
  U4367/CO (FADDX1_LVT)                                               0.065      0.111      4.204 r
  n8869 (net)                                       1      1.787
  U4561/CO (FADDX1_LVT)                                               0.063      0.110      4.314 r
  n8866 (net)                                       1      1.607
  U4314/CO (FADDX1_LVT)                                               0.068      0.114      4.428 r
  n9087 (net)                                       1      2.010
  U4366/CO (FADDX1_LVT)                                               0.068      0.115      4.543 r
  n8855 (net)                                       1      1.975
  U4562/CO (FADDX1_LVT)                                               0.065      0.112      4.655 r
  n8852 (net)                                       1      1.702
  U4365/CO (FADDX1_LVT)                                               0.067      0.114      4.769 r
  n8849 (net)                                       1      1.913
  U4563/CO (FADDX1_LVT)                                               0.062      0.109      4.878 r
  n8846 (net)                                       1      1.473
  U4599/Y (XOR2X1_LVT)                                                0.053      0.135      5.013 f
  n8847 (net)                                       1      0.877
  U5161/Y (AO222X1_LVT)                                               0.043      0.077      5.090 f
  n3760 (net)                                       1      0.883
  reg_next_pc_reg_31_/D (DFFX1_RVT)                                   0.043      0.000      5.090 f
  data arrival time                                                                         5.090

  clock clk (rise edge)                                                          5.000      5.000
  clock network delay (propagated)                                               0.427      5.427
  reg_next_pc_reg_31_/CLK (DFFX1_RVT)                                 0.051      0.000      5.427 r
  clock uncertainty                                                             -0.050      5.377
  library setup time                                                            -0.092      5.286
  data required time                                                                        5.286
  --------------------------------------------------------------------------------------------------------
  data required time                                                                        5.286
  data arrival time                                                                        -5.090
  --------------------------------------------------------------------------------------------------------
  slack (MET)                                                                               0.196



  Startpoint: decoded_imm_reg_0_ (rising edge-triggered flip-flop clocked by clk)
  Endpoint: reg_op1_reg_29_ (rising edge-triggered flip-flop clocked by clk)
  Mode: func
  Corner: slow
  Scenario: func_slow
  Path Group: clk
  Path Type: max

  Point                                          Fanout     Cap       Trans      Incr       Path  
  --------------------------------------------------------------------------------------------------------
  clock clk (rise edge)                                                          0.000      0.000
  clock network delay (propagated)                                               0.553      0.553

  decoded_imm_reg_0_/CLK (DFFX1_RVT)                                  0.074      0.000      0.553 r
  decoded_imm_reg_0_/QN (DFFX1_RVT)                                   0.129      0.295      0.848 f
  n9333 (net)                                       2      4.794
  U7544/Y (OR2X1_RVT)                                                 0.053      0.179      1.027 f
  n5270 (net)                                       2      1.736
  U5133/Y (NOR2X0_RVT)                                                0.055      0.156      1.183 r
  n5269 (net)                                       2      1.777
  U6763/Y (AO21X1_RVT)                                                0.073      0.104      1.286 r
  n5714 (net)                                       2      1.719
  U5101/Y (OR2X1_RVT)                                                 0.074      0.124      1.411 r
  n5715 (net)                                       3      2.404
  placectmTdsLR_1_1404/Y (OAI221X1_LVT)                               0.064      0.150      1.561 f
  n5404 (net)                                       3      5.418
  placectmTdsLR_1_1526/Y (OA222X1_LVT)                                0.080      0.145      1.707 f
  n7259 (net)                                       2      3.256
  U6128/CO (FADDX1_RVT)                                               0.090      0.199      1.905 f
  n5892 (net)                                       2      2.782
  U4990/Y (AO22X1_LVT)                                                0.057      0.103      2.008 f
  n7389 (net)                                       3      3.179
  placectmTdsLR_1_3381/Y (OA222X1_LVT)                                0.075      0.137      2.145 f
  n9094 (net)                                       2      2.659
  U4939/Y (AO22X1_LVT)                                                0.052      0.098      2.244 f
  n7423 (net)                                       2      3.254
  U5731/CO (FADDX1_RVT)                                               0.100      0.198      2.442 f
  n5545 (net)                                       2      3.573
  U5677/CO (FADDX1_RVT)                                               0.097      0.214      2.655 f
  n5573 (net)                                       2      3.315
  U5612/CO (FADDX1_RVT)                                               0.097      0.213      2.868 f
  n5791 (net)                                       2      3.315
  U5546/CO (FADDX1_RVT)                                               0.095      0.211      3.079 f
  n5687 (net)                                       2      3.213
  U5495/CO (FADDX1_RVT)                                               0.103      0.219      3.298 f
  n5842 (net)                                       3      3.813
  placectmTdsLR_1_3324/Y (OA222X1_LVT)                                0.080      0.160      3.458 f
  n5765 (net)                                       3      3.214
  placectmTdsLR_1_1426/Y (OA222X1_LVT)                                0.080      0.189      3.647 f
  n5630 (net)                                       3      3.237
  placectmTdsLR_1_1557/Y (OA222X1_LVT)                                0.103      0.177      3.824 f
  n5921 (net)                                       4      6.443
  placectmTdsLR_1_1660/Y (AO221X1_LVT)                                0.061      0.179      4.003 f
  n4852 (net)                                       3      3.036
  placectmTdsLR_1_1798/Y (NAND3X0_LVT)                                0.058      0.058      4.061 r
  tmp_net387 (net)                                  1      0.660
  placectmTdsLR_2_1799/Y (OAI21X1_LVT)                                0.053      0.132      4.193 f
  n5171 (net)                                       3      2.755
  placectmTdsLR_2_2432/Y (AO221X1_LVT)                                0.055      0.148      4.341 f
  n4537 (net)                                       2      2.378
  placectmTdsLR_1_2536/Y (AO222X1_LVT)                                0.075      0.167      4.508 f
  n4361 (net)                                       3      5.154
  U4258/Y (XNOR2X1_RVT)                                               0.082      0.223      4.731 f
  n5306 (net)                                       2      2.007
  U5247/Y (OAI21X1_RVT)                                               0.069      0.281      5.011 r
  n5386 (net)                                       1      1.728
  U5191/Y (AO22X1_LVT)                                                0.055      0.108      5.119 r
  n2511 (net)                                       1      2.059
  reg_op1_reg_29_/D (DFFX1_RVT)                                       0.055      0.000      5.119 r
  data arrival time                                                                         5.119

  clock clk (rise edge)                                                          5.000      5.000
  clock network delay (propagated)                                               0.483      5.483
  reg_op1_reg_29_/CLK (DFFX1_RVT)                                     0.058      0.000      5.483 r
  clock uncertainty                                                             -0.050      5.433
  library setup time                                                            -0.103      5.331
  data required time                                                                        5.331
  --------------------------------------------------------------------------------------------------------
  data required time                                                                        5.331
  data arrival time                                                                        -5.119
  --------------------------------------------------------------------------------------------------------
  slack (MET)                                                                               0.211



  Startpoint: latched_store_reg (rising edge-triggered flip-flop clocked by clk)
  Endpoint: reg_next_pc_reg_29_ (rising edge-triggered flip-flop clocked by clk)
  Mode: func
  Corner: slow
  Scenario: func_slow
  Path Group: clk
  Path Type: max

  Point                                          Fanout     Cap       Trans      Incr       Path  
  --------------------------------------------------------------------------------------------------------
  clock clk (rise edge)                                                          0.000      0.000
  clock network delay (propagated)                                               0.490      0.490

  latched_store_reg/CLK (DFFX1_RVT)                                   0.068      0.000      0.490 r
  latched_store_reg/Q (DFFX1_RVT)                                     0.105      0.342      0.831 r
  latched_store (net)                               4      4.506
  U7180/Y (NAND2X4_LVT)                                               0.063      0.121      0.952 f
  n4962 (net)                                      16     18.952
  placeHFSINV_523_733/Y (INVX1_LVT)                                   0.068      0.073      1.025 r
  placeHFSNET_687 (net)                             4      4.101
  U7154/Y (AND2X4_LVT)                                                0.100      0.138      1.163 r
  n6484 (net)                                      18     22.149
  placeHFSBUF_2096_587/Y (NBUFFX4_LVT)                                0.083      0.121      1.284 r
  placeHFSNET_554 (net)                            14     16.908
  placectmTdsLR_2_2076/Y (AOI222X1_LVT)                               0.054      0.167      1.451 f
  n4891 (net)                                       3      3.575
  placeHFSINV_155_203/Y (INVX1_LVT)                                   0.037      0.041      1.492 r
  placeHFSNET_197 (net)                             1      1.040
  U6094/Y (AND2X1_LVT)                                                0.042      0.063      1.555 r
  n9081 (net)                                       1      1.644
  U5959/CO (FADDX1_LVT)                                               0.065      0.106      1.662 r
  n9065 (net)                                       1      1.811
  U5792/CO (FADDX1_LVT)                                               0.065      0.113      1.775 r
  n9060 (net)                                       1      1.873
  U5737/CO (FADDX1_LVT)                                               0.069      0.116      1.891 r
  n9047 (net)                                       1      2.109
  U5680/CO (FADDX1_LVT)                                               0.065      0.114      2.005 r
  n9043 (net)                                       1      1.845
  U5616/CO (FADDX1_LVT)                                               0.062      0.112      2.116 r
  n9039 (net)                                       1      1.746
  U4313/CO (FADDX1_LVT)                                               0.064      0.110      2.227 r
  n9014 (net)                                       1      1.690
  U4374/CO (FADDX1_RVT)                                               0.097      0.186      2.413 r
  n8998 (net)                                       1      2.081
  U4321/CO (FADDX1_LVT)                                               0.067      0.122      2.535 r
  n8994 (net)                                       1      2.035
  U4373/CO (FADDX1_LVT)                                               0.068      0.116      2.651 r
  n8990 (net)                                       1      2.114
  U4320/CO (FADDX1_LVT)                                               0.064      0.112      2.764 r
  n8986 (net)                                       1      1.745
  U4372/CO (FADDX1_LVT)                                               0.063      0.110      2.873 r
  n8971 (net)                                       1      1.582
  U4319/CO (FADDX1_LVT)                                               0.063      0.110      2.983 r
  n8966 (net)                                       1      1.627
  U4371/CO (FADDX1_LVT)                                               0.066      0.114      3.097 r
  n8953 (net)                                       1      1.956
  U4318/CO (FADDX1_LVT)                                               0.063      0.111      3.208 r
  n8938 (net)                                       1      1.660
  U4370/CO (FADDX1_LVT)                                               0.064      0.111      3.319 r
  n8934 (net)                                       1      1.694
  U4317/CO (FADDX1_LVT)                                               0.066      0.113      3.432 r
  n8929 (net)                                       1      1.862
  U4369/CO (FADDX1_LVT)                                               0.063      0.111      3.542 r
  n8925 (net)                                       1      1.642
  U4316/CO (FADDX1_LVT)                                               0.063      0.110      3.652 r
  n8922 (net)                                       1      1.631
  U5243/CO (FADDX1_LVT)                                               0.065      0.110      3.763 r
  n8904 (net)                                       1      1.670
  U4368/CO (FADDX1_LVT)                                               0.064      0.111      3.873 r
  n8880 (net)                                       1      1.663
  U4560/CO (FADDX1_LVT)                                               0.063      0.110      3.983 r
  n8876 (net)                                       1      1.617
  U4315/CO (FADDX1_LVT)                                               0.062      0.109      4.092 r
  n8873 (net)                                       1      1.565
  U4367/CO (FADDX1_LVT)                                               0.065      0.111      4.204 r
  n8869 (net)                                       1      1.787
  U4561/CO (FADDX1_LVT)                                               0.063      0.110      4.314 r
  n8866 (net)                                       1      1.607
  U4314/CO (FADDX1_LVT)                                               0.068      0.114      4.428 r
  n9087 (net)                                       1      2.010
  U4366/CO (FADDX1_LVT)                                               0.068      0.115      4.543 r
  n8855 (net)                                       1      1.975
  U4562/CO (FADDX1_LVT)                                               0.065      0.112      4.655 r
  n8852 (net)                                       1      1.702
  U4365/S (FADDX1_LVT)                                                0.061      0.161      4.817 f
  n8853 (net)                                       1      1.230
  U10806/Y (AO222X1_LVT)                                              0.043      0.085      4.901 f
  n3762 (net)                                       1      0.984
  reg_next_pc_reg_29_/RSTB (DFFSSRX1_RVT)                             0.043      0.000      4.901 f
  data arrival time                                                                         4.901

  clock clk (rise edge)                                                          5.000      5.000
  clock network delay (propagated)                                               0.400      5.400
  reg_next_pc_reg_29_/CLK (DFFSSRX1_RVT)                              0.053      0.000      5.400 r
  clock uncertainty                                                             -0.050      5.350
  library setup time                                                            -0.213      5.137
  data required time                                                                        5.137
  --------------------------------------------------------------------------------------------------------
  data required time                                                                        5.137
  data arrival time                                                                        -4.901
  --------------------------------------------------------------------------------------------------------
  slack (MET)                                                                               0.235



  Startpoint: decoded_imm_reg_0_ (rising edge-triggered flip-flop clocked by clk)
  Endpoint: reg_op1_reg_28_ (rising edge-triggered flip-flop clocked by clk)
  Mode: func
  Corner: slow
  Scenario: func_slow
  Path Group: clk
  Path Type: max

  Point                                          Fanout     Cap       Trans      Incr       Path  
  --------------------------------------------------------------------------------------------------------
  clock clk (rise edge)                                                          0.000      0.000
  clock network delay (propagated)                                               0.553      0.553

  decoded_imm_reg_0_/CLK (DFFX1_RVT)                                  0.074      0.000      0.553 r
  decoded_imm_reg_0_/QN (DFFX1_RVT)                                   0.129      0.295      0.848 f
  n9333 (net)                                       2      4.794
  U7544/Y (OR2X1_RVT)                                                 0.053      0.179      1.027 f
  n5270 (net)                                       2      1.736
  U5133/Y (NOR2X0_RVT)                                                0.055      0.156      1.183 r
  n5269 (net)                                       2      1.777
  U6763/Y (AO21X1_RVT)                                                0.073      0.104      1.286 r
  n5714 (net)                                       2      1.719
  U5101/Y (OR2X1_RVT)                                                 0.074      0.124      1.411 r
  n5715 (net)                                       3      2.404
  placectmTdsLR_1_1404/Y (OAI221X1_LVT)                               0.064      0.150      1.561 f
  n5404 (net)                                       3      5.418
  placectmTdsLR_1_1526/Y (OA222X1_LVT)                                0.080      0.145      1.707 f
  n7259 (net)                                       2      3.256
  U6128/CO (FADDX1_RVT)                                               0.090      0.199      1.905 f
  n5892 (net)                                       2      2.782
  U4990/Y (AO22X1_LVT)                                                0.057      0.103      2.008 f
  n7389 (net)                                       3      3.179
  placectmTdsLR_1_3381/Y (OA222X1_LVT)                                0.075      0.137      2.145 f
  n9094 (net)                                       2      2.659
  U4939/Y (AO22X1_LVT)                                                0.052      0.098      2.244 f
  n7423 (net)                                       2      3.254
  U5731/CO (FADDX1_RVT)                                               0.100      0.198      2.442 f
  n5545 (net)                                       2      3.573
  U5677/CO (FADDX1_RVT)                                               0.097      0.214      2.655 f
  n5573 (net)                                       2      3.315
  U5612/CO (FADDX1_RVT)                                               0.097      0.213      2.868 f
  n5791 (net)                                       2      3.315
  U5546/CO (FADDX1_RVT)                                               0.095      0.211      3.079 f
  n5687 (net)                                       2      3.213
  U5495/CO (FADDX1_RVT)                                               0.103      0.219      3.298 f
  n5842 (net)                                       3      3.813
  placectmTdsLR_1_3324/Y (OA222X1_LVT)                                0.080      0.160      3.458 f
  n5765 (net)                                       3      3.214
  placectmTdsLR_1_1426/Y (OA222X1_LVT)                                0.080      0.189      3.647 f
  n5630 (net)                                       3      3.237
  placectmTdsLR_1_1557/Y (OA222X1_LVT)                                0.103      0.177      3.824 f
  n5921 (net)                                       4      6.443
  placectmTdsLR_1_1660/Y (AO221X1_LVT)                                0.061      0.179      4.003 f
  n4852 (net)                                       3      3.036
  placectmTdsLR_1_1798/Y (NAND3X0_LVT)                                0.058      0.058      4.061 r
  tmp_net387 (net)                                  1      0.660
  placectmTdsLR_2_1799/Y (OAI21X1_LVT)                                0.053      0.132      4.193 f
  n5171 (net)                                       3      2.755
  placectmTdsLR_2_2432/Y (AO221X1_LVT)                                0.055      0.148      4.341 f
  n4537 (net)                                       2      2.378
  U4273/Y (AO21X1_RVT)                                                0.058      0.108      4.449 f
  n7069 (net)                                       1      1.406
  U4868/Y (XNOR2X1_RVT)                                               0.091      0.227      4.675 r
  n7096 (net)                                       2      2.182
  U4867/Y (INVX0_RVT)                                                 0.053      0.053      4.728 f
  n7097 (net)                                       1      0.747
  U4679/Y (OAI21X1_RVT)                                               0.053      0.227      4.955 r
  n9510 (net)                                       1      0.632
  U4469/Y (AO22X1_LVT)                                                0.060      0.106      5.061 r
  n2512 (net)                                       1      1.988
  reg_op1_reg_28_/D (DFFX1_RVT)                                       0.060      0.000      5.061 r
  data arrival time                                                                         5.061

  clock clk (rise edge)                                                          5.000      5.000
  clock network delay (propagated)                                               0.483      5.483
  reg_op1_reg_28_/CLK (DFFX1_RVT)                                     0.058      0.000      5.483 r
  clock uncertainty                                                             -0.050      5.433
  library setup time                                                            -0.105      5.328
  data required time                                                                        5.328
  --------------------------------------------------------------------------------------------------------
  data required time                                                                        5.328
  data arrival time                                                                        -5.061
  --------------------------------------------------------------------------------------------------------
  slack (MET)                                                                               0.267


1
